                 U _CC_SHA256
                 U __Exit
                 U __Unwind_Resume
000000010000a784 T __Z19ggml_quantize_mat_tILx4EL9ggml_type15EEvPKfPvxx
000000010000a774 T __Z19ggml_quantize_mat_tILx4EL9ggml_type8EEvPKfPvxx
000000010000a78c T __Z19ggml_quantize_mat_tILx8EL9ggml_type15EEvPKfPvxx
000000010000a77c T __Z19ggml_quantize_mat_tILx8EL9ggml_type8EEvPKfPvxx
000000010001a6d4 T __Z35ggml_backend_cpu_repack_buffer_typev
0000000100007728 T __Z39ggml_backend_cpu_get_extra_buffer_typesv
00000001000fddac T __ZN4ggml3cpu13tensor_traitsD0Ev
00000001000fdda8 T __ZN4ggml3cpu13tensor_traitsD1Ev
0000000100036eac T __ZN4ggml3cpu13tensor_traitsD2Ev
00000001000fddb4 T __ZN4ggml3cpu17extra_buffer_typeD0Ev
00000001000fddb0 T __ZN4ggml3cpu17extra_buffer_typeD1Ev
0000000100036eb0 T __ZN4ggml3cpu17extra_buffer_typeD2Ev
000000010001a6a0 T __ZN4ggml3cpu6repack4gemmI10block_q2_KLx8ELx8EL9ggml_type15EEEviPfmPKvS7_ii
000000010001a694 T __ZN4ggml3cpu6repack4gemmI10block_q4_0Lx4ELx4EL9ggml_type8EEEviPfmPKvS7_ii
000000010001a698 T __ZN4ggml3cpu6repack4gemmI10block_q4_0Lx8ELx4EL9ggml_type8EEEviPfmPKvS7_ii
000000010001a69c T __ZN4ggml3cpu6repack4gemmI10block_q4_0Lx8ELx8EL9ggml_type8EEEviPfmPKvS7_ii
000000010001a6a4 T __ZN4ggml3cpu6repack4gemmI10block_q4_KLx4ELx8EL9ggml_type15EEEviPfmPKvS7_ii
000000010001a6a8 T __ZN4ggml3cpu6repack4gemmI10block_q4_KLx8ELx8EL9ggml_type15EEEviPfmPKvS7_ii
000000010001a6ac T __ZN4ggml3cpu6repack4gemmI10block_q5_KLx4ELx8EL9ggml_type15EEEviPfmPKvS7_ii
000000010001a6b0 T __ZN4ggml3cpu6repack4gemmI10block_q5_KLx8ELx8EL9ggml_type15EEEviPfmPKvS7_ii
000000010001a6b4 T __ZN4ggml3cpu6repack4gemmI10block_q6_KLx4ELx8EL9ggml_type15EEEviPfmPKvS7_ii
000000010001a6b8 T __ZN4ggml3cpu6repack4gemmI10block_q6_KLx8ELx8EL9ggml_type15EEEviPfmPKvS7_ii
000000010001a6cc T __ZN4ggml3cpu6repack4gemmI10block_q8_0Lx4ELx4EL9ggml_type8EEEviPfmPKvS7_ii
000000010001a6d0 T __ZN4ggml3cpu6repack4gemmI10block_q8_0Lx8ELx4EL9ggml_type8EEEviPfmPKvS7_ii
000000010001a6c4 T __ZN4ggml3cpu6repack4gemmI11block_mxfp4Lx4ELx4EL9ggml_type8EEEviPfmPKvS7_ii
000000010001a6c8 T __ZN4ggml3cpu6repack4gemmI11block_mxfp4Lx8ELx8EL9ggml_type8EEEviPfmPKvS7_ii
000000010001a6bc T __ZN4ggml3cpu6repack4gemmI12block_iq4_nlLx4ELx4EL9ggml_type8EEEviPfmPKvS7_ii
000000010001a6c0 T __ZN4ggml3cpu6repack4gemmI12block_iq4_nlLx8ELx8EL9ggml_type8EEEviPfmPKvS7_ii
000000010001a660 T __ZN4ggml3cpu6repack4gemvI10block_q2_KLx8ELx8EL9ggml_type15EEEviPfmPKvS7_ii
000000010001a654 T __ZN4ggml3cpu6repack4gemvI10block_q4_0Lx4ELx4EL9ggml_type8EEEviPfmPKvS7_ii
000000010001a658 T __ZN4ggml3cpu6repack4gemvI10block_q4_0Lx8ELx4EL9ggml_type8EEEviPfmPKvS7_ii
000000010001a65c T __ZN4ggml3cpu6repack4gemvI10block_q4_0Lx8ELx8EL9ggml_type8EEEviPfmPKvS7_ii
000000010001a664 T __ZN4ggml3cpu6repack4gemvI10block_q4_KLx4ELx8EL9ggml_type15EEEviPfmPKvS7_ii
000000010001a668 T __ZN4ggml3cpu6repack4gemvI10block_q4_KLx8ELx8EL9ggml_type15EEEviPfmPKvS7_ii
000000010001a66c T __ZN4ggml3cpu6repack4gemvI10block_q5_KLx4ELx8EL9ggml_type15EEEviPfmPKvS7_ii
000000010001a670 T __ZN4ggml3cpu6repack4gemvI10block_q5_KLx8ELx8EL9ggml_type15EEEviPfmPKvS7_ii
000000010001a674 T __ZN4ggml3cpu6repack4gemvI10block_q6_KLx4ELx8EL9ggml_type15EEEviPfmPKvS7_ii
000000010001a678 T __ZN4ggml3cpu6repack4gemvI10block_q6_KLx8ELx8EL9ggml_type15EEEviPfmPKvS7_ii
000000010001a68c T __ZN4ggml3cpu6repack4gemvI10block_q8_0Lx4ELx4EL9ggml_type8EEEviPfmPKvS7_ii
000000010001a690 T __ZN4ggml3cpu6repack4gemvI10block_q8_0Lx8ELx4EL9ggml_type8EEEviPfmPKvS7_ii
000000010001a684 T __ZN4ggml3cpu6repack4gemvI11block_mxfp4Lx4ELx4EL9ggml_type8EEEviPfmPKvS7_ii
000000010001a688 T __ZN4ggml3cpu6repack4gemvI11block_mxfp4Lx8ELx8EL9ggml_type8EEEviPfmPKvS7_ii
000000010001a67c T __ZN4ggml3cpu6repack4gemvI12block_iq4_nlLx4ELx4EL9ggml_type8EEEviPfmPKvS7_ii
000000010001a680 T __ZN4ggml3cpu6repack4gemvI12block_iq4_nlLx8ELx8EL9ggml_type8EEEviPfmPKvS7_ii
00000001000181c0 T __ZN4ggml3cpu6repack6repackI10block_q2_KLx8ELx8EEEiP11ggml_tensorPKvm
0000000100016fec T __ZN4ggml3cpu6repack6repackI10block_q4_0Lx4ELx4EEEiP11ggml_tensorPKvm
0000000100017480 T __ZN4ggml3cpu6repack6repackI10block_q4_0Lx8ELx4EEEiP11ggml_tensorPKvm
0000000100017490 T __ZN4ggml3cpu6repack6repackI10block_q4_0Lx8ELx8EEEiP11ggml_tensorPKvm
00000001000181b0 T __ZN4ggml3cpu6repack6repackI10block_q4_KLx4ELx8EEEiP11ggml_tensorPKvm
0000000100017724 T __ZN4ggml3cpu6repack6repackI10block_q4_KLx8ELx8EEEiP11ggml_tensorPKvm
0000000100018654 T __ZN4ggml3cpu6repack6repackI10block_q5_KLx4ELx8EEEiP11ggml_tensorPKvm
0000000100019180 T __ZN4ggml3cpu6repack6repackI10block_q5_KLx8ELx8EEEiP11ggml_tensorPKvm
0000000100019190 T __ZN4ggml3cpu6repack6repackI10block_q6_KLx4ELx8EEEiP11ggml_tensorPKvm
0000000100019b1c T __ZN4ggml3cpu6repack6repackI10block_q6_KLx8ELx8EEEiP11ggml_tensorPKvm
000000010001a328 T __ZN4ggml3cpu6repack6repackI10block_q8_0Lx4ELx4EEEiP11ggml_tensorPKvm
000000010001a644 T __ZN4ggml3cpu6repack6repackI10block_q8_0Lx8ELx4EEEiP11ggml_tensorPKvm
0000000100019f38 T __ZN4ggml3cpu6repack6repackI11block_mxfp4Lx4ELx4EEEiP11ggml_tensorPKvm
000000010001a0e8 T __ZN4ggml3cpu6repack6repackI11block_mxfp4Lx8ELx8EEEiP11ggml_tensorPKvm
0000000100019b2c T __ZN4ggml3cpu6repack6repackI12block_iq4_nlLx4ELx4EEEiP11ggml_tensorPKvm
0000000100019ce8 T __ZN4ggml3cpu6repack6repackI12block_iq4_nlLx8ELx8EEEiP11ggml_tensorPKvm
                 U __ZNSt11logic_errorC2EPKc
                 U __ZNSt12length_errorD1Ev
                 U __ZNSt20bad_array_new_lengthC1Ev
                 U __ZNSt20bad_array_new_lengthD1Ev
                 U __ZNSt3__112__next_primeEm
                 U __ZNSt3__112basic_stringIcNS_11char_traitsIcEENS_9allocatorIcEEE6appendEPKc
                 U __ZNSt3__112basic_stringIcNS_11char_traitsIcEENS_9allocatorIcEEE6appendEPKcm
                 U __ZNSt3__112basic_stringIcNS_11char_traitsIcEENS_9allocatorIcEEE6assignEPKc
                 U __ZNSt3__112basic_stringIcNS_11char_traitsIcEENS_9allocatorIcEEE6resizeEmc
                 U __ZNSt3__112basic_stringIcNS_11char_traitsIcEENS_9allocatorIcEEED1Ev
000000010011dde8 S __ZNSt3__119piecewise_constructE
                 U __ZNSt3__15mutex4lockEv
                 U __ZNSt3__15mutex6unlockEv
                 U __ZNSt3__15mutexD1Ev
                 U __ZNSt3__19to_stringEi
                 U __ZNSt3__19to_stringEj
                 U __ZNSt3__19to_stringEx
                 U __ZSt9terminatev
0000000100134d78 S __ZTIN4ggml3cpu13tensor_traitsE
0000000100134db8 S __ZTIN4ggml3cpu17extra_buffer_typeE
                 U __ZTISt12length_error
                 U __ZTISt20bad_array_new_length
0000000100114018 S __ZTSN4ggml3cpu13tensor_traitsE
0000000100114033 S __ZTSN4ggml3cpu17extra_buffer_typeE
                 U __ZTVN10__cxxabiv117__class_type_infoE
                 U __ZTVN10__cxxabiv120__si_class_type_infoE
                 U __ZTVN10__cxxabiv121__vmi_class_type_infoE
0000000100134d48 S __ZTVN4ggml3cpu13tensor_traitsE
0000000100134d88 S __ZTVN4ggml3cpu17extra_buffer_typeE
                 U __ZTVSt12length_error
                 U __ZdaPv
                 U __ZdlPv
                 U __Znam
                 U __Znwm
                 U ___chkstk_darwin
                 U ___cxa_allocate_exception
                 U ___cxa_atexit
                 U ___cxa_begin_catch
                 U ___cxa_free_exception
                 U ___cxa_guard_abort
                 U ___cxa_guard_acquire
                 U ___cxa_guard_release
                 U ___cxa_pure_virtual
                 U ___cxa_throw
                 U ___error
                 U ___gxx_personality_v0
                 U ___sincosf_stret
                 U ___stack_chk_fail
                 U ___stack_chk_guard
                 U ___stderrp
                 U ___stdoutp
0000000100000000 T __mh_execute_header
                 U _abort
                 U _atoi
                 U _backtrace
                 U _backtrace_symbols_fd
                 U _bzero
                 U _calloc
                 U _clock
                 U _clock_gettime
                 U _close
                 U _cosf
00000001000ec0b8 T _dequantize_row_iq1_m
00000001000ebef4 T _dequantize_row_iq1_s
00000001000eb138 T _dequantize_row_iq2_s
00000001000eac98 T _dequantize_row_iq2_xs
00000001000ea934 T _dequantize_row_iq2_xxs
00000001000eb83c T _dequantize_row_iq3_s
00000001000eb4c0 T _dequantize_row_iq3_xxs
00000001000ec304 T _dequantize_row_iq4_nl
00000001000ec708 T _dequantize_row_iq4_xs
00000001000d62e4 T _dequantize_row_mxfp4
00000001000d66c4 T _dequantize_row_nvfp4
00000001000d4f80 T _dequantize_row_q1_0
00000001000d52a0 T _dequantize_row_q2_0
00000001000d76e8 T _dequantize_row_q2_K
00000001000d9780 T _dequantize_row_q3_K
00000001000d5594 T _dequantize_row_q4_0
00000001000d5c10 T _dequantize_row_q4_1
00000001000dc73c T _dequantize_row_q4_K
00000001000d5da0 T _dequantize_row_q5_0
00000001000d5f98 T _dequantize_row_q5_1
00000001000dfe60 T _dequantize_row_q5_K
00000001000e299c T _dequantize_row_q6_K
00000001000d61d8 T _dequantize_row_q8_0
00000001000ed2ec T _dequantize_row_q8_K
00000001000e92f0 T _dequantize_row_tq1_0
00000001000e9f6c T _dequantize_row_tq2_0
                 U _erff
                 U _execlp
                 U _exit
                 U _exp2f
                 U _expf
                 U _expm1f
                 U _fclose
                 U _fflush
                 U _fopen$DARWIN_EXTSN
                 U _fork
                 U _fprintf
                 U _fputc
                 U _fputs
                 U _free
                 U _fstat
                 U _fwrite
                 U _getenv
                 U _getpid
                 U _getuid
00000001000fddb8 T _ggml_abort
00000001000a8288 T _ggml_abs
00000001000a8308 T _ggml_abs_inplace
00000001000a6f60 T _ggml_acc
00000001000a7104 T _ggml_acc_inplace
00000001000a6b6c T _ggml_add
00000001000a6e34 T _ggml_add1
00000001000a6f58 T _ggml_add1_inplace
00000001000a6ca0 T _ggml_add_cast
00000001000a6d94 T _ggml_add_id
00000001000a6c98 T _ggml_add_inplace
00000001000b0148 T _ggml_add_rel_pos
00000001000b03f4 T _ggml_add_rel_pos_inplace
00000001000a4ccc T _ggml_aligned_free
00000001000a4bf8 T _ggml_aligned_malloc
00000001000af6bc T _ggml_arange
00000001000a5ea4 T _ggml_are_same_shape
00000001000a5ef0 T _ggml_are_same_stride
00000001000a7dbc T _ggml_argmax
00000001000af4a8 T _ggml_argsort
00000001000af500 T _ggml_argsort_top_k
000000010014b0d0 S _ggml_arm_arch_features
00000001000bb14c T _ggml_backend_alloc_buffer
00000001000b96fc T _ggml_backend_alloc_ctx_tensors
00000001000b9698 T _ggml_backend_alloc_ctx_tensors_from_buft
00000001000b93a4 T _ggml_backend_alloc_ctx_tensors_from_buft_size
00000001000babf8 T _ggml_backend_buffer_clear
00000001000bb040 T _ggml_backend_buffer_copy_tensor
00000001000baa98 T _ggml_backend_buffer_free
00000001000bac40 T _ggml_backend_buffer_get_alignment
00000001000bad34 T _ggml_backend_buffer_get_alloc_size
00000001000bab08 T _ggml_backend_buffer_get_base
00000001000bacb0 T _ggml_backend_buffer_get_max_size
00000001000baacc T _ggml_backend_buffer_get_size
00000001000baa5c T _ggml_backend_buffer_get_type
00000001000bafc0 T _ggml_backend_buffer_get_usage
00000001000ba770 T _ggml_backend_buffer_init
00000001000babb0 T _ggml_backend_buffer_init_tensor
00000001000bad70 T _ggml_backend_buffer_is_host
00000001000c4418 T _ggml_backend_buffer_is_meta
00000001000baeb8 T _ggml_backend_buffer_is_multi_buffer
00000001000ba9ec T _ggml_backend_buffer_name
00000001000baffc T _ggml_backend_buffer_reset
00000001000badf4 T _ggml_backend_buffer_set_usage
00000001000ba6e8 T _ggml_backend_buft_alloc_buffer
00000001000ba7d0 T _ggml_backend_buft_get_alignment
00000001000ba854 T _ggml_backend_buft_get_alloc_size
00000001000ba9b0 T _ggml_backend_buft_get_device
00000001000ba80c T _ggml_backend_buft_get_max_size
00000001000ba968 T _ggml_backend_buft_is_host
00000001000c43fc T _ggml_backend_buft_is_meta
00000001000ba6ac T _ggml_backend_buft_name
00000001000c2e14 T _ggml_backend_compare_graph_backend
00000001000c3210 T _ggml_backend_cpu_buffer_from_ptr
00000001000c313c T _ggml_backend_cpu_buffer_type
0000000100007890 T _ggml_backend_cpu_init
0000000100007950 T _ggml_backend_cpu_reg
0000000100007a70 T _ggml_backend_cpu_set_abort_callback
0000000100007984 T _ggml_backend_cpu_set_n_threads
00000001000079f0 T _ggml_backend_cpu_set_threadpool
0000000100007ae8 T _ggml_backend_cpu_set_use_ref
00000001000bce48 T _ggml_backend_dev_backend_reg
00000001000bcf08 T _ggml_backend_dev_buffer_from_host_ptr
00000001000bb110 T _ggml_backend_dev_buffer_type
00000001000bcd48 T _ggml_backend_dev_description
00000001000bcdfc T _ggml_backend_dev_get_props
00000001000bcec0 T _ggml_backend_dev_host_buffer_type
00000001000bce84 T _ggml_backend_dev_init
00000001000bcd84 T _ggml_backend_dev_memory
00000001000bcd0c T _ggml_backend_dev_name
00000001000bc710 T _ggml_backend_dev_offload_op
00000001000bc650 T _ggml_backend_dev_supports_buft
00000001000bc5a4 T _ggml_backend_dev_supports_op
00000001000bcdc0 T _ggml_backend_dev_type
00000001000bcb9c T _ggml_backend_event_free
00000001000bcb84 T _ggml_backend_event_new
00000001000bcbb4 T _ggml_backend_event_record
00000001000bcc2c T _ggml_backend_event_synchronize
00000001000bcca0 T _ggml_backend_event_wait
00000001000bb090 T _ggml_backend_free
00000001000bb238 T _ggml_backend_get_alignment
00000001000bb0a0 T _ggml_backend_get_default_buffer_type
00000001000bc758 T _ggml_backend_get_device
00000001000bb2d8 T _ggml_backend_get_max_size
00000001000bc48c T _ggml_backend_graph_compute
00000001000bc4f8 T _ggml_backend_graph_compute_async
00000001000c2544 T _ggml_backend_graph_copy
00000001000c2dcc T _ggml_backend_graph_copy_free
00000001000bc420 T _ggml_backend_graph_plan_compute
00000001000bc348 T _ggml_backend_graph_plan_create
00000001000bc3b4 T _ggml_backend_graph_plan_free
00000001000bb06c T _ggml_backend_guid
000000010000796c T _ggml_backend_is_cpu
00000001000c5714 T _ggml_backend_is_meta
00000001000c44dc T _ggml_backend_meta_alloc_ctx_tensors_from_buft
00000001000c4434 T _ggml_backend_meta_buffer_set_usage
00000001000c3ec4 T _ggml_backend_meta_device
00000001000c5730 T _ggml_backend_meta_n_backends
00000001000c5798 T _ggml_backend_meta_simple_backend
00000001000c3df0 T _ggml_backend_meta_split_axis_name
00000001000bd040 T _ggml_backend_multi_buffer_alloc_buffer
00000001000baf04 T _ggml_backend_multi_buffer_set_usage
00000001000bb078 T _ggml_backend_name
00000001000bc68c T _ggml_backend_offload_op
00000001000bcf80 T _ggml_backend_reg_dev_count
00000001000bcfbc T _ggml_backend_reg_dev_get
00000001000bcff8 T _ggml_backend_reg_get_proc_address
00000001000bcf44 T _ggml_backend_reg_name
00000001000c0b7c T _ggml_backend_sched_alloc_graph
00000001000c065c T _ggml_backend_sched_free
00000001000c1e28 T _ggml_backend_sched_get_backend
00000001000c1f44 T _ggml_backend_sched_get_buffer_size
00000001000c1ea4 T _ggml_backend_sched_get_buffer_type
00000001000c1dec T _ggml_backend_sched_get_n_backends
00000001000c1db0 T _ggml_backend_sched_get_n_copies
00000001000c1d74 T _ggml_backend_sched_get_n_splits
00000001000c2100 T _ggml_backend_sched_get_tensor_backend
00000001000c0e2c T _ggml_backend_sched_graph_compute
00000001000c0efc T _ggml_backend_sched_graph_compute_async
00000001000c00d8 T _ggml_backend_sched_new
00000001000c0a04 T _ggml_backend_sched_reserve
00000001000c07a0 T _ggml_backend_sched_reserve_size
00000001000c05c0 T _ggml_backend_sched_reset
00000001000c1d34 T _ggml_backend_sched_set_eval_callback
00000001000c1fe4 T _ggml_backend_sched_set_tensor_backend
00000001000bd1e8 T _ggml_backend_sched_split_graph
00000001000c0940 T _ggml_backend_sched_synchronize
00000001000bc5e0 T _ggml_backend_supports_buft
00000001000bc534 T _ggml_backend_supports_op
00000001000bb568 T _ggml_backend_synchronize
00000001000c22fc T _ggml_backend_tensor_alloc
00000001000bc794 T _ggml_backend_tensor_copy
00000001000bc9e4 T _ggml_backend_tensor_copy_async
00000001000bb8c0 T _ggml_backend_tensor_get
00000001000bbf94 T _ggml_backend_tensor_get_2d
00000001000bbb9c T _ggml_backend_tensor_get_2d_async
00000001000bb6e4 T _ggml_backend_tensor_get_async
00000001000bc1e8 T _ggml_backend_tensor_memset
00000001000bb5ac T _ggml_backend_tensor_set
00000001000bbd40 T _ggml_backend_tensor_set_2d
00000001000bb9f8 T _ggml_backend_tensor_set_2d_async
00000001000bb38c T _ggml_backend_tensor_set_async
00000001000c21e0 T _ggml_backend_view_init
00000001000016f0 T _ggml_barrier
00000001000a4dd4 T _ggml_bf16_to_fp32
00000001000a50d4 T _ggml_bf16_to_fp32_row
00000001000a5628 T _ggml_blck_size
00000001000b2970 T _ggml_build_backward_expand
00000001000b28c0 T _ggml_build_forward_expand
00000001000b2918 T _ggml_build_forward_order
00000001000b280c T _ggml_build_forward_select
00000001000b5890 T _ggml_can_fuse_subgraph_ext
00000001000a5f4c T _ggml_can_repeat
00000001000ab504 T _ggml_cast
00000001000a9680 T _ggml_ceil
00000001000a9700 T _ggml_ceil_inplace
00000001000ac948 T _ggml_clamp
00000001000ac9a4 T _ggml_clamp_inplace
00000001000ad810 T _ggml_col2im_1d
00000001000a53b0 T _ggml_commit
0000000100043b1c T _ggml_compute_forward_abs
0000000100065e9c T _ggml_compute_forward_acc
00000001000634bc T _ggml_compute_forward_add
00000001000644f0 T _ggml_compute_forward_add1
0000000100063eec T _ggml_compute_forward_add_id
0000000100036ff0 T _ggml_compute_forward_add_non_quantized
000000010008db50 T _ggml_compute_forward_add_rel_pos
0000000100082b84 T _ggml_compute_forward_arange
000000010006732c T _ggml_compute_forward_argmax
0000000100082f88 T _ggml_compute_forward_argsort
000000010005507c T _ggml_compute_forward_ceil
000000010007502c T _ggml_compute_forward_clamp
000000010007a9bc T _ggml_compute_forward_col2im_1d
0000000100068e10 T _ggml_compute_forward_concat
0000000100072520 T _ggml_compute_forward_cont
000000010007aedc T _ggml_compute_forward_conv_2d
000000010007e1f4 T _ggml_compute_forward_conv_2d_dw
000000010007bad4 T _ggml_compute_forward_conv_3d
0000000100078244 T _ggml_compute_forward_conv_transpose_1d
000000010007ca9c T _ggml_compute_forward_conv_transpose_2d
0000000100050630 T _ggml_compute_forward_cos
0000000100067440 T _ggml_compute_forward_count_equal
000000010007251c T _ggml_compute_forward_cpy
0000000100091e38 T _ggml_compute_forward_cross_entropy_loss
00000001000923e8 T _ggml_compute_forward_cross_entropy_loss_back
0000000100066b70 T _ggml_compute_forward_cumsum
0000000100091e20 T _ggml_compute_forward_custom
0000000100073b84 T _ggml_compute_forward_diag
0000000100073f88 T _ggml_compute_forward_diag_mask_inf
00000001000741f8 T _ggml_compute_forward_diag_mask_zero
0000000100040770 T _ggml_compute_forward_div
000000010009093c T _ggml_compute_forward_dsv4_hc_comb
0000000100091570 T _ggml_compute_forward_dsv4_hc_post
00000001000912b4 T _ggml_compute_forward_dsv4_hc_pre
0000000100059ab4 T _ggml_compute_forward_dup
0000000100048494 T _ggml_compute_forward_elu
000000010004bad0 T _ggml_compute_forward_exp
00000001000526c8 T _ggml_compute_forward_expm1
000000010006a668 T _ggml_compute_forward_fill
0000000100085ee0 T _ggml_compute_forward_flash_attn_back
0000000100083a04 T _ggml_compute_forward_flash_attn_ext
00000001000542d0 T _ggml_compute_forward_floor
0000000100093358 T _ggml_compute_forward_fwht
000000010008fbd8 T _ggml_compute_forward_gated_delta_net
000000010008d850 T _ggml_compute_forward_get_rel_pos
0000000100072524 T _ggml_compute_forward_get_rows
0000000100073614 T _ggml_compute_forward_get_rows_back
000000010008ea54 T _ggml_compute_forward_gla
000000010008aa2c T _ggml_compute_forward_glu
000000010006d34c T _ggml_compute_forward_group_norm
000000010004abf0 T _ggml_compute_forward_hardsigmoid
000000010004cb1c T _ggml_compute_forward_hardswish
0000000100078fd4 T _ggml_compute_forward_im2col
0000000100079f14 T _ggml_compute_forward_im2col_3d
00000001000799a8 T _ggml_compute_forward_im2col_back_f32
000000010006dff4 T _ggml_compute_forward_l2_norm
000000010006acc0 T _ggml_compute_forward_leaky_relu
0000000100093990 T _ggml_compute_forward_lightning_indexer
000000010005167c T _ggml_compute_forward_log
0000000100091dc4 T _ggml_compute_forward_map_custom1
0000000100091de0 T _ggml_compute_forward_map_custom2
0000000100091e00 T _ggml_compute_forward_map_custom3
00000001000671c0 T _ggml_compute_forward_mean
000000010003d478 T _ggml_compute_forward_mul
00000001000033d4 T _ggml_compute_forward_mul_mat
000000010002de24 T _ggml_compute_forward_mul_mat_id_iqp
000000010002f8f8 T _ggml_compute_forward_mul_mat_iqp
0000000100045850 T _ggml_compute_forward_neg
000000010006ba40 T _ggml_compute_forward_norm
00000001000928a0 T _ggml_compute_forward_opt_step_adamw
0000000100092da8 T _ggml_compute_forward_opt_step_sgd
000000010006eaa0 T _ggml_compute_forward_out_prod
0000000100080648 T _ggml_compute_forward_pad
0000000100080e48 T _ggml_compute_forward_pad_reflect_1d
000000010007ecdc T _ggml_compute_forward_pool_1d
000000010007ef94 T _ggml_compute_forward_pool_2d
000000010007f78c T _ggml_compute_forward_pool_2d_back
0000000100048cc8 T _ggml_compute_forward_relu
0000000100067b5c T _ggml_compute_forward_repeat
0000000100068684 T _ggml_compute_forward_repeat_back
000000010006bf54 T _ggml_compute_forward_rms_norm
000000010006cc74 T _ggml_compute_forward_rms_norm_back
000000010006c5b8 T _ggml_compute_forward_rms_norm_mul_fused
000000010008274c T _ggml_compute_forward_roll
00000001000756c4 T _ggml_compute_forward_rope
0000000100078200 T _ggml_compute_forward_rope_back
0000000100055e28 T _ggml_compute_forward_round
000000010008deb8 T _ggml_compute_forward_rwkv_wkv6
00000001000919b4 T _ggml_compute_forward_rwkv_wkv7
0000000100071a48 T _ggml_compute_forward_scale
0000000100071c54 T _ggml_compute_forward_set
0000000100072cd0 T _ggml_compute_forward_set_rows
000000010004489c T _ggml_compute_forward_sgn
0000000100049a98 T _ggml_compute_forward_sigmoid
000000010006b2e0 T _ggml_compute_forward_silu_back
000000010004f5e4 T _ggml_compute_forward_sin
000000010007422c T _ggml_compute_forward_soft_max
0000000100074a18 T _ggml_compute_forward_soft_max_ext_back
00000001000537b4 T _ggml_compute_forward_softplus
000000010008f6a0 T _ggml_compute_forward_solve_tri
000000010004da3c T _ggml_compute_forward_sqr
000000010004e824 T _ggml_compute_forward_sqrt
0000000100087294 T _ggml_compute_forward_ssm_conv
0000000100087718 T _ggml_compute_forward_ssm_scan
000000010004662c T _ggml_compute_forward_step
000000010003a234 T _ggml_compute_forward_sub
0000000100066210 T _ggml_compute_forward_sum
0000000100066f34 T _ggml_compute_forward_sum_rows
0000000100047448 T _ggml_compute_forward_tanh
0000000100082d44 T _ggml_compute_forward_timestep_embedding
00000001000833a0 T _ggml_compute_forward_top_k
000000010006aae0 T _ggml_compute_forward_tri
0000000100056bd4 T _ggml_compute_forward_trunc
000000010008971c T _ggml_compute_forward_unary
000000010007fc04 T _ggml_compute_forward_upscale
0000000100088e40 T _ggml_compute_forward_win_part
000000010008946c T _ggml_compute_forward_win_unpart
0000000100057980 T _ggml_compute_forward_xielu
00000001000a8134 T _ggml_concat
00000001000ab560 T _ggml_cont
00000001000ab5bc T _ggml_cont_1d
00000001000ab734 T _ggml_cont_2d
00000001000ab7f0 T _ggml_cont_3d
00000001000ab678 T _ggml_cont_4d
00000001000ad520 T _ggml_conv_1d
00000001000ad690 T _ggml_conv_1d_dw
00000001000ad74c T _ggml_conv_1d_dw_ph
00000001000ad5d4 T _ggml_conv_1d_ph
00000001000adaa0 T _ggml_conv_2d
00000001000ae370 T _ggml_conv_2d_direct
00000001000ae078 T _ggml_conv_2d_dw
00000001000ae1b0 T _ggml_conv_2d_dw_direct
00000001000ae034 T _ggml_conv_2d_s1_ph
00000001000adffc T _ggml_conv_2d_sk_p0
00000001000addf4 T _ggml_conv_3d
00000001000ae4a0 T _ggml_conv_3d_direct
00000001000ad990 T _ggml_conv_transpose_1d
00000001000ae65c T _ggml_conv_transpose_2d_p0
00000001000a7b4c T _ggml_cos
00000001000a7b8c T _ggml_cos_inplace
00000001000a7e3c T _ggml_count_equal
00000001000066d4 T _ggml_cpu_bf16_to_fp32
0000000100036eb4 T _ggml_cpu_extra_compute_forward
0000000100036f48 T _ggml_cpu_extra_work_size
0000000100006448 T _ggml_cpu_fp16_to_fp32
0000000100006528 T _ggml_cpu_fp32_to_bf16
00000001000062ac T _ggml_cpu_fp32_to_fp16
0000000100006298 T _ggml_cpu_fp32_to_fp32
0000000100006608 T _ggml_cpu_fp32_to_i32
000000010000682c T _ggml_cpu_get_rvv_vlen
0000000100006894 T _ggml_cpu_get_sve_cnt
0000000100006804 T _ggml_cpu_has_amx_int8
000000010000681c T _ggml_cpu_has_arm_fma
00000001000067cc T _ggml_cpu_has_avx
00000001000067dc T _ggml_cpu_has_avx2
00000001000067e4 T _ggml_cpu_has_avx512
00000001000067fc T _ggml_cpu_has_avx512_bf16
00000001000067ec T _ggml_cpu_has_avx512_vbmi
00000001000067f4 T _ggml_cpu_has_avx512_vnni
00000001000067d4 T _ggml_cpu_has_avx_vnni
000000010000680c T _ggml_cpu_has_bmi2
000000010000687c T _ggml_cpu_has_dotprod
0000000100006834 T _ggml_cpu_has_f16c
0000000100006814 T _ggml_cpu_has_fma
000000010000683c T _ggml_cpu_has_fp16_va
000000010000684c T _ggml_cpu_has_llamafile
000000010000688c T _ggml_cpu_has_matmul_int8
0000000100006874 T _ggml_cpu_has_neon
0000000100006824 T _ggml_cpu_has_riscv_v
000000010000689c T _ggml_cpu_has_sme
00000001000068a4 T _ggml_cpu_has_sme2
0000000100006854 T _ggml_cpu_has_sse3
000000010000685c T _ggml_cpu_has_ssse3
0000000100006884 T _ggml_cpu_has_sve
0000000100006864 T _ggml_cpu_has_vsx
000000010000686c T _ggml_cpu_has_vxe
0000000100006844 T _ggml_cpu_has_wasm_simd
0000000100004f6c T _ggml_cpu_init
000000010002dc88 T _ggml_cpu_iqp_mul_mat_id_min_batch
000000010002e1dc T _ggml_cpu_iqp_scratch_size
000000010002dc94 T _ggml_cpu_iqp_supports_mul_mat
000000010002ddf0 T _ggml_cpu_iqp_supports_mul_mat_id
00000001000ab418 T _ggml_cpy
00000001000d25e8 T _ggml_critical_section_end
0000000100138160 D _ggml_critical_section_mutex
00000001000d25dc T _ggml_critical_section_start
00000001000b173c T _ggml_cross_entropy_loss
00000001000b17d4 T _ggml_cross_entropy_loss_back
00000001000a7ce4 T _ggml_cumsum
00000001000b1540 T _ggml_custom_4d
00000001000b1604 T _ggml_custom_inplace
00000001000a545c T _ggml_cycles
00000001000a5460 T _ggml_cycles_per_ms
00000001000ac71c T _ggml_diag
00000001000ac7b0 T _ggml_diag_mask_inf
00000001000ac7fc T _ggml_diag_mask_inf_inplace
00000001000ac87c T _ggml_diag_mask_zero
00000001000ac8c8 T _ggml_diag_mask_zero_inplace
00000001000a7374 T _ggml_div
00000001000a74a0 T _ggml_div_inplace
00000001000b2214 T _ggml_dsv4_hc_comb
00000001000b24d4 T _ggml_dsv4_hc_post
00000001000b23d8 T _ggml_dsv4_hc_pre
00000001000a6ab0 T _ggml_dup
00000001000a6af0 T _ggml_dup_inplace
00000001000a68dc T _ggml_dup_tensor
00000001000a5848 T _ggml_element_size
00000001000a88b4 T _ggml_elu
00000001000a8934 T _ggml_elu_inplace
00000001000a9408 T _ggml_exp
00000001000a9488 T _ggml_exp_inplace
00000001000a76dc T _ggml_expm1
00000001000a77dc T _ggml_expm1_inplace
00000001000af35c T _ggml_fill
00000001000af4a0 T _ggml_fill_inplace
00000001000fde64 T _ggml_flash_attn_back
00000001000af734 T _ggml_flash_attn_ext
00000001000af970 T _ggml_flash_attn_ext_add_sinks
00000001000af924 T _ggml_flash_attn_ext_get_prec
00000001000af944 T _ggml_flash_attn_ext_set_n_kv_max
00000001000af904 T _ggml_flash_attn_ext_set_prec
00000001000a9544 T _ggml_floor
00000001000a95c4 T _ggml_floor_inplace
00000001000a5468 T _ggml_fopen
00000001000a6984 T _ggml_format_name
00000001000a4d14 T _ggml_fp16_to_fp32
00000001000a4e18 T _ggml_fp16_to_fp32_row
00000001000a4de0 T _ggml_fp32_to_bf16
00000001000a52ac T _ggml_fp32_to_bf16_row
00000001000a51cc T _ggml_fp32_to_bf16_row_ref
00000001000a4d60 T _ggml_fp32_to_fp16
00000001000a4f38 T _ggml_fp32_to_fp16_row
00000001000a6160 T _ggml_free
00000001000a5940 T _ggml_ftype_to_ggml_type
00000001000b8b34 T _ggml_gallocr_alloc_graph
00000001000b7cb0 T _ggml_gallocr_free
00000001000b918c T _ggml_gallocr_get_buffer_size
00000001000b7c88 T _ggml_gallocr_new
00000001000b7a80 T _ggml_gallocr_new_n
00000001000b8b24 T _ggml_gallocr_reserve
00000001000b8b1c T _ggml_gallocr_reserve_n
00000001000b7ea0 T _ggml_gallocr_reserve_n_size
00000001000b1ce8 T _ggml_gated_delta_net
00000001000b086c T _ggml_gated_linear_attn
00000001000a9f74 T _ggml_geglu
00000001000aa3f4 T _ggml_geglu_erf
00000001000aa628 T _ggml_geglu_erf_split
00000001000aa50c T _ggml_geglu_erf_swapped
00000001000aa634 T _ggml_geglu_quick
00000001000aa868 T _ggml_geglu_quick_split
00000001000aa74c T _ggml_geglu_quick_swapped
00000001000aa1a8 T _ggml_geglu_split
00000001000aa08c T _ggml_geglu_swapped
00000001000a8d14 T _ggml_gelu
00000001000a8e50 T _ggml_gelu_erf
00000001000a8ed0 T _ggml_gelu_erf_inplace
00000001000a8d94 T _ggml_gelu_inplace
00000001000a8f8c T _ggml_gelu_quick
00000001000a900c T _ggml_gelu_quick_inplace
00000001000a0b5c T _ggml_gemm_iq4_nl_4x4_q8_0
00000001000151a0 T _ggml_gemm_iq4_nl_4x4_q8_0_generic
0000000100015750 T _ggml_gemm_iq4_nl_8x8_q8_0
00000001000a0df8 T _ggml_gemm_mxfp4_4x4_q8_0
0000000100015bd0 T _ggml_gemm_mxfp4_4x4_q8_0_generic
00000001000161c0 T _ggml_gemm_mxfp4_8x8_q8_0
0000000100012180 T _ggml_gemm_q2_K_8x8_q8_K
000000010009fde8 T _ggml_gemm_q4_0_4x4_q8_0
000000010000fe48 T _ggml_gemm_q4_0_4x4_q8_0_generic
00000001000a0518 T _ggml_gemm_q4_0_4x8_q8_0
000000010001058c T _ggml_gemm_q4_0_4x8_q8_0_generic
00000001000a0b58 T _ggml_gemm_q4_0_8x8_q8_0
0000000100010b2c T _ggml_gemm_q4_0_8x8_q8_0_generic
00000001000a10b8 T _ggml_gemm_q4_K_8x4_q8_K
00000001000110a4 T _ggml_gemm_q4_K_8x4_q8_K_generic
00000001000a21f4 T _ggml_gemm_q4_K_8x8_q8_K
000000010001188c T _ggml_gemm_q4_K_8x8_q8_K_generic
00000001000a1a2c T _ggml_gemm_q5_K_8x4_q8_K
0000000100013028 T _ggml_gemm_q5_K_8x4_q8_K_generic
00000001000a2bc0 T _ggml_gemm_q5_K_8x8_q8_K
0000000100013c48 T _ggml_gemm_q5_K_8x8_q8_K_generic
00000001000a33c8 T _ggml_gemm_q6_K_8x4_q8_K
0000000100014940 T _ggml_gemm_q6_K_8x4_q8_K_generic
00000001000a3bf0 T _ggml_gemm_q6_K_8x8_q8_K
0000000100014d34 T _ggml_gemm_q6_K_8x8_q8_K_generic
00000001000a4408 T _ggml_gemm_q8_0_4x4_q8_0
0000000100016658 T _ggml_gemm_q8_0_4x4_q8_0_generic
00000001000a4650 T _ggml_gemm_q8_0_4x8_q8_0
0000000100016a60 T _ggml_gemm_q8_0_4x8_q8_0_generic
000000010009d51c T _ggml_gemv_iq4_nl_4x4_q8_0
000000010000ece8 T _ggml_gemv_iq4_nl_4x4_q8_0_generic
000000010000f098 T _ggml_gemv_iq4_nl_8x8_q8_0
000000010009d648 T _ggml_gemv_mxfp4_4x4_q8_0
000000010000f36c T _ggml_gemv_mxfp4_4x4_q8_0_generic
000000010000f770 T _ggml_gemv_mxfp4_8x8_q8_0
000000010000c31c T _ggml_gemv_q2_K_8x8_q8_K
000000010009d304 T _ggml_gemv_q4_0_4x4_q8_0
000000010000a794 T _ggml_gemv_q4_0_4x4_q8_0_generic
000000010009d400 T _ggml_gemv_q4_0_4x8_q8_0
000000010000af38 T _ggml_gemv_q4_0_4x8_q8_0_generic
000000010009d518 T _ggml_gemv_q4_0_8x8_q8_0
000000010000b2f4 T _ggml_gemv_q4_0_8x8_q8_0_generic
000000010009d79c T _ggml_gemv_q4_K_8x4_q8_K
000000010000b5cc T _ggml_gemv_q4_K_8x4_q8_K_generic
000000010009db90 T _ggml_gemv_q4_K_8x8_q8_K
000000010000bc94 T _ggml_gemv_q4_K_8x8_q8_K_generic
000000010009e028 T _ggml_gemv_q5_K_8x4_q8_K
000000010000d1d4 T _ggml_gemv_q5_K_8x4_q8_K_generic
000000010009e654 T _ggml_gemv_q5_K_8x8_q8_K
000000010000dc68 T _ggml_gemv_q5_K_8x8_q8_K_generic
000000010009ecf8 T _ggml_gemv_q6_K_8x4_q8_K
000000010000e784 T _ggml_gemv_q6_K_8x4_q8_K_generic
000000010009f504 T _ggml_gemv_q6_K_8x8_q8_K
000000010000ea38 T _ggml_gemv_q6_K_8x8_q8_K_generic
000000010009fc18 T _ggml_gemv_q8_0_4x4_q8_0
000000010000fa74 T _ggml_gemv_q8_0_4x4_q8_0_generic
000000010009fcf4 T _ggml_gemv_q8_0_4x8_q8_0
000000010000fc04 T _ggml_gemv_q8_0_4x8_q8_0_generic
00000001000a6940 T _ggml_get_data
00000001000a6948 T _ggml_get_data_f32
0000000100002db4 T _ggml_get_f32_1d
0000000100002f9c T _ggml_get_f32_nd
00000001000a62e4 T _ggml_get_first_tensor
00000001000a5828 T _ggml_get_glu_op
0000000100002564 T _ggml_get_i32_1d
0000000100002864 T _ggml_get_i32_nd
00000001000a61f0 T _ggml_get_max_tensor_size
00000001000a61e0 T _ggml_get_mem_buffer
00000001000a61e8 T _ggml_get_mem_size
00000001000a6950 T _ggml_get_name
00000001000a6314 T _ggml_get_next_tensor
00000001000a61d0 T _ggml_get_no_alloc
00000001000b009c T _ggml_get_rel_pos
00000001000ac3a8 T _ggml_get_rows
00000001000ac480 T _ggml_get_rows_back
00000001000a6a38 T _ggml_get_tensor
00000001000a546c T _ggml_get_type_traits
00000001000016dc T _ggml_get_type_traits_cpu
00000001000a5808 T _ggml_get_unary_op
00000001000a9a34 T _ggml_glu
00000001000a57a0 T _ggml_glu_op_name
00000001000a9d2c T _ggml_glu_split
00000001000b5570 T _ggml_graph_add_node
00000001000b5504 T _ggml_graph_clear
0000000100004d00 T _ggml_graph_compute
0000000100006240 T _ggml_graph_compute_with_ctx
00000001000b4df4 T _ggml_graph_cpy
00000001000b5b1c T _ggml_graph_dump_dot
00000001000b515c T _ggml_graph_dup
00000001000b564c T _ggml_graph_get_grad
00000001000b5498 T _ggml_graph_get_grad_acc
00000001000b55a0 T _ggml_graph_get_tensor
00000001000b5568 T _ggml_graph_n_nodes
00000001000a484c T _ggml_graph_next_uid
00000001000b5528 T _ggml_graph_node
00000001000b5560 T _ggml_graph_nodes
00000001000b4ba0 T _ggml_graph_overhead
00000001000b4b08 T _ggml_graph_overhead_custom
0000000100004094 T _ggml_graph_plan
00000001000b56b8 T _ggml_graph_print
00000001000b5308 T _ggml_graph_reset
00000001000b5520 T _ggml_graph_size
00000001000b4db4 T _ggml_graph_view
00000001000aaaf4 T _ggml_group_norm
00000001000aab48 T _ggml_group_norm_inplace
00000001000a538c T _ggml_guid_matches
00000001000a9388 T _ggml_hardsigmoid
00000001000a9308 T _ggml_hardswish
00000001000b27e4 T _ggml_hash_set_free
00000001000b2680 T _ggml_hash_set_new
00000001000b27cc T _ggml_hash_set_reset
00000001000b2784 T _ggml_hash_size
00000001000ad2e8 T _ggml_im2col
00000001000adc54 T _ggml_im2col_3d
00000001000ad4a4 T _ggml_im2col_back
00000001000a5fec T _ggml_init
00000001000aeb6c T _ggml_interpolate
00000001000a58f4 T _ggml_is_3d
00000001000a598c T _ggml_is_contiguous
00000001000a5a28 T _ggml_is_contiguous_0
00000001000a5ac4 T _ggml_is_contiguous_1
00000001000a5b4c T _ggml_is_contiguous_2
00000001000a5de4 T _ggml_is_contiguous_channels
00000001000a5e2c T _ggml_is_contiguous_rows
00000001000a5bb8 T _ggml_is_contiguous_to_1
00000001000a5c04 T _ggml_is_contiguous_to_2
00000001000a5c68 T _ggml_is_contiguous_to_3
00000001000a5ce8 T _ggml_is_contiguously_allocated
00000001000a5e74 T _ggml_is_empty
00000001000a58d0 T _ggml_is_matrix
000000010000175c T _ggml_is_numa
00000001000a5dac T _ggml_is_permuted
00000001000a5758 T _ggml_is_quantized
00000001000a5864 T _ggml_is_scalar
00000001000a597c T _ggml_is_transposed
00000001000a58a0 T _ggml_is_vector
00000001000a5f3c T _ggml_is_view
00000001000aabd8 T _ggml_l2_norm
00000001000aac28 T _ggml_l2_norm_inplace
00000001000a8b2c T _ggml_leaky_relu
00000001000b208c T _ggml_lightning_indexer
00000001000a7620 T _ggml_log
00000001000a4bc8 T _ggml_log_callback_default
00000001000b6e38 T _ggml_log_get
00000001000a7660 T _ggml_log_inplace
00000001000a4ac4 T _ggml_log_internal
00000001000b6e54 T _ggml_log_set
00000001000b117c T _ggml_map_custom1
00000001000b11f8 T _ggml_map_custom1_inplace
00000001000b12a8 T _ggml_map_custom2
00000001000b1330 T _ggml_map_custom2_inplace
00000001000b13ec T _ggml_map_custom3
00000001000b147c T _ggml_map_custom3_inplace
00000001000a7d30 T _ggml_mean
00000001000a7240 T _ggml_mul
00000001000a736c T _ggml_mul_inplace
00000001000aad30 T _ggml_mul_mat
00000001000aae44 T _ggml_mul_mat_id
00000001000aae24 T _ggml_mul_mat_set_hint
00000001000aae04 T _ggml_mul_mat_set_prec
00000001000a5904 T _ggml_n_dims
00000001000a5580 T _ggml_nbytes
00000001000a5658 T _ggml_nbytes_pad
00000001000a8500 T _ggml_neg
00000001000a8580 T _ggml_neg_inplace
00000001000a5554 T _ggml_nelements
00000001000a6758 T _ggml_new_buffer
0000000100001e54 T _ggml_new_f32
00000001000b4da8 T _ggml_new_graph
00000001000b4c10 T _ggml_new_graph_custom
0000000100001764 T _ggml_new_i32
00000001000a6344 T _ggml_new_tensor
00000001000a660c T _ggml_new_tensor_1d
00000001000a663c T _ggml_new_tensor_2d
00000001000a6698 T _ggml_new_tensor_3d
00000001000a66f8 T _ggml_new_tensor_4d
00000001000aa8d0 T _ggml_norm
00000001000aa928 T _ggml_norm_inplace
00000001000a556c T _ggml_nrows
0000000100001758 T _ggml_numa_init
00000001000ba948 T _ggml_op_alloc_size_may_expand
00000001000b790c T _ggml_op_can_inplace
00000001000a57b0 T _ggml_op_desc
00000001000a5770 T _ggml_op_name
00000001000a5780 T _ggml_op_symbol
00000001000b18a0 T _ggml_opt_step_adamw
00000001000b1a28 T _ggml_opt_step_sgd
00000001000aaf78 T _ggml_out_prod
00000001000aec18 T _ggml_pad
00000001000aeddc T _ggml_pad_circular
00000001000aece0 T _ggml_pad_ext
00000001000aeea8 T _ggml_pad_ext_circular
00000001000aefa8 T _ggml_pad_reflect_1d
00000001000ac14c T _ggml_permute
00000001000ae720 T _ggml_pool_1d
00000001000ae814 T _ggml_pool_2d
00000001000ae948 T _ggml_pool_2d_back
00000001000aacb4 T _ggml_prec_set_acc
00000001000aacf4 T _ggml_prec_set_src
00000001000a4860 T _ggml_print_backtrace
00000001000a5480 T _ggml_print_object
00000001000a54c0 T _ggml_print_objects
00000001000b66d4 T _ggml_quantize_chunk
00000001000b6674 T _ggml_quantize_free
00000001000b65f8 T _ggml_quantize_init
000000010009c654 T _ggml_quantize_mat_q8_0_4x4
0000000100009a20 T _ggml_quantize_mat_q8_0_4x4_generic
000000010009ccb8 T _ggml_quantize_mat_q8_0_4x8
0000000100009d88 T _ggml_quantize_mat_q8_0_4x8_generic
000000010000a114 T _ggml_quantize_mat_q8_K_4x4
000000010000a444 T _ggml_quantize_mat_q8_K_4x8
00000001000b66c0 T _ggml_quantize_requires_imatrix
00000001000a9d34 T _ggml_reglu
00000001000a9f68 T _ggml_reglu_split
00000001000a9e4c T _ggml_reglu_swapped
00000001000a89f0 T _ggml_relu
00000001000a8a70 T _ggml_relu_inplace
00000001000a7ed4 T _ggml_repeat
00000001000a7f9c T _ggml_repeat_4d
00000001000a806c T _ggml_repeat_back
00000001000a614c T _ggml_reset
00000001000ab8ac T _ggml_reshape
00000001000ab9c4 T _ggml_reshape_1d
00000001000abaf4 T _ggml_reshape_2d
00000001000abc28 T _ggml_reshape_3d
00000001000abd64 T _ggml_reshape_4d
00000001000aa9b4 T _ggml_rms_norm
00000001000aaa98 T _ggml_rms_norm_back
00000001000aaa0c T _ggml_rms_norm_inplace
00000001000af110 T _ggml_roll
00000001000acddc T _ggml_rope
00000001000ad128 T _ggml_rope_custom
00000001000ad15c T _ggml_rope_custom_inplace
00000001000ad0cc T _ggml_rope_ext
00000001000ad24c T _ggml_rope_ext_back
00000001000ad0f8 T _ggml_rope_ext_inplace
00000001000ad074 T _ggml_rope_inplace
00000001000ad030 T _ggml_rope_multi
00000001000ad280 T _ggml_rope_multi_back
00000001000ad050 T _ggml_rope_multi_inplace
00000001000ad2a8 T _ggml_rope_set_offset
00000001000ad194 T _ggml_rope_yarn_corr_dims
00000001000a97bc T _ggml_round
00000001000a983c T _ggml_round_inplace
00000001000a56f4 T _ggml_row_size
00000001000b03fc T _ggml_rwkv_wkv6
00000001000b0c58 T _ggml_rwkv_wkv7
00000001000ab04c T _ggml_scale
00000001000ab1fc T _ggml_scale_bias
00000001000ab2a4 T _ggml_scale_bias_inplace
00000001000ab1f0 T _ggml_scale_inplace
00000001000ab2ac T _ggml_set
00000001000ab3d0 T _ggml_set_1d
00000001000ab3e4 T _ggml_set_1d_inplace
00000001000ab3f8 T _ggml_set_2d
00000001000ab408 T _ggml_set_2d_inplace
00000001000a4ab0 T _ggml_set_abort_callback
0000000100001ec4 T _ggml_set_f32
0000000100003074 T _ggml_set_f32_1d
0000000100003270 T _ggml_set_f32_nd
00000001000017cc T _ggml_set_i32
000000010000292c T _ggml_set_i32_1d
0000000100002c48 T _ggml_set_i32_nd
00000001000ab3c8 T _ggml_set_inplace
00000001000b654c T _ggml_set_input
00000001000b659c T _ggml_set_loss
00000001000a6958 T _ggml_set_name
00000001000a61d8 T _ggml_set_no_alloc
00000001000b655c T _ggml_set_output
00000001000b6578 T _ggml_set_param
00000001000ac578 T _ggml_set_rows
00000001000b51a0 T _ggml_set_zero
00000001000a83c4 T _ggml_sgn
00000001000a8444 T _ggml_sgn_inplace
00000001000a8bd8 T _ggml_sigmoid
00000001000a8c58 T _ggml_sigmoid_inplace
00000001000a90c8 T _ggml_silu
00000001000a92c4 T _ggml_silu_back
00000001000a9148 T _ggml_silu_inplace
00000001000a7a90 T _ggml_sin
00000001000a7ad0 T _ggml_sin_inplace
00000001000aca34 T _ggml_soft_max
00000001000acc8c T _ggml_soft_max_add_sinks
00000001000acc7c T _ggml_soft_max_ext
00000001000accf0 T _ggml_soft_max_ext_back
00000001000acd48 T _ggml_soft_max_ext_back_inplace
00000001000acc84 T _ggml_soft_max_ext_inplace
00000001000acc68 T _ggml_soft_max_inplace
00000001000a7954 T _ggml_softplus
00000001000a79d4 T _ggml_softplus_inplace
00000001000b1b34 T _ggml_solve_tri
00000001000a74a8 T _ggml_sqr
00000001000a74e8 T _ggml_sqr_inplace
00000001000a7564 T _ggml_sqrt
00000001000a75a4 T _ggml_sqrt_inplace
00000001000af9d4 T _ggml_ssm_conv
00000001000afab4 T _ggml_ssm_scan
00000001000a4cec T _ggml_status_to_string
00000001000a863c T _ggml_step
00000001000a86bc T _ggml_step_inplace
00000001000a710c T _ggml_sub
00000001000a7238 T _ggml_sub_inplace
00000001000a7c08 T _ggml_sum
00000001000a7c58 T _ggml_sum_rows
00000001000aa1b4 T _ggml_swiglu
00000001000aa8a4 T _ggml_swiglu_clamp
00000001000aa874 T _ggml_swiglu_oai
00000001000aa3e8 T _ggml_swiglu_split
00000001000aa2cc T _ggml_swiglu_swapped
000000010018b0d4 S _ggml_table_f32_e8m0_half
000000010018b4d4 S _ggml_table_f32_f16
00000001001cb4d4 S _ggml_table_f32_ue4m3
000000010014b0d4 S _ggml_table_gelu_f16
000000010016b0d4 S _ggml_table_gelu_quick_f16
00000001000b79b0 T _ggml_tallocr_alloc
00000001000b7958 T _ggml_tallocr_new
00000001000a8778 T _ggml_tanh
00000001000a87f8 T _ggml_tanh_inplace
00000001000a5974 T _ggml_tensor_overhead
000000010000174c T _ggml_threadpool_chunk_add
0000000100001744 T _ggml_threadpool_chunk_set
0000000100003f24 T _ggml_threadpool_free
00000001000048e0 T _ggml_threadpool_new
00000001000b6ed4 T _ggml_threadpool_params_default
00000001000b6e78 T _ggml_threadpool_params_init
00000001000b6f30 T _ggml_threadpool_params_match
0000000100004018 T _ggml_threadpool_pause
0000000100004058 T _ggml_threadpool_resume
00000001000a53bc T _ggml_time_init
00000001000a53c0 T _ggml_time_ms
00000001000a540c T _ggml_time_us
00000001000af1fc T _ggml_timestep_embedding
00000001000af620 T _ggml_top_k
00000001000ac2fc T _ggml_transpose
00000001000af290 T _ggml_tri
00000001000a98f8 T _ggml_trunc
00000001000a9978 T _ggml_trunc_inplace
00000001000a5740 T _ggml_type_name
00000001000a5640 T _ggml_type_size
00000001000a5718 T _ggml_type_sizef
00000001000a775c T _ggml_unary
00000001000a7898 T _ggml_unary_inplace
00000001000a5790 T _ggml_unary_op_name
00000001000a68f4 T _ggml_unravel_index
00000001000ae9e4 T _ggml_upscale
00000001000aeab0 T _ggml_upscale_ext
00000001000a61b4 T _ggml_used_mem
00000001000faf98 T _ggml_validate_row_data
0000000100058ec8 T _ggml_vec_cvar_f32
0000000100058464 T _ggml_vec_dot_bf16
0000000100058634 T _ggml_vec_dot_f16
0000000100058278 T _ggml_vec_dot_f32
000000010009be10 T _ggml_vec_dot_iq1_m_q8_K
00000001000363b4 T _ggml_vec_dot_iq1_m_q8_K_generic
000000010009bc14 T _ggml_vec_dot_iq1_s_q8_K
0000000100036258 T _ggml_vec_dot_iq1_s_q8_K_generic
000000010009b53c T _ggml_vec_dot_iq2_s_q8_K
00000001000351c4 T _ggml_vec_dot_iq2_s_q8_K_generic
000000010009b340 T _ggml_vec_dot_iq2_xs_q8_K
0000000100034de8 T _ggml_vec_dot_iq2_xs_q8_K_generic
000000010009b198 T _ggml_vec_dot_iq2_xxs_q8_K
0000000100034a60 T _ggml_vec_dot_iq2_xxs_q8_K_generic
000000010009b964 T _ggml_vec_dot_iq3_s_q8_K
0000000100035998 T _ggml_vec_dot_iq3_s_q8_K_generic
000000010009b764 T _ggml_vec_dot_iq3_xxs_q8_K
0000000100035568 T _ggml_vec_dot_iq3_xxs_q8_K_generic
000000010009c080 T _ggml_vec_dot_iq4_nl_q8_0
000000010003669c T _ggml_vec_dot_iq4_nl_q8_0_generic
000000010009c418 T _ggml_vec_dot_iq4_xs_q8_K
0000000100036934 T _ggml_vec_dot_iq4_xs_q8_K_generic
00000001000985d8 T _ggml_vec_dot_mxfp4_q8_0
0000000100031b88 T _ggml_vec_dot_mxfp4_q8_0_generic
00000001000989b4 T _ggml_vec_dot_nvfp4_q8_0
0000000100031e38 T _ggml_vec_dot_nvfp4_q8_0_generic
0000000100097c70 T _ggml_vec_dot_q1_0_q8_0
0000000100030c68 T _ggml_vec_dot_q1_0_q8_0_generic
0000000100097e5c T _ggml_vec_dot_q2_0_q8_0
0000000100031670 T _ggml_vec_dot_q2_0_q8_0_generic
000000010009971c T _ggml_vec_dot_q2_K_q8_K
0000000100032fc0 T _ggml_vec_dot_q2_K_q8_K_generic
00000001000999c0 T _ggml_vec_dot_q3_K_q8_K
0000000100033934 T _ggml_vec_dot_q3_K_q8_K_generic
0000000100097f54 T _ggml_vec_dot_q4_0_q8_0
0000000100031a14 T _ggml_vec_dot_q4_0_q8_0_generic
0000000100098274 T _ggml_vec_dot_q4_1_q8_1
0000000100031acc T _ggml_vec_dot_q4_1_q8_1_generic
0000000100099d94 T _ggml_vec_dot_q4_K_q8_K
0000000100033c10 T _ggml_vec_dot_q4_K_q8_K_generic
0000000100098ab0 T _ggml_vec_dot_q5_0_q8_0
0000000100032040 T _ggml_vec_dot_q5_0_q8_0_generic
0000000100098e18 T _ggml_vec_dot_q5_1_q8_1
000000010003224c T _ggml_vec_dot_q5_1_q8_1_generic
000000010009a6ac T _ggml_vec_dot_q5_K_q8_K
000000010003419c T _ggml_vec_dot_q5_K_q8_K_generic
000000010009a994 T _ggml_vec_dot_q6_K_q8_K
00000001000347c8 T _ggml_vec_dot_q6_K_q8_K_generic
000000010009916c T _ggml_vec_dot_q8_0_q8_0
000000010003240c T _ggml_vec_dot_q8_0_q8_0_generic
0000000100099398 T _ggml_vec_dot_tq1_0_q8_K
0000000100032470 T _ggml_vec_dot_tq1_0_q8_K_generic
00000001000995c8 T _ggml_vec_dot_tq2_0_q8_K
0000000100032a5c T _ggml_vec_dot_tq2_0_q8_K_generic
0000000100059704 T _ggml_vec_log_soft_max_f32
0000000100058930 T _ggml_vec_silu_f32
00000001000590f0 T _ggml_vec_soft_max_f32
0000000100058be0 T _ggml_vec_swiglu_f32
00000001000a53a4 T _ggml_version
00000001000abea4 T _ggml_view_1d
00000001000abf14 T _ggml_view_2d
00000001000abfc8 T _ggml_view_3d
00000001000ac090 T _ggml_view_4d
00000001000a69c8 T _ggml_view_tensor
00000001000afef4 T _ggml_win_part
00000001000afff8 T _ggml_win_unpart
00000001000a9204 T _ggml_xielu
00000001000ee7e4 T _iq2xs_free_impl
00000001000eda80 T _iq2xs_init_impl
00000001000f268c T _iq3xs_free_impl
00000001000f1bb4 T _iq3xs_init_impl
                 U _ldexpf
                 U _log2
                 U _log2f
                 U _logf
                 U _lstat
                 U _mach_task_self_
00000001000007c8 T _main
                 U _malloc
                 U _memcmp
                 U _memcpy
                 U _memmove
                 U _memset
                 U _memset_pattern16
                 U _open
                 U _powf
                 U _pread
                 U _printf
                 U _pthread_cond_broadcast
                 U _pthread_cond_destroy
                 U _pthread_cond_init
                 U _pthread_cond_wait
                 U _pthread_create
                 U _pthread_join
                 U _pthread_mutex_destroy
                 U _pthread_mutex_init
                 U _pthread_mutex_lock
                 U _pthread_mutex_unlock
                 U _pthread_self
                 U _pthread_setschedparam
                 U _putchar
                 U _puts
                 U _qsort
00000001000f706c T _quantize_iq1_m
00000001000f5864 T _quantize_iq1_s
00000001000f9910 T _quantize_iq2_s
00000001000f0278 T _quantize_iq2_xs
00000001000ee8dc T _quantize_iq2_xxs
00000001000f3edc T _quantize_iq3_s
00000001000f271c T _quantize_iq3_xxs
00000001000f8550 T _quantize_iq4_nl
00000001000f9664 T _quantize_iq4_xs
00000001000e8c58 T _quantize_mxfp4
00000001000e8c90 T _quantize_nvfp4
00000001000e3cb0 T _quantize_q1_0
00000001000e4098 T _quantize_q2_0
00000001000d7a94 T _quantize_q2_K
00000001000d9cc0 T _quantize_q3_K
00000001000e43a0 T _quantize_q4_0
00000001000e51e8 T _quantize_q4_1
00000001000dce0c T _quantize_q4_K
00000001000e6508 T _quantize_q5_0
00000001000e7590 T _quantize_q5_1
00000001000e034c T _quantize_q5_K
00000001000e31c8 T _quantize_q6_K
00000001000e8bfc T _quantize_q8_0
00000001000faf88 T _quantize_row_iq2_s_ref
00000001000f5854 T _quantize_row_iq3_s_ref
00000001000f3ed4 T _quantize_row_iq3_xxs_ref
0000000100036e98 T _quantize_row_iq4_nl
00000001000f9584 T _quantize_row_iq4_nl_ref
0000000100036e9c T _quantize_row_iq4_xs
00000001000f9830 T _quantize_row_iq4_xs_ref
0000000100030c40 T _quantize_row_mxfp4
00000001000d4150 T _quantize_row_mxfp4_ref
0000000100030c44 T _quantize_row_nvfp4
00000001000d49f0 T _quantize_row_nvfp4_ref
0000000100030c20 T _quantize_row_q1_0
00000001000d2610 T _quantize_row_q1_0_ref
0000000100030c24 T _quantize_row_q2_0
00000001000d27bc T _quantize_row_q2_0_ref
0000000100030c48 T _quantize_row_q2_K
00000001000d6988 T _quantize_row_q2_K_ref
0000000100030c4c T _quantize_row_q3_K
00000001000d8a6c T _quantize_row_q3_K_ref
0000000100030c28 T _quantize_row_q4_0
00000001000d28f8 T _quantize_row_q4_0_ref
0000000100030c2c T _quantize_row_q4_1
00000001000d2ca8 T _quantize_row_q4_1_ref
0000000100030c50 T _quantize_row_q4_K
00000001000db0e8 T _quantize_row_q4_K_ref
0000000100030c30 T _quantize_row_q5_0
00000001000d30d4 T _quantize_row_q5_0_ref
0000000100030c34 T _quantize_row_q5_1
00000001000d3588 T _quantize_row_q5_1_ref
0000000100030c54 T _quantize_row_q5_K
00000001000de668 T _quantize_row_q5_K_ref
0000000100030c58 T _quantize_row_q6_K
00000001000e1d5c T _quantize_row_q6_K_ref
000000010009787c T _quantize_row_q8_0
0000000100030c38 T _quantize_row_q8_0_generic
00000001000d3ab0 T _quantize_row_q8_0_ref
0000000100097a34 T _quantize_row_q8_1
0000000100030c3c T _quantize_row_q8_1_generic
00000001000d3dc4 T _quantize_row_q8_1_ref
0000000100097c6c T _quantize_row_q8_K
0000000100030c64 T _quantize_row_q8_K_generic
00000001000ecb70 T _quantize_row_q8_K_ref
0000000100030c5c T _quantize_row_tq1_0
00000001000e8cc8 T _quantize_row_tq1_0_ref
0000000100030c60 T _quantize_row_tq2_0
00000001000e9064 T _quantize_row_tq2_0_ref
00000001000e9238 T _quantize_tq1_0
00000001000e9294 T _quantize_tq2_0
                 U _realloc
                 U _realpath$DARWIN_EXTSN
                 U _setrlimit
                 U _sinf
                 U _snprintf
                 U _strcmp
                 U _strerror
                 U _strlen
                 U _sysconf
                 U _sysctlbyname
                 U _tanhf
                 U _vDSP_maxv
                 U _vDSP_measqv
                 U _vDSP_sve
                 U _vDSP_vadd
                 U _vDSP_vdiv
                 U _vDSP_vmul
                 U _vDSP_vsadd
                 U _vDSP_vsmsa
                 U _vDSP_vsmul
                 U _vDSP_vsub
                 U _vm_allocate
                 U _vm_deallocate
                 U _vsnprintf
                 U _waitpid
