
ggml.c.o:
                 U __Exit
                 U ___stack_chk_fail
                 U ___stack_chk_guard
                 U ___stderrp
                 U ___stdoutp
                 U _abort
                 U _backtrace
                 U _backtrace_symbols_fd
                 U _bzero
                 U _calloc
                 U _clock
                 U _clock_gettime
                 U _dequantize_row_iq1_m
                 U _dequantize_row_iq1_s
                 U _dequantize_row_iq2_s
                 U _dequantize_row_iq2_xs
                 U _dequantize_row_iq2_xxs
                 U _dequantize_row_iq3_s
                 U _dequantize_row_iq3_xxs
                 U _dequantize_row_iq4_nl
                 U _dequantize_row_iq4_xs
                 U _dequantize_row_mxfp4
                 U _dequantize_row_nvfp4
                 U _dequantize_row_q1_0
                 U _dequantize_row_q2_0
                 U _dequantize_row_q2_K
                 U _dequantize_row_q3_K
                 U _dequantize_row_q4_0
                 U _dequantize_row_q4_1
                 U _dequantize_row_q4_K
                 U _dequantize_row_q5_0
                 U _dequantize_row_q5_1
                 U _dequantize_row_q5_K
                 U _dequantize_row_q6_K
                 U _dequantize_row_q8_0
                 U _dequantize_row_tq1_0
                 U _dequantize_row_tq2_0
                 U _execlp
                 U _expf
                 U _fclose
                 U _fflush
                 U _fopen$DARWIN_EXTSN
                 U _fork
                 U _fprintf
                 U _fputc
                 U _fputs
                 U _free
                 U _fwrite
                 U _getenv
                 U _getpid
0000000000000278 T _ggml_abort
0000000000003ae8 T _ggml_abs
0000000000003b68 T _ggml_abs_inplace
00000000000027c0 T _ggml_acc
0000000000002964 T _ggml_acc_inplace
00000000000023cc T _ggml_add
0000000000002694 T _ggml_add1
00000000000027b8 T _ggml_add1_inplace
0000000000002500 T _ggml_add_cast
00000000000025f4 T _ggml_add_id
00000000000024f8 T _ggml_add_inplace
000000000000b9c8 T _ggml_add_rel_pos
000000000000bc74 T _ggml_add_rel_pos_inplace
000000000000052c T _ggml_aligned_free
0000000000000458 T _ggml_aligned_malloc
000000000000af1c T _ggml_arange
0000000000001704 T _ggml_are_same_shape
0000000000001750 T _ggml_are_same_stride
000000000000361c T _ggml_argmax
000000000000ad08 T _ggml_argsort
000000000000ad60 T _ggml_argsort_top_k
                 U _ggml_backend_buffer_get_usage
                 U _ggml_backend_tensor_memset
                 U _ggml_backend_tensor_set
0000000000000634 T _ggml_bf16_to_fp32
0000000000000934 T _ggml_bf16_to_fp32_row
0000000000000e88 T _ggml_blck_size
000000000000e1f0 T _ggml_build_backward_expand
000000000000e140 T _ggml_build_forward_expand
000000000000e198 T _ggml_build_forward_order
000000000000e08c T _ggml_build_forward_select
0000000000011110 T _ggml_can_fuse_subgraph_ext
00000000000017ac T _ggml_can_repeat
0000000000006d64 T _ggml_cast
0000000000004ee0 T _ggml_ceil
0000000000004f60 T _ggml_ceil_inplace
00000000000081a8 T _ggml_clamp
0000000000008204 T _ggml_clamp_inplace
0000000000009070 T _ggml_col2im_1d
0000000000000c10 T _ggml_commit
0000000000003994 T _ggml_concat
0000000000006dc0 T _ggml_cont
0000000000006e1c T _ggml_cont_1d
0000000000006f94 T _ggml_cont_2d
0000000000007050 T _ggml_cont_3d
0000000000006ed8 T _ggml_cont_4d
0000000000008d80 T _ggml_conv_1d
0000000000008ef0 T _ggml_conv_1d_dw
0000000000008fac T _ggml_conv_1d_dw_ph
0000000000008e34 T _ggml_conv_1d_ph
0000000000009300 T _ggml_conv_2d
0000000000009bd0 T _ggml_conv_2d_direct
00000000000098d8 T _ggml_conv_2d_dw
0000000000009a10 T _ggml_conv_2d_dw_direct
0000000000009894 T _ggml_conv_2d_s1_ph
000000000000985c T _ggml_conv_2d_sk_p0
0000000000009654 T _ggml_conv_3d
0000000000009d00 T _ggml_conv_3d_direct
00000000000091f0 T _ggml_conv_transpose_1d
0000000000009ebc T _ggml_conv_transpose_2d_p0
00000000000033ac T _ggml_cos
00000000000033ec T _ggml_cos_inplace
000000000000369c T _ggml_count_equal
0000000000006c78 T _ggml_cpy
                 U _ggml_critical_section_end
                 U _ggml_critical_section_start
000000000000cfbc T _ggml_cross_entropy_loss
000000000000d054 T _ggml_cross_entropy_loss_back
0000000000003544 T _ggml_cumsum
000000000000cdc0 T _ggml_custom_4d
000000000000ce84 T _ggml_custom_inplace
0000000000000cbc T _ggml_cycles
0000000000000cc0 T _ggml_cycles_per_ms
0000000000007f7c T _ggml_diag
0000000000008010 T _ggml_diag_mask_inf
000000000000805c T _ggml_diag_mask_inf_inplace
00000000000080dc T _ggml_diag_mask_zero
0000000000008128 T _ggml_diag_mask_zero_inplace
0000000000002bd4 T _ggml_div
0000000000002d00 T _ggml_div_inplace
000000000000da94 T _ggml_dsv4_hc_comb
000000000000dd54 T _ggml_dsv4_hc_post
000000000000dc58 T _ggml_dsv4_hc_pre
0000000000002310 T _ggml_dup
0000000000002350 T _ggml_dup_inplace
000000000000213c T _ggml_dup_tensor
00000000000010a8 T _ggml_element_size
0000000000004114 T _ggml_elu
0000000000004194 T _ggml_elu_inplace
0000000000004c68 T _ggml_exp
0000000000004ce8 T _ggml_exp_inplace
0000000000002f3c T _ggml_expm1
000000000000303c T _ggml_expm1_inplace
000000000000abbc T _ggml_fill
000000000000ad00 T _ggml_fill_inplace
000000000000b234 T _ggml_flash_attn_back
000000000000af94 T _ggml_flash_attn_ext
000000000000b1d0 T _ggml_flash_attn_ext_add_sinks
000000000000b184 T _ggml_flash_attn_ext_get_prec
000000000000b1a4 T _ggml_flash_attn_ext_set_n_kv_max
000000000000b164 T _ggml_flash_attn_ext_set_prec
0000000000004da4 T _ggml_floor
0000000000004e24 T _ggml_floor_inplace
0000000000000cc8 T _ggml_fopen
00000000000021e4 T _ggml_format_name
0000000000000574 T _ggml_fp16_to_fp32
0000000000000678 T _ggml_fp16_to_fp32_row
0000000000000640 T _ggml_fp32_to_bf16
0000000000000b0c T _ggml_fp32_to_bf16_row
0000000000000a2c T _ggml_fp32_to_bf16_row_ref
00000000000005c0 T _ggml_fp32_to_fp16
0000000000000798 T _ggml_fp32_to_fp16_row
00000000000019c0 T _ggml_free
00000000000011a0 T _ggml_ftype_to_ggml_type
000000000000d568 T _ggml_gated_delta_net
000000000000c0ec T _ggml_gated_linear_attn
00000000000057d4 T _ggml_geglu
0000000000005c54 T _ggml_geglu_erf
0000000000005e88 T _ggml_geglu_erf_split
0000000000005d6c T _ggml_geglu_erf_swapped
0000000000005e94 T _ggml_geglu_quick
00000000000060c8 T _ggml_geglu_quick_split
0000000000005fac T _ggml_geglu_quick_swapped
0000000000005a08 T _ggml_geglu_split
00000000000058ec T _ggml_geglu_swapped
0000000000004574 T _ggml_gelu
00000000000046b0 T _ggml_gelu_erf
0000000000004730 T _ggml_gelu_erf_inplace
00000000000045f4 T _ggml_gelu_inplace
00000000000047ec T _ggml_gelu_quick
000000000000486c T _ggml_gelu_quick_inplace
00000000000021a0 T _ggml_get_data
00000000000021a8 T _ggml_get_data_f32
0000000000001b44 T _ggml_get_first_tensor
0000000000001088 T _ggml_get_glu_op
0000000000001a50 T _ggml_get_max_tensor_size
0000000000001a40 T _ggml_get_mem_buffer
0000000000001a48 T _ggml_get_mem_size
00000000000021b0 T _ggml_get_name
0000000000001b74 T _ggml_get_next_tensor
0000000000001a30 T _ggml_get_no_alloc
000000000000b91c T _ggml_get_rel_pos
0000000000007c08 T _ggml_get_rows
0000000000007ce0 T _ggml_get_rows_back
0000000000002298 T _ggml_get_tensor
0000000000000ccc T _ggml_get_type_traits
0000000000001068 T _ggml_get_unary_op
0000000000005294 T _ggml_glu
0000000000001000 T _ggml_glu_op_name
000000000000558c T _ggml_glu_split
0000000000010df0 T _ggml_graph_add_node
0000000000010d84 T _ggml_graph_clear
0000000000010674 T _ggml_graph_cpy
000000000001139c T _ggml_graph_dump_dot
00000000000109dc T _ggml_graph_dup
0000000000010ecc T _ggml_graph_get_grad
0000000000010d18 T _ggml_graph_get_grad_acc
0000000000010e20 T _ggml_graph_get_tensor
0000000000010de8 T _ggml_graph_n_nodes
0000000000000000 T _ggml_graph_next_uid
0000000000010da8 T _ggml_graph_node
0000000000010de0 T _ggml_graph_nodes
0000000000010420 T _ggml_graph_overhead
0000000000010388 T _ggml_graph_overhead_custom
0000000000010f38 T _ggml_graph_print
0000000000010b88 T _ggml_graph_reset
0000000000010da0 T _ggml_graph_size
0000000000010634 T _ggml_graph_view
0000000000006354 T _ggml_group_norm
00000000000063a8 T _ggml_group_norm_inplace
0000000000000bec T _ggml_guid_matches
0000000000004be8 T _ggml_hardsigmoid
0000000000004b68 T _ggml_hardswish
000000000000e064 T _ggml_hash_set_free
000000000000df00 T _ggml_hash_set_new
000000000000e04c T _ggml_hash_set_reset
000000000000e004 T _ggml_hash_size
0000000000008b48 T _ggml_im2col
00000000000094b4 T _ggml_im2col_3d
0000000000008d04 T _ggml_im2col_back
000000000000184c T _ggml_init
000000000000a3cc T _ggml_interpolate
0000000000001154 T _ggml_is_3d
00000000000011ec T _ggml_is_contiguous
0000000000001288 T _ggml_is_contiguous_0
0000000000001324 T _ggml_is_contiguous_1
00000000000013ac T _ggml_is_contiguous_2
0000000000001644 T _ggml_is_contiguous_channels
000000000000168c T _ggml_is_contiguous_rows
0000000000001418 T _ggml_is_contiguous_to_1
0000000000001464 T _ggml_is_contiguous_to_2
00000000000014c8 T _ggml_is_contiguous_to_3
0000000000001548 T _ggml_is_contiguously_allocated
00000000000016d4 T _ggml_is_empty
0000000000001130 T _ggml_is_matrix
000000000000160c T _ggml_is_permuted
0000000000000fb8 T _ggml_is_quantized
00000000000010c4 T _ggml_is_scalar
00000000000011dc T _ggml_is_transposed
0000000000001100 T _ggml_is_vector
000000000000179c T _ggml_is_view
0000000000006438 T _ggml_l2_norm
0000000000006488 T _ggml_l2_norm_inplace
000000000000438c T _ggml_leaky_relu
000000000000d90c T _ggml_lightning_indexer
0000000000002e80 T _ggml_log
0000000000000428 T _ggml_log_callback_default
00000000000126b8 T _ggml_log_get
0000000000002ec0 T _ggml_log_inplace
0000000000000324 T _ggml_log_internal
00000000000126d4 T _ggml_log_set
000000000000c9fc T _ggml_map_custom1
000000000000ca78 T _ggml_map_custom1_inplace
000000000000cb28 T _ggml_map_custom2
000000000000cbb0 T _ggml_map_custom2_inplace
000000000000cc6c T _ggml_map_custom3
000000000000ccfc T _ggml_map_custom3_inplace
0000000000003590 T _ggml_mean
0000000000002aa0 T _ggml_mul
0000000000002bcc T _ggml_mul_inplace
0000000000006590 T _ggml_mul_mat
00000000000066a4 T _ggml_mul_mat_id
0000000000006684 T _ggml_mul_mat_set_hint
0000000000006664 T _ggml_mul_mat_set_prec
0000000000001164 T _ggml_n_dims
0000000000000de0 T _ggml_nbytes
0000000000000eb8 T _ggml_nbytes_pad
0000000000003d60 T _ggml_neg
0000000000003de0 T _ggml_neg_inplace
0000000000000db4 T _ggml_nelements
0000000000001fb8 T _ggml_new_buffer
0000000000010628 T _ggml_new_graph
0000000000010490 T _ggml_new_graph_custom
0000000000001ba4 T _ggml_new_tensor
0000000000001e6c T _ggml_new_tensor_1d
0000000000001e9c T _ggml_new_tensor_2d
0000000000001ef8 T _ggml_new_tensor_3d
0000000000001f58 T _ggml_new_tensor_4d
0000000000006130 T _ggml_norm
0000000000006188 T _ggml_norm_inplace
0000000000000dcc T _ggml_nrows
0000000000001010 T _ggml_op_desc
0000000000000fd0 T _ggml_op_name
0000000000000fe0 T _ggml_op_symbol
000000000000d120 T _ggml_opt_step_adamw
000000000000d2a8 T _ggml_opt_step_sgd
00000000000067d8 T _ggml_out_prod
000000000000a478 T _ggml_pad
000000000000a63c T _ggml_pad_circular
000000000000a540 T _ggml_pad_ext
000000000000a708 T _ggml_pad_ext_circular
000000000000a808 T _ggml_pad_reflect_1d
00000000000079ac T _ggml_permute
0000000000009f80 T _ggml_pool_1d
000000000000a074 T _ggml_pool_2d
000000000000a1a8 T _ggml_pool_2d_back
0000000000006514 T _ggml_prec_set_acc
0000000000006554 T _ggml_prec_set_src
0000000000000014 T _ggml_print_backtrace
0000000000000ce0 T _ggml_print_object
0000000000000d20 T _ggml_print_objects
0000000000011f54 T _ggml_quantize_chunk
0000000000011ef4 T _ggml_quantize_free
0000000000011e78 T _ggml_quantize_init
0000000000011f40 T _ggml_quantize_requires_imatrix
0000000000005594 T _ggml_reglu
00000000000057c8 T _ggml_reglu_split
00000000000056ac T _ggml_reglu_swapped
0000000000004250 T _ggml_relu
00000000000042d0 T _ggml_relu_inplace
0000000000003734 T _ggml_repeat
00000000000037fc T _ggml_repeat_4d
00000000000038cc T _ggml_repeat_back
00000000000019ac T _ggml_reset
000000000000710c T _ggml_reshape
0000000000007224 T _ggml_reshape_1d
0000000000007354 T _ggml_reshape_2d
0000000000007488 T _ggml_reshape_3d
00000000000075c4 T _ggml_reshape_4d
0000000000006214 T _ggml_rms_norm
00000000000062f8 T _ggml_rms_norm_back
000000000000626c T _ggml_rms_norm_inplace
000000000000a970 T _ggml_roll
000000000000863c T _ggml_rope
0000000000008988 T _ggml_rope_custom
00000000000089bc T _ggml_rope_custom_inplace
000000000000892c T _ggml_rope_ext
0000000000008aac T _ggml_rope_ext_back
0000000000008958 T _ggml_rope_ext_inplace
00000000000088d4 T _ggml_rope_inplace
0000000000008890 T _ggml_rope_multi
0000000000008ae0 T _ggml_rope_multi_back
00000000000088b0 T _ggml_rope_multi_inplace
0000000000008b08 T _ggml_rope_set_offset
00000000000089f4 T _ggml_rope_yarn_corr_dims
000000000000501c T _ggml_round
000000000000509c T _ggml_round_inplace
0000000000000f54 T _ggml_row_size
000000000000bc7c T _ggml_rwkv_wkv6
000000000000c4d8 T _ggml_rwkv_wkv7
00000000000068ac T _ggml_scale
0000000000006a5c T _ggml_scale_bias
0000000000006b04 T _ggml_scale_bias_inplace
0000000000006a50 T _ggml_scale_inplace
0000000000006b0c T _ggml_set
0000000000006c30 T _ggml_set_1d
0000000000006c44 T _ggml_set_1d_inplace
0000000000006c58 T _ggml_set_2d
0000000000006c68 T _ggml_set_2d_inplace
0000000000000264 T _ggml_set_abort_callback
0000000000006c28 T _ggml_set_inplace
0000000000011dcc T _ggml_set_input
0000000000011e1c T _ggml_set_loss
00000000000021b8 T _ggml_set_name
0000000000001a38 T _ggml_set_no_alloc
0000000000011ddc T _ggml_set_output
0000000000011df8 T _ggml_set_param
0000000000007dd8 T _ggml_set_rows
0000000000010a20 T _ggml_set_zero
0000000000003c24 T _ggml_sgn
0000000000003ca4 T _ggml_sgn_inplace
0000000000004438 T _ggml_sigmoid
00000000000044b8 T _ggml_sigmoid_inplace
0000000000004928 T _ggml_silu
0000000000004b24 T _ggml_silu_back
00000000000049a8 T _ggml_silu_inplace
00000000000032f0 T _ggml_sin
0000000000003330 T _ggml_sin_inplace
0000000000008294 T _ggml_soft_max
00000000000084ec T _ggml_soft_max_add_sinks
00000000000084dc T _ggml_soft_max_ext
0000000000008550 T _ggml_soft_max_ext_back
00000000000085a8 T _ggml_soft_max_ext_back_inplace
00000000000084e4 T _ggml_soft_max_ext_inplace
00000000000084c8 T _ggml_soft_max_inplace
00000000000031b4 T _ggml_softplus
0000000000003234 T _ggml_softplus_inplace
000000000000d3b4 T _ggml_solve_tri
0000000000002d08 T _ggml_sqr
0000000000002d48 T _ggml_sqr_inplace
0000000000002dc4 T _ggml_sqrt
0000000000002e04 T _ggml_sqrt_inplace
000000000000b254 T _ggml_ssm_conv
000000000000b334 T _ggml_ssm_scan
000000000000054c T _ggml_status_to_string
0000000000003e9c T _ggml_step
0000000000003f1c T _ggml_step_inplace
000000000000296c T _ggml_sub
0000000000002a98 T _ggml_sub_inplace
0000000000003468 T _ggml_sum
00000000000034b8 T _ggml_sum_rows
0000000000005a14 T _ggml_swiglu
0000000000006104 T _ggml_swiglu_clamp
00000000000060d4 T _ggml_swiglu_oai
0000000000005c48 T _ggml_swiglu_split
0000000000005b2c T _ggml_swiglu_swapped
0000000000003fd8 T _ggml_tanh
0000000000004058 T _ggml_tanh_inplace
00000000000011d4 T _ggml_tensor_overhead
0000000000012754 T _ggml_threadpool_params_default
00000000000126f8 T _ggml_threadpool_params_init
00000000000127b0 T _ggml_threadpool_params_match
0000000000000c1c T _ggml_time_init
0000000000000c20 T _ggml_time_ms
0000000000000c6c T _ggml_time_us
000000000000aa5c T _ggml_timestep_embedding
000000000000ae80 T _ggml_top_k
0000000000007b5c T _ggml_transpose
000000000000aaf0 T _ggml_tri
0000000000005158 T _ggml_trunc
00000000000051d8 T _ggml_trunc_inplace
0000000000000fa0 T _ggml_type_name
0000000000000ea0 T _ggml_type_size
0000000000000f78 T _ggml_type_sizef
0000000000002fbc T _ggml_unary
00000000000030f8 T _ggml_unary_inplace
0000000000000ff0 T _ggml_unary_op_name
0000000000002154 T _ggml_unravel_index
000000000000a244 T _ggml_upscale
000000000000a310 T _ggml_upscale_ext
0000000000001a14 T _ggml_used_mem
0000000000000c04 T _ggml_version
0000000000007704 T _ggml_view_1d
0000000000007774 T _ggml_view_2d
0000000000007828 T _ggml_view_3d
00000000000078f0 T _ggml_view_4d
0000000000002228 T _ggml_view_tensor
000000000000b774 T _ggml_win_part
000000000000b878 T _ggml_win_unpart
0000000000004a64 T _ggml_xielu
                 U _iq2xs_free_impl
                 U _iq2xs_init_impl
                 U _iq3xs_free_impl
                 U _iq3xs_init_impl
                 U _logf
                 U _mach_task_self_
                 U _malloc
                 U _memcmp
                 U _memcpy
                 U _quantize_iq1_m
                 U _quantize_iq1_s
                 U _quantize_iq2_s
                 U _quantize_iq2_xs
                 U _quantize_iq2_xxs
                 U _quantize_iq3_s
                 U _quantize_iq3_xxs
                 U _quantize_iq4_nl
                 U _quantize_iq4_xs
                 U _quantize_mxfp4
                 U _quantize_nvfp4
                 U _quantize_q1_0
                 U _quantize_q2_0
                 U _quantize_q2_K
                 U _quantize_q3_K
                 U _quantize_q4_0
                 U _quantize_q4_1
                 U _quantize_q4_K
                 U _quantize_q5_0
                 U _quantize_q5_1
                 U _quantize_q5_K
                 U _quantize_q6_K
                 U _quantize_q8_0
                 U _quantize_row_iq2_s_ref
                 U _quantize_row_iq3_s_ref
                 U _quantize_row_iq3_xxs_ref
                 U _quantize_row_iq4_nl_ref
                 U _quantize_row_iq4_xs_ref
                 U _quantize_row_mxfp4_ref
                 U _quantize_row_nvfp4_ref
                 U _quantize_row_q1_0_ref
                 U _quantize_row_q2_0_ref
                 U _quantize_row_q2_K_ref
                 U _quantize_row_q3_K_ref
                 U _quantize_row_q4_0_ref
                 U _quantize_row_q4_1_ref
                 U _quantize_row_q4_K_ref
                 U _quantize_row_q5_0_ref
                 U _quantize_row_q5_1_ref
                 U _quantize_row_q5_K_ref
                 U _quantize_row_q6_K_ref
                 U _quantize_row_q8_0_ref
                 U _quantize_row_q8_1_ref
                 U _quantize_row_tq1_0_ref
                 U _quantize_row_tq2_0_ref
                 U _quantize_tq1_0
                 U _quantize_tq2_0
                 U _snprintf
                 U _strcmp
                 U _vm_allocate
                 U _vm_deallocate
                 U _vsnprintf
                 U _waitpid

ggml.cpp.o:
                 U __ZSt13get_terminatev
                 U __ZSt13set_terminatePFvvE
                 U _abort
                 U _getenv
                 U _ggml_abort
                 U _ggml_print_backtrace

ggml-alloc.c.o:
                 U _bzero
                 U _calloc
                 U _free
                 U _ggml_abort
0000000000001df0 T _ggml_backend_alloc_ctx_tensors
0000000000001d8c T _ggml_backend_alloc_ctx_tensors_from_buft
0000000000001a98 T _ggml_backend_alloc_ctx_tensors_from_buft_size
                 U _ggml_backend_buffer_free
                 U _ggml_backend_buffer_get_alignment
                 U _ggml_backend_buffer_get_alloc_size
                 U _ggml_backend_buffer_get_base
                 U _ggml_backend_buffer_get_size
                 U _ggml_backend_buffer_reset
                 U _ggml_backend_buffer_set_usage
                 U _ggml_backend_buft_alloc_buffer
                 U _ggml_backend_buft_get_alignment
                 U _ggml_backend_buft_get_alloc_size
                 U _ggml_backend_buft_get_max_size
                 U _ggml_backend_buft_is_meta
                 U _ggml_backend_buft_name
                 U _ggml_backend_get_default_buffer_type
                 U _ggml_backend_meta_alloc_ctx_tensors_from_buft
                 U _ggml_backend_multi_buffer_alloc_buffer
                 U _ggml_backend_tensor_alloc
                 U _ggml_backend_view_init
0000000000001228 T _ggml_gallocr_alloc_graph
00000000000003a4 T _ggml_gallocr_free
0000000000001880 T _ggml_gallocr_get_buffer_size
000000000000037c T _ggml_gallocr_new
0000000000000174 T _ggml_gallocr_new_n
0000000000001218 T _ggml_gallocr_reserve
0000000000001210 T _ggml_gallocr_reserve_n
0000000000000594 T _ggml_gallocr_reserve_n_size
                 U _ggml_get_first_tensor
                 U _ggml_get_next_tensor
                 U _ggml_get_no_alloc
                 U _ggml_hash_set_free
                 U _ggml_hash_set_new
                 U _ggml_hash_set_reset
                 U _ggml_log_internal
0000000000000000 T _ggml_op_can_inplace
00000000000000a4 T _ggml_tallocr_alloc
000000000000004c T _ggml_tallocr_new
                 U _malloc
                 U _realloc

ggml-backend.cpp.o:
                 U __Unwind_Resume
                 U __ZNSt11logic_errorC2EPKc
0000000000009600 T __ZNSt12length_errorC1B9nqe220106EPKc
                 U __ZNSt12length_errorD1Ev
                 U __ZNSt20bad_array_new_lengthC1Ev
                 U __ZNSt20bad_array_new_lengthD1Ev
00000000000092b8 T __ZNSt3__110unique_ptrINS_11__hash_nodeINS_17__hash_value_typeIP11ggml_tensorNS_6vectorIS4_NS_9allocatorIS4_EEEEEEPvEENS_22__hash_node_destructorINS6_ISB_EEEEED1B9nqe220106Ev
0000000000009340 T __ZNSt3__112__hash_tableINS_17__hash_value_typeIP11ggml_tensorNS_6vectorIS3_NS_9allocatorIS3_EEEEEENS_22__unordered_map_hasherIS3_NS_4pairIKS3_S7_EENS_4hashIS3_EENS_8equal_toIS3_EEEENS_21__unordered_map_equalIS3_SC_SG_SE_EENS5_ISC_EEE11__do_rehashILb1EEEvm
                 U __ZNSt3__112__next_primeEm
00000000000059c4 T __ZNSt3__113unordered_mapIP11ggml_tensorNS_6vectorIS2_NS_9allocatorIS2_EEEENS_4hashIS2_EENS_8equal_toIS2_EENS4_INS_4pairIKS2_S6_EEEEED1B9nqe220106Ev
000000000000a9c8 S __ZNSt3__119piecewise_constructE
00000000000095b0 T __ZNSt3__120__throw_length_errorB9nqe220106EPKc
000000000000959c T __ZNSt3__16vectorIP11ggml_tensorNS_9allocatorIS2_EEE20__throw_length_errorB9nqe220106Ev
0000000000009318 T __ZSt28__throw_bad_array_new_lengthB9nqe220106v
                 U __ZTISt12length_error
                 U __ZTISt20bad_array_new_length
                 U __ZTVSt12length_error
0000000000008f78 T __ZZNSt3__112__hash_tableINS_17__hash_value_typeIP11ggml_tensorNS_6vectorIS3_NS_9allocatorIS3_EEEEEENS_22__unordered_map_hasherIS3_NS_4pairIKS3_S7_EENS_4hashIS3_EENS_8equal_toIS3_EEEENS_21__unordered_map_equalIS3_SC_SG_SE_EENS5_ISC_EEE16__emplace_uniqueB9nqe220106IJRKNS_21piecewise_construct_tENS_5tupleIJRSB_EEENSQ_IJEEEEEENSA_INS_15__hash_iteratorIPNS_11__hash_nodeIS8_PvEEEEbEEDpOT_ENKUlSR_SP_OSS_OST_E_clESR_SP_S14_S15_
00000000000094c0 T __ZZNSt3__16vectorIP11ggml_tensorNS_9allocatorIS2_EEE12emplace_backIJRKS2_EEERS2_DpOT_ENKUlvE0_clEv
                 U __ZdlPv
                 U __Znwm
                 U ___cxa_allocate_exception
                 U ___cxa_free_exception
                 U ___cxa_throw
                 U ___gxx_personality_v0
                 U _atoi
                 U _bzero
                 U _calloc
                 U _free
                 U _getenv
                 U _ggml_abort
                 U _ggml_aligned_free
                 U _ggml_aligned_malloc
0000000000000aa0 T _ggml_backend_alloc_buffer
                 U _ggml_backend_alloc_ctx_tensors
000000000000054c T _ggml_backend_buffer_clear
0000000000000994 T _ggml_backend_buffer_copy_tensor
00000000000003ec T _ggml_backend_buffer_free
0000000000000594 T _ggml_backend_buffer_get_alignment
0000000000000688 T _ggml_backend_buffer_get_alloc_size
000000000000045c T _ggml_backend_buffer_get_base
0000000000000604 T _ggml_backend_buffer_get_max_size
0000000000000420 T _ggml_backend_buffer_get_size
00000000000003b0 T _ggml_backend_buffer_get_type
0000000000000914 T _ggml_backend_buffer_get_usage
00000000000000c4 T _ggml_backend_buffer_init
0000000000000504 T _ggml_backend_buffer_init_tensor
00000000000006c4 T _ggml_backend_buffer_is_host
                 U _ggml_backend_buffer_is_meta
000000000000080c T _ggml_backend_buffer_is_multi_buffer
0000000000000340 T _ggml_backend_buffer_name
0000000000000950 T _ggml_backend_buffer_reset
0000000000000748 T _ggml_backend_buffer_set_usage
000000000000003c T _ggml_backend_buft_alloc_buffer
0000000000000124 T _ggml_backend_buft_get_alignment
00000000000001a8 T _ggml_backend_buft_get_alloc_size
0000000000000304 T _ggml_backend_buft_get_device
0000000000000160 T _ggml_backend_buft_get_max_size
00000000000002bc T _ggml_backend_buft_is_host
0000000000000000 T _ggml_backend_buft_name
0000000000008768 T _ggml_backend_compare_graph_backend
0000000000008b64 T _ggml_backend_cpu_buffer_from_ptr
0000000000008a90 T _ggml_backend_cpu_buffer_type
000000000000279c T _ggml_backend_dev_backend_reg
000000000000285c T _ggml_backend_dev_buffer_from_host_ptr
0000000000000a64 T _ggml_backend_dev_buffer_type
000000000000269c T _ggml_backend_dev_description
0000000000002750 T _ggml_backend_dev_get_props
0000000000002814 T _ggml_backend_dev_host_buffer_type
00000000000027d8 T _ggml_backend_dev_init
00000000000026d8 T _ggml_backend_dev_memory
0000000000002660 T _ggml_backend_dev_name
0000000000002064 T _ggml_backend_dev_offload_op
0000000000001fa4 T _ggml_backend_dev_supports_buft
0000000000001ef8 T _ggml_backend_dev_supports_op
0000000000002714 T _ggml_backend_dev_type
00000000000024f0 T _ggml_backend_event_free
00000000000024d8 T _ggml_backend_event_new
0000000000002508 T _ggml_backend_event_record
0000000000002580 T _ggml_backend_event_synchronize
00000000000025f4 T _ggml_backend_event_wait
00000000000009e4 T _ggml_backend_free
0000000000000b8c T _ggml_backend_get_alignment
00000000000009f4 T _ggml_backend_get_default_buffer_type
00000000000020ac T _ggml_backend_get_device
0000000000000c2c T _ggml_backend_get_max_size
0000000000001de0 T _ggml_backend_graph_compute
0000000000001e4c T _ggml_backend_graph_compute_async
0000000000007e98 T _ggml_backend_graph_copy
0000000000008720 T _ggml_backend_graph_copy_free
0000000000001d74 T _ggml_backend_graph_plan_compute
0000000000001c9c T _ggml_backend_graph_plan_create
0000000000001d08 T _ggml_backend_graph_plan_free
00000000000009c0 T _ggml_backend_guid
                 U _ggml_backend_meta_buffer_set_usage
0000000000002994 T _ggml_backend_multi_buffer_alloc_buffer
0000000000000858 T _ggml_backend_multi_buffer_set_usage
00000000000009cc T _ggml_backend_name
0000000000001fe0 T _ggml_backend_offload_op
00000000000028d4 T _ggml_backend_reg_dev_count
0000000000002910 T _ggml_backend_reg_dev_get
000000000000294c T _ggml_backend_reg_get_proc_address
0000000000002898 T _ggml_backend_reg_name
00000000000064d0 T _ggml_backend_sched_alloc_graph
0000000000005fb0 T _ggml_backend_sched_free
000000000000777c T _ggml_backend_sched_get_backend
0000000000007898 T _ggml_backend_sched_get_buffer_size
00000000000077f8 T _ggml_backend_sched_get_buffer_type
0000000000007740 T _ggml_backend_sched_get_n_backends
0000000000007704 T _ggml_backend_sched_get_n_copies
00000000000076c8 T _ggml_backend_sched_get_n_splits
0000000000007a54 T _ggml_backend_sched_get_tensor_backend
0000000000006780 T _ggml_backend_sched_graph_compute
0000000000006850 T _ggml_backend_sched_graph_compute_async
0000000000005a2c T _ggml_backend_sched_new
0000000000006358 T _ggml_backend_sched_reserve
00000000000060f4 T _ggml_backend_sched_reserve_size
0000000000005f14 T _ggml_backend_sched_reset
0000000000007688 T _ggml_backend_sched_set_eval_callback
0000000000007938 T _ggml_backend_sched_set_tensor_backend
0000000000002b3c T _ggml_backend_sched_split_graph
0000000000006294 T _ggml_backend_sched_synchronize
0000000000001f34 T _ggml_backend_supports_buft
0000000000001e88 T _ggml_backend_supports_op
0000000000000ebc T _ggml_backend_synchronize
0000000000007c50 T _ggml_backend_tensor_alloc
00000000000020e8 T _ggml_backend_tensor_copy
0000000000002338 T _ggml_backend_tensor_copy_async
0000000000001214 T _ggml_backend_tensor_get
00000000000018e8 T _ggml_backend_tensor_get_2d
00000000000014f0 T _ggml_backend_tensor_get_2d_async
0000000000001038 T _ggml_backend_tensor_get_async
0000000000001b3c T _ggml_backend_tensor_memset
0000000000000f00 T _ggml_backend_tensor_set
0000000000001694 T _ggml_backend_tensor_set_2d
000000000000134c T _ggml_backend_tensor_set_2d_async
0000000000000ce0 T _ggml_backend_tensor_set_async
0000000000007b34 T _ggml_backend_view_init
                 U _ggml_dup_tensor
                 U _ggml_format_name
                 U _ggml_free
                 U _ggml_gallocr_alloc_graph
                 U _ggml_gallocr_free
                 U _ggml_gallocr_get_buffer_size
                 U _ggml_gallocr_new_n
                 U _ggml_gallocr_reserve_n
                 U _ggml_gallocr_reserve_n_size
                 U _ggml_graph_next_uid
                 U _ggml_graph_overhead_custom
                 U _ggml_graph_view
                 U _ggml_hash_set_free
                 U _ggml_hash_set_new
                 U _ggml_hash_set_reset
                 U _ggml_init
                 U _ggml_is_quantized
                 U _ggml_log_internal
                 U _ggml_nbytes
                 U _ggml_nelements
                 U _ggml_new_graph_custom
000000000000029c T _ggml_op_alloc_size_may_expand
                 U _ggml_op_desc
                 U _ggml_op_name
                 U _ggml_set_input
                 U _ggml_set_name
                 U _ggml_set_output
                 U _ggml_tensor_overhead
                 U _ggml_view_tensor
                 U _malloc
                 U _memcpy
                 U _memset
                 U _realloc
                 U _snprintf

ggml-backend-meta.cpp.o:
                 U __Unwind_Resume
0000000000002dac T __ZN25ggml_backend_meta_context14backend_configD2Ev
00000000000025f0 T __ZN25ggml_backend_meta_contextC2EP19ggml_backend_devicePKc
000000000000d734 T __ZN25ggml_backend_meta_contextD2Ev
000000000000b380 T __ZN32ggml_backend_meta_buffer_contextC2ER41ggml_backend_meta_simple_tensor_containerS1_S1_RKNSt3__16vectorIP19ggml_backend_bufferNS2_9allocatorIS5_EEEE
000000000000646c T __ZN32ggml_backend_meta_buffer_contextD2Ev
0000000000001a08 T __ZN32ggml_backend_meta_device_contextC2ENSt3__16vectorIP19ggml_backend_deviceNS0_9allocatorIS3_EEEEPF29ggml_backend_meta_split_statePK11ggml_tensorPvESB_
000000000000ec3c T __ZN32ggml_backend_meta_device_contextC2ERKS_
00000000000005a8 T __ZN32ggml_backend_meta_device_contextD1Ev
0000000000003504 T __ZN37ggml_backend_meta_buffer_type_contextC2ENSt3__16vectorIP24ggml_backend_buffer_typeNS0_9allocatorIS3_EEEE
000000000000b074 T __ZN41ggml_backend_meta_simple_tensor_containerC2ERK16ggml_init_paramsi
0000000000001894 T __ZN41ggml_backend_meta_simple_tensor_containerD1Ev
                 U __ZNSt11logic_errorC2EPKc
0000000000001c38 T __ZNSt12length_errorC1B9nqe220106EPKc
                 U __ZNSt12length_errorD1Ev
                 U __ZNSt20bad_array_new_lengthC1Ev
                 U __ZNSt20bad_array_new_lengthD1Ev
0000000000002cbc T __ZNSt3__110unique_ptrI12ggml_context20ggml_context_deleterED1B9nqe220106Ev
0000000000000530 T __ZNSt3__110unique_ptrI32ggml_backend_meta_device_contextNS_14default_deleteIS1_EEED1B9nqe220106Ev
000000000000f0b0 T __ZNSt3__110unique_ptrINS_11__tree_nodeINS_12__value_typeI32ggml_backend_meta_device_context19ggml_backend_deviceEEPvEENS_22__tree_node_destructorINS_9allocatorIS7_EEEEED1B9nqe220106Ev
0000000000001bd4 T __ZNSt3__112basic_stringIcNS_11char_traitsIcEENS_9allocatorIcEEE20__throw_length_errorB9nqe220106Ev
000000000000ed58 T __ZNSt3__112basic_stringIcNS_11char_traitsIcEENS_9allocatorIcEEE25__init_copy_ctor_externalEPKcm
                 U __ZNSt3__112basic_stringIcNS_11char_traitsIcEENS_9allocatorIcEEE6appendEPKc
                 U __ZNSt3__112basic_stringIcNS_11char_traitsIcEENS_9allocatorIcEEE6appendEPKcm
                 U __ZNSt3__112basic_stringIcNS_11char_traitsIcEENS_9allocatorIcEEE6assignEPKc
0000000000002d5c T __ZNSt3__114__split_bufferIN25ggml_backend_meta_context14backend_configERNS_9allocatorIS2_EEED1Ev
000000000000eef8 T __ZNSt3__114__split_bufferINS_10unique_ptrI32ggml_backend_meta_device_contextNS_14default_deleteIS2_EEEERNS_9allocatorIS5_EEED2Ev
0000000000001be8 T __ZNSt3__120__throw_length_errorB9nqe220106EPKc
000000000000efa0 T __ZNSt3__125__try_key_extraction_implB9nqe220106I32ggml_backend_meta_device_contextNS_4pairINS_15__tree_iteratorINS_12__value_typeIS1_19ggml_backend_deviceEEPNS_11__tree_nodeIS6_PvEElEEbEEZNS_6__treeIS6_NS_19__map_value_compareIS1_NS2_IKS1_S5_EENS_4lessIS1_EEEENS_9allocatorISG_EEE16__emplace_uniqueB9nqe220106IJRS1_RS5_EEESC_DpOT_EUlRSF_SO_SP_E_ZNSN_IJSO_SP_EEESC_SS_EUlSO_SP_E_SO_SP_Li0EEET0_NS_14__priority_tagILm1EEET1_T2_OT3_OT4_
000000000000363c T __ZNSt3__127__tree_balance_after_insertB9nqe220106IPNS_16__tree_node_baseIPvEEEEvT_S5_
00000000000004f0 T __ZNSt3__13mapI32ggml_backend_meta_device_context19ggml_backend_deviceNS_4lessIS1_EENS_9allocatorINS_4pairIKS1_S2_EEEEED1B9nqe220106Ev
0000000000006618 T __ZNSt3__13mapINS_4pairIPK11ggml_tensorbEENS1_I29ggml_backend_meta_split_stateA328_cEENS_4lessIS5_EENS_9allocatorINS1_IKS5_S8_EEEEED1B9nqe220106Ev
0000000000003388 T __ZNSt3__13mapIP19ggml_backend_device24ggml_backend_buffer_typeNS_4lessIS2_EENS_9allocatorINS_4pairIKS2_S3_EEEEED1B9nqe220106Ev
000000000000b17c T __ZNSt3__13mapIPK11ggml_tensorNS_6vectorIPS1_NS_9allocatorIS5_EEEENS_4lessIS3_EENS6_INS_4pairIKS3_S8_EEEEED1B9nqe220106Ev
000000000000ea9c T __ZNSt3__16__treeINS_12__value_typeI32ggml_backend_meta_device_context19ggml_backend_deviceEENS_19__map_value_compareIS2_NS_4pairIKS2_S3_EENS_4lessIS2_EEEENS_9allocatorIS8_EEE12__find_equalB9nqe220106IS2_EENS6_IPNS_15__tree_end_nodeIPNS_16__tree_node_baseIPvEEEERSK_EERKT_
000000000000e914 T __ZNSt3__16__treeINS_12__value_typeI32ggml_backend_meta_device_context19ggml_backend_deviceEENS_19__map_value_compareIS2_NS_4pairIKS2_S3_EENS_4lessIS2_EEEENS_9allocatorIS8_EEE14__tree_deleterclB9nqe220106EPNS_11__tree_nodeIS4_PvEE
0000000000006658 T __ZNSt3__16__treeINS_12__value_typeINS_4pairIPK11ggml_tensorbEENS2_I29ggml_backend_meta_split_stateA328_cEEEENS_19__map_value_compareIS6_NS2_IKS6_S9_EENS_4lessIS6_EEEENS_9allocatorISD_EEE14__tree_deleterclB9nqe220106EPNS_11__tree_nodeISA_PvEE
00000000000033c8 T __ZNSt3__16__treeINS_12__value_typeIP19ggml_backend_device24ggml_backend_buffer_typeEENS_19__map_value_compareIS3_NS_4pairIKS3_S4_EENS_4lessIS3_EEEENS_9allocatorIS9_EEE14__tree_deleterclB9nqe220106EPNS_11__tree_nodeIS5_PvEE
000000000000b31c T __ZNSt3__16__treeINS_12__value_typeIPK11ggml_tensorNS_6vectorIPS2_NS_9allocatorIS6_EEEEEENS_19__map_value_compareIS4_NS_4pairIKS4_S9_EENS_4lessIS4_EEEENS7_ISE_EEE14__tree_deleterclB9nqe220106EPNS_11__tree_nodeISA_PvEE
000000000000e4bc T __ZNSt3__16__treeIP19ggml_backend_bufferNS_4lessIS2_EENS_9allocatorIS2_EEE14__tree_deleterclB9nqe220106EPNS_11__tree_nodeIS2_PvEE
000000000000dcd8 T __ZNSt3__16vectorIN25ggml_backend_meta_context13cgraph_configENS_9allocatorIS2_EEE20__throw_length_errorB9nqe220106Ev
000000000000d99c T __ZNSt3__16vectorIN25ggml_backend_meta_context13cgraph_configENS_9allocatorIS2_EEE6resizeEm
0000000000002ee4 T __ZNSt3__16vectorIN25ggml_backend_meta_context13cgraph_configENS_9allocatorIS2_EEED1B9nqe220106Ev
0000000000002d48 T __ZNSt3__16vectorIN25ggml_backend_meta_context14backend_configENS_9allocatorIS2_EEE20__throw_length_errorB9nqe220106Ev
000000000000318c T __ZNSt3__16vectorIN25ggml_backend_meta_context14backend_configENS_9allocatorIS2_EEE24__emplace_back_slow_pathIJRP12ggml_backendRmEEEPS2_DpOT_
0000000000002b94 T __ZNSt3__16vectorIN25ggml_backend_meta_context14backend_configENS_9allocatorIS2_EEE7reserveEm
0000000000002cf0 T __ZNSt3__16vectorIN25ggml_backend_meta_context14backend_configENS_9allocatorIS2_EEED1B9nqe220106Ev
000000000000b22c T __ZNSt3__16vectorINS_10unique_ptrI12ggml_context20ggml_context_deleterEENS_9allocatorIS4_EEE20__throw_length_errorB9nqe220106Ev
000000000000b1bc T __ZNSt3__16vectorINS_10unique_ptrI12ggml_context20ggml_context_deleterEENS_9allocatorIS4_EEED1B9nqe220106Ev
0000000000003178 T __ZNSt3__16vectorINS_10unique_ptrI19ggml_backend_buffer27ggml_backend_buffer_deleterEENS_9allocatorIS4_EEE20__throw_length_errorB9nqe220106Ev
0000000000003044 T __ZNSt3__16vectorINS_10unique_ptrI19ggml_backend_buffer27ggml_backend_buffer_deleterEENS_9allocatorIS4_EEE6resizeEm
0000000000002e74 T __ZNSt3__16vectorINS_10unique_ptrI19ggml_backend_buffer27ggml_backend_buffer_deleterEENS_9allocatorIS4_EEED1B9nqe220106Ev
000000000000e830 T __ZNSt3__16vectorINS_10unique_ptrI32ggml_backend_meta_device_contextNS_14default_deleteIS2_EEEENS_9allocatorIS5_EEE16__destroy_vectorclB9nqe220106Ev
000000000000eee4 T __ZNSt3__16vectorINS_10unique_ptrI32ggml_backend_meta_device_contextNS_14default_deleteIS2_EEEENS_9allocatorIS5_EEE20__throw_length_errorB9nqe220106Ev
00000000000004bc T __ZNSt3__16vectorINS_10unique_ptrI32ggml_backend_meta_device_contextNS_14default_deleteIS2_EEEENS_9allocatorIS5_EEED1B9nqe220106Ev
000000000000e4a8 T __ZNSt3__16vectorIP11ggml_cgraphNS_9allocatorIS2_EEE20__throw_length_errorB9nqe220106Ev
000000000000dbb4 T __ZNSt3__16vectorIP11ggml_cgraphNS_9allocatorIS2_EEE6resizeEm
000000000000b7a4 T __ZNSt3__16vectorIP11ggml_tensorNS_9allocatorIS2_EEE18__assign_with_sizeB9nqe220106INS_17_ClassicAlgPolicyEPS2_S8_EEvT0_T1_l
000000000000b6b4 T __ZNSt3__16vectorIP11ggml_tensorNS_9allocatorIS2_EEE20__throw_length_errorB9nqe220106Ev
000000000000d878 T __ZNSt3__16vectorIP11ggml_tensorNS_9allocatorIS2_EEE6resizeEm
0000000000002f54 T __ZNSt3__16vectorIP12ggml_backendNS_9allocatorIS2_EEE20__throw_length_errorB9nqe220106Ev
000000000000415c T __ZNSt3__16vectorIP19ggml_backend_bufferNS_9allocatorIS2_EEE20__throw_length_errorB9nqe220106Ev
000000000000e9ac T __ZNSt3__16vectorIP19ggml_backend_deviceNS_9allocatorIS2_EEE20__throw_length_errorB9nqe220106Ev
0000000000003414 T __ZNSt3__16vectorIP24ggml_backend_buffer_typeNS_9allocatorIS2_EEE20__throw_length_errorB9nqe220106Ev
000000000000b060 T __ZNSt3__16vectorIfNS_9allocatorIfEEE20__throw_length_errorB9nqe220106Ev
000000000000ae10 T __ZNSt3__16vectorIfNS_9allocatorIfEEE6resizeEmRKf
000000000000adfc T __ZNSt3__16vectorImNS_9allocatorImEEE20__throw_length_errorB9nqe220106Ev
                 U __ZNSt3__19to_stringEj
                 U __ZNSt3__19to_stringEx
0000000000001c5c T __ZSt28__throw_bad_array_new_lengthB9nqe220106v
                 U __ZSt9terminatev
                 U __ZTISt12length_error
                 U __ZTISt20bad_array_new_length
                 U __ZTVSt12length_error
000000000000b240 T __ZZNSt3__16vectorINS_10unique_ptrI12ggml_context20ggml_context_deleterEENS_9allocatorIS4_EEE12emplace_backIJPS2_EEERS4_DpOT_ENKUlvE0_clEv
000000000000b5d8 T __ZZNSt3__16vectorINS_10unique_ptrI19ggml_backend_buffer27ggml_backend_buffer_deleterEENS_9allocatorIS4_EEE12emplace_backIJRPS2_EEERS4_DpOT_ENKUlvE0_clEv
000000000000ede8 T __ZZNSt3__16vectorINS_10unique_ptrI32ggml_backend_meta_device_contextNS_14default_deleteIS2_EEEENS_9allocatorIS5_EEE12emplace_backIJS5_EEERS5_DpOT_ENKUlvE0_clEv
000000000000b6c8 T __ZZNSt3__16vectorIP11ggml_tensorNS_9allocatorIS2_EEE12emplace_backIJRKS2_EEERS2_DpOT_ENKUlvE0_clEv
0000000000002f68 T __ZZNSt3__16vectorIP12ggml_backendNS_9allocatorIS2_EEE12emplace_backIJS2_EEERS2_DpOT_ENKUlvE0_clEv
0000000000004170 T __ZZNSt3__16vectorIP19ggml_backend_bufferNS_9allocatorIS2_EEE12emplace_backIJS2_EEERS2_DpOT_ENKUlvE0_clEv
000000000000e9c0 T __ZZNSt3__16vectorIP19ggml_backend_deviceNS_9allocatorIS2_EEE12emplace_backIJRKS2_EEERS2_DpOT_ENKUlvE0_clEv
0000000000003428 T __ZZNSt3__16vectorIP24ggml_backend_buffer_typeNS_9allocatorIS2_EEE12emplace_backIJS2_EEERS2_DpOT_ENKUlvE0_clEv
                 U __ZdlPv
                 U __Znwm
                 U ___chkstk_darwin
0000000000001bc4 T ___clang_call_terminate
                 U ___cxa_allocate_exception
                 U ___cxa_atexit
                 U ___cxa_begin_catch
                 U ___cxa_free_exception
                 U ___cxa_guard_acquire
                 U ___cxa_guard_release
                 U ___cxa_throw
                 U ___dso_handle
                 U ___gxx_personality_v0
                 U ___stack_chk_fail
                 U ___stack_chk_guard
                 U _atoi
                 U _bzero
                 U _getenv
                 U _ggml_abort
                 U _ggml_are_same_shape
                 U _ggml_backend_alloc_buffer
                 U _ggml_backend_alloc_ctx_tensors_from_buft
                 U _ggml_backend_buffer_clear
                 U _ggml_backend_buffer_free
                 U _ggml_backend_buffer_get_base
                 U _ggml_backend_buffer_get_size
                 U _ggml_backend_buffer_get_type
                 U _ggml_backend_buffer_get_usage
                 U _ggml_backend_buffer_init
                 U _ggml_backend_buffer_init_tensor
                 U _ggml_backend_buffer_is_host
0000000000000628 T _ggml_backend_buffer_is_meta
                 U _ggml_backend_buffer_is_multi_buffer
                 U _ggml_backend_buffer_reset
                 U _ggml_backend_buffer_set_usage
                 U _ggml_backend_buft_alloc_buffer
                 U _ggml_backend_buft_get_alignment
                 U _ggml_backend_buft_get_alloc_size
                 U _ggml_backend_buft_get_device
                 U _ggml_backend_buft_get_max_size
                 U _ggml_backend_buft_is_host
000000000000060c T _ggml_backend_buft_is_meta
                 U _ggml_backend_buft_name
                 U _ggml_backend_dev_backend_reg
                 U _ggml_backend_dev_buffer_type
                 U _ggml_backend_dev_description
                 U _ggml_backend_dev_get_props
                 U _ggml_backend_dev_host_buffer_type
                 U _ggml_backend_dev_init
                 U _ggml_backend_dev_memory
                 U _ggml_backend_dev_name
                 U _ggml_backend_dev_supports_op
                 U _ggml_backend_free
                 U _ggml_backend_get_device
                 U _ggml_backend_graph_compute_async
0000000000001924 T _ggml_backend_is_meta
00000000000006ec T _ggml_backend_meta_alloc_ctx_tensors_from_buft
0000000000000644 T _ggml_backend_meta_buffer_set_usage
00000000000000d4 T _ggml_backend_meta_device
0000000000001940 T _ggml_backend_meta_n_backends
00000000000019a8 T _ggml_backend_meta_simple_backend
0000000000000000 T _ggml_backend_meta_split_axis_name
                 U _ggml_backend_reg_get_proc_address
                 U _ggml_backend_synchronize
                 U _ggml_backend_tensor_copy_async
                 U _ggml_backend_tensor_get
                 U _ggml_backend_tensor_get_2d
                 U _ggml_backend_tensor_get_2d_async
                 U _ggml_backend_tensor_get_async
                 U _ggml_backend_tensor_memset
                 U _ggml_backend_tensor_set
                 U _ggml_backend_tensor_set_2d
                 U _ggml_backend_tensor_set_2d_async
                 U _ggml_backend_tensor_set_async
                 U _ggml_backend_view_init
                 U _ggml_blck_size
                 U _ggml_free
                 U _ggml_get_first_tensor
                 U _ggml_get_mem_size
                 U _ggml_get_next_tensor
                 U _ggml_graph_next_uid
                 U _ggml_graph_overhead_custom
                 U _ggml_hash_set_reset
                 U _ggml_init
                 U _ggml_is_contiguous
                 U _ggml_is_permuted
                 U _ggml_log_internal
                 U _ggml_n_dims
                 U _ggml_nbytes
                 U _ggml_nelements
                 U _ggml_new_graph_custom
                 U _ggml_new_tensor
                 U _ggml_new_tensor_1d
                 U _ggml_op_name
                 U _ggml_reset
                 U _ggml_set_name
                 U _ggml_tensor_overhead
                 U _log2
                 U _memcmp
                 U _memcpy
                 U _memmove
                 U _strlen

ggml-opt.cpp.o:
                 U __Unwind_Resume
                 U __ZNSt11logic_errorC2EPKc
0000000000003b40 T __ZNSt12length_errorC1B9nqe220106EPKc
                 U __ZNSt12length_errorD1Ev
                 U __ZNSt20bad_array_new_lengthC1Ev
                 U __ZNSt20bad_array_new_lengthD1Ev
0000000000003af0 T __ZNSt3__120__throw_length_errorB9nqe220106EPKc
0000000000004104 T __ZNSt3__124uniform_int_distributionIlEclINS_23mersenne_twister_engineIjLm32ELm624ELm397ELm31ELj2567483615ELm11ELj4294967295ELm7ELj2636928640ELm15ELj4022730752ELm18ELj1812433253EEEEElRT_RKNS1_10param_typeE
000000000000429c T __ZNSt3__125__independent_bits_engineINS_23mersenne_twister_engineIjLm32ELm624ELm397ELm31ELj2567483615ELm11ELj4294967295ELm7ELj2636928640ELm15ELj4022730752ELm18ELj1812433253EEEmE6__evalENS_17integral_constantIbLb1EEE
0000000000003ed0 T __ZNSt3__127__tree_balance_after_insertB9nqe220106IPNS_16__tree_node_baseIPvEEEEvT_S5_
0000000000003e90 T __ZNSt3__13mapIP11ggml_tensorS2_NS_4lessIS2_EENS_9allocatorINS_4pairIKS2_S2_EEEEED1B9nqe220106Ev
00000000000040a4 T __ZNSt3__16__treeINS_12__value_typeIP11ggml_tensorS3_EENS_19__map_value_compareIS3_NS_4pairIKS3_S3_EENS_4lessIS3_EEEENS_9allocatorIS8_EEE14__tree_deleterclB9nqe220106EPNS_11__tree_nodeIS4_PvEE
0000000000003adc T __ZNSt3__16vectorIP11ggml_tensorNS_9allocatorIS2_EEE20__throw_length_errorB9nqe220106Ev
00000000000039b8 T __ZNSt3__16vectorIP11ggml_tensorNS_9allocatorIS2_EEE6resizeEm
00000000000046a8 T __ZNSt3__16vectorIfNS_9allocatorIfEEE20__throw_length_errorB9nqe220106Ev
00000000000046d0 T __ZNSt3__16vectorIiNS_9allocatorIiEEE18__insert_with_sizeB9nqe220106INS_17_ClassicAlgPolicyENS_11__wrap_iterIPiEES8_EES8_NS6_IPKiEET0_T1_l
00000000000046bc T __ZNSt3__16vectorIiNS_9allocatorIiEEE20__throw_length_errorB9nqe220106Ev
00000000000040f0 T __ZNSt3__16vectorIxNS_9allocatorIxEEE20__throw_length_errorB9nqe220106Ev
0000000000000260 T __ZNSt3__16vectorIxNS_9allocatorIxEEE6resizeEm
0000000000003b64 T __ZSt28__throw_bad_array_new_lengthB9nqe220106v
                 U __ZSt9terminatev
                 U __ZTISt12length_error
                 U __ZTISt20bad_array_new_length
                 U __ZTVSt12length_error
00000000000045cc T __ZZNSt3__16vectorIfNS_9allocatorIfEEE12emplace_backIJRKfEEERfDpOT_ENKUlvE0_clEv
                 U __ZdlPv
                 U __Znwm
00000000000039a8 T ___clang_call_terminate
                 U ___cxa_allocate_exception
                 U ___cxa_begin_catch
                 U ___cxa_free_exception
                 U ___cxa_throw
                 U ___gxx_personality_v0
                 U ___stderrp
                 U _bzero
                 U _fflush
                 U _fprintf
                 U _fputc
                 U _fwrite
                 U _ggml_abort
                 U _ggml_argmax
                 U _ggml_backend_alloc_ctx_tensors
                 U _ggml_backend_alloc_ctx_tensors_from_buft
                 U _ggml_backend_buffer_free
                 U _ggml_backend_cpu_buffer_type
                 U _ggml_backend_sched_alloc_graph
                 U _ggml_backend_sched_get_backend
                 U _ggml_backend_sched_graph_compute
                 U _ggml_backend_sched_reset
                 U _ggml_backend_tensor_get
                 U _ggml_backend_tensor_set
                 U _ggml_build_backward_expand
                 U _ggml_build_forward_expand
                 U _ggml_count_equal
                 U _ggml_cross_entropy_loss
                 U _ggml_dup_tensor
                 U _ggml_format_name
                 U _ggml_free
                 U _ggml_get_data_f32
                 U _ggml_graph_dup
                 U _ggml_graph_get_grad
                 U _ggml_graph_get_grad_acc
                 U _ggml_graph_overhead_custom
                 U _ggml_graph_reset
                 U _ggml_init
                 U _ggml_is_contiguous
                 U _ggml_is_scalar
                 U _ggml_nbytes
                 U _ggml_nelements
                 U _ggml_new_graph_custom
                 U _ggml_new_tensor
                 U _ggml_new_tensor_1d
                 U _ggml_new_tensor_2d
0000000000001d58 T _ggml_opt_alloc
0000000000003974 T _ggml_opt_context_optimizer_type
00000000000003cc T _ggml_opt_dataset_data
0000000000000384 T _ggml_opt_dataset_free
0000000000000564 T _ggml_opt_dataset_get_batch
0000000000000814 T _ggml_opt_dataset_get_batch_host
0000000000000000 T _ggml_opt_dataset_init
00000000000003d4 T _ggml_opt_dataset_labels
00000000000003c4 T _ggml_opt_dataset_ndata
00000000000003dc T _ggml_opt_dataset_shuffle
00000000000009c8 T _ggml_opt_default_params
0000000000002894 T _ggml_opt_epoch
0000000000002b68 T _ggml_opt_epoch_callback_progress_bar
00000000000021f0 T _ggml_opt_eval
00000000000033e4 T _ggml_opt_fit
00000000000015a8 T _ggml_opt_free
00000000000009b4 T _ggml_opt_get_constant_optimizer_params
0000000000000994 T _ggml_opt_get_default_optimizer_params
000000000000169c T _ggml_opt_grad_acc
00000000000009fc T _ggml_opt_init
000000000000166c T _ggml_opt_inputs
000000000000167c T _ggml_opt_labels
0000000000001684 T _ggml_opt_loss
0000000000001694 T _ggml_opt_ncorrect
000000000000397c T _ggml_opt_optimizer_name
0000000000001674 T _ggml_opt_outputs
000000000000168c T _ggml_opt_pred
0000000000001d08 T _ggml_opt_prepare_alloc
0000000000001628 T _ggml_opt_reset
0000000000001c9c T _ggml_opt_result_accuracy
00000000000016d4 T _ggml_opt_result_free
00000000000016a4 T _ggml_opt_result_init
0000000000001744 T _ggml_opt_result_loss
0000000000001738 T _ggml_opt_result_ndata
0000000000001bd8 T _ggml_opt_result_pred
000000000000171c T _ggml_opt_result_reset
0000000000001664 T _ggml_opt_static_graphs
                 U _ggml_opt_step_adamw
                 U _ggml_opt_step_sgd
                 U _ggml_scale
                 U _ggml_set_input
                 U _ggml_set_loss
                 U _ggml_set_name
                 U _ggml_set_output
                 U _ggml_sqr
                 U _ggml_sub
                 U _ggml_sum
                 U _ggml_tensor_overhead
                 U _ggml_time_init
                 U _ggml_time_us
                 U _memcpy
                 U _memmove
                 U _powf
                 U _strcpy

ggml-threading.cpp.o:
                 U __ZNSt3__15mutex4lockEv
                 U __ZNSt3__15mutex6unlockEv
                 U __ZNSt3__15mutexD1Ev
                 U ___cxa_atexit
                 U ___dso_handle
000000000000000c T _ggml_critical_section_end
0000000000000038 D _ggml_critical_section_mutex
0000000000000000 T _ggml_critical_section_start

ggml-quants.c.o:
                 U ___stack_chk_fail
                 U ___stack_chk_guard
                 U ___stderrp
                 U _bzero
0000000000019aa8 T _dequantize_row_iq1_m
00000000000198e4 T _dequantize_row_iq1_s
0000000000018b28 T _dequantize_row_iq2_s
0000000000018688 T _dequantize_row_iq2_xs
0000000000018324 T _dequantize_row_iq2_xxs
000000000001922c T _dequantize_row_iq3_s
0000000000018eb0 T _dequantize_row_iq3_xxs
0000000000019cf4 T _dequantize_row_iq4_nl
000000000001a0f8 T _dequantize_row_iq4_xs
0000000000003cd4 T _dequantize_row_mxfp4
00000000000040b4 T _dequantize_row_nvfp4
0000000000002970 T _dequantize_row_q1_0
0000000000002c90 T _dequantize_row_q2_0
00000000000050d8 T _dequantize_row_q2_K
0000000000007170 T _dequantize_row_q3_K
0000000000002f84 T _dequantize_row_q4_0
0000000000003600 T _dequantize_row_q4_1
000000000000a12c T _dequantize_row_q4_K
0000000000003790 T _dequantize_row_q5_0
0000000000003988 T _dequantize_row_q5_1
000000000000d850 T _dequantize_row_q5_K
000000000001038c T _dequantize_row_q6_K
0000000000003bc8 T _dequantize_row_q8_0
000000000001acdc T _dequantize_row_q8_K
0000000000016ce0 T _dequantize_row_tq1_0
000000000001795c T _dequantize_row_tq2_0
                 U _fprintf
                 U _free
                 U _ggml_abort
                 U _ggml_row_size
                 U _ggml_type_name
                 U _ggml_type_size
0000000000028988 T _ggml_validate_row_data
000000000001c1d4 T _iq2xs_free_impl
000000000001b470 T _iq2xs_init_impl
000000000002007c T _iq3xs_free_impl
000000000001f5a4 T _iq3xs_init_impl
                 U _ldexpf
                 U _log2f
                 U _malloc
                 U _memset
                 U _printf
                 U _putchar
                 U _puts
                 U _qsort
0000000000024a5c T _quantize_iq1_m
0000000000023254 T _quantize_iq1_s
0000000000027300 T _quantize_iq2_s
000000000001dc68 T _quantize_iq2_xs
000000000001c2cc T _quantize_iq2_xxs
00000000000218cc T _quantize_iq3_s
000000000002010c T _quantize_iq3_xxs
0000000000025f40 T _quantize_iq4_nl
0000000000027054 T _quantize_iq4_xs
0000000000016648 T _quantize_mxfp4
0000000000016680 T _quantize_nvfp4
00000000000116a0 T _quantize_q1_0
0000000000011a88 T _quantize_q2_0
0000000000005484 T _quantize_q2_K
00000000000076b0 T _quantize_q3_K
0000000000011d90 T _quantize_q4_0
0000000000012bd8 T _quantize_q4_1
000000000000a7fc T _quantize_q4_K
0000000000013ef8 T _quantize_q5_0
0000000000014f80 T _quantize_q5_1
000000000000dd3c T _quantize_q5_K
0000000000010bb8 T _quantize_q6_K
00000000000165ec T _quantize_q8_0
0000000000028978 T _quantize_row_iq2_s_ref
0000000000023244 T _quantize_row_iq3_s_ref
00000000000218c4 T _quantize_row_iq3_xxs_ref
0000000000026f74 T _quantize_row_iq4_nl_ref
0000000000027220 T _quantize_row_iq4_xs_ref
0000000000001b40 T _quantize_row_mxfp4_ref
00000000000023e0 T _quantize_row_nvfp4_ref
0000000000000000 T _quantize_row_q1_0_ref
00000000000001ac T _quantize_row_q2_0_ref
0000000000004378 T _quantize_row_q2_K_ref
000000000000645c T _quantize_row_q3_K_ref
00000000000002e8 T _quantize_row_q4_0_ref
0000000000000698 T _quantize_row_q4_1_ref
0000000000008ad8 T _quantize_row_q4_K_ref
0000000000000ac4 T _quantize_row_q5_0_ref
0000000000000f78 T _quantize_row_q5_1_ref
000000000000c058 T _quantize_row_q5_K_ref
000000000000f74c T _quantize_row_q6_K_ref
00000000000014a0 T _quantize_row_q8_0_ref
00000000000017b4 T _quantize_row_q8_1_ref
000000000001a560 T _quantize_row_q8_K_ref
00000000000166b8 T _quantize_row_tq1_0_ref
0000000000016a54 T _quantize_row_tq2_0_ref
0000000000016c28 T _quantize_tq1_0
0000000000016c84 T _quantize_tq2_0

gguf.cpp.o:
                 U __DefaultRuneLocale
                 U __Unwind_Resume
0000000000000080 T __Z14gguf_type_size9gguf_type
0000000000005f30 T __Z17gguf_write_to_bufPK12gguf_contextRNSt3__16vectorIaNS2_9allocatorIaEEEEb
0000000000008760 T __Z24gguf_read_emplace_helperINSt3__112basic_stringIcNS0_11char_traitsIcEENS0_9allocatorIcEEEEEbRK11gguf_readerRNS0_6vectorI7gguf_kvNS4_ISB_EEEERKS6_bm
000000000000744c T __Z24gguf_read_emplace_helperIaEbRK11gguf_readerRNSt3__16vectorI7gguf_kvNS3_9allocatorIS5_EEEERKNS3_12basic_stringIcNS3_11char_traitsIcEENS6_IcEEEEbm
00000000000084a0 T __Z24gguf_read_emplace_helperIbEbRK11gguf_readerRNSt3__16vectorI7gguf_kvNS3_9allocatorIS5_EEEERKNS3_12basic_stringIcNS3_11char_traitsIcEENS6_IcEEEEbm
0000000000008fd0 T __Z24gguf_read_emplace_helperIdEbRK11gguf_readerRNSt3__16vectorI7gguf_kvNS3_9allocatorIS5_EEEERKNS3_12basic_stringIcNS3_11char_traitsIcEENS6_IcEEEEbm
00000000000081e4 T __Z24gguf_read_emplace_helperIfEbRK11gguf_readerRNSt3__16vectorI7gguf_kvNS3_9allocatorIS5_EEEERKNS3_12basic_stringIcNS3_11char_traitsIcEENS6_IcEEEEbm
00000000000071a4 T __Z24gguf_read_emplace_helperIhEbRK11gguf_readerRNSt3__16vectorI7gguf_kvNS3_9allocatorIS5_EEEERKNS3_12basic_stringIcNS3_11char_traitsIcEENS6_IcEEEEbm
0000000000007f28 T __Z24gguf_read_emplace_helperIiEbRK11gguf_readerRNSt3__16vectorI7gguf_kvNS3_9allocatorIS5_EEEERKNS3_12basic_stringIcNS3_11char_traitsIcEENS6_IcEEEEbm
0000000000007c6c T __Z24gguf_read_emplace_helperIjEbRK11gguf_readerRNSt3__16vectorI7gguf_kvNS3_9allocatorIS5_EEEERKNS3_12basic_stringIcNS3_11char_traitsIcEENS6_IcEEEEbm
00000000000079b0 T __Z24gguf_read_emplace_helperIsEbRK11gguf_readerRNSt3__16vectorI7gguf_kvNS3_9allocatorIS5_EEEERKNS3_12basic_stringIcNS3_11char_traitsIcEENS6_IcEEEEbm
00000000000076f4 T __Z24gguf_read_emplace_helperItEbRK11gguf_readerRNSt3__16vectorI7gguf_kvNS3_9allocatorIS5_EEEERKNS3_12basic_stringIcNS3_11char_traitsIcEENS6_IcEEEEbm
0000000000008d14 T __Z24gguf_read_emplace_helperIxEbRK11gguf_readerRNSt3__16vectorI7gguf_kvNS3_9allocatorIS5_EEEERKNS3_12basic_stringIcNS3_11char_traitsIcEENS6_IcEEEEbm
0000000000008a58 T __Z24gguf_read_emplace_helperIyEbRK11gguf_readerRNSt3__16vectorI7gguf_kvNS3_9allocatorIS5_EEEERKNS3_12basic_stringIcNS3_11char_traitsIcEENS6_IcEEEEbm
000000000000f540 T __ZN15gguf_writer_buf17write_tensor_dataERK16gguf_tensor_infomm
000000000000f4f8 T __ZN15gguf_writer_buf5writeERKNSt3__16vectorIaNS0_9allocatorIaEEEE
000000000000f484 T __ZN15gguf_writer_buf5writeEa
000000000000f480 T __ZN15gguf_writer_bufD0Ev
00000000000063d4 T __ZN15gguf_writer_bufD1Ev
0000000000012d64 T __ZN16gguf_writer_base17write_tensor_metaERK16gguf_tensor_info
00000000000130b8 T __ZN16gguf_writer_base5writeEPKc
00000000000129b8 T __ZN16gguf_writer_base5writeERK7gguf_kv
0000000000012f98 T __ZN16gguf_writer_base5writeERKNSt3__112basic_stringIcNS0_11char_traitsIcEENS0_9allocatorIcEEEE
0000000000010074 T __ZN16gguf_writer_file17write_tensor_dataERK16gguf_tensor_infomm
000000000000fdd8 T __ZN16gguf_writer_file5writeERKNSt3__16vectorIaNS0_9allocatorIaEEEE
000000000000fb50 T __ZN16gguf_writer_file5writeEa
000000000000fb4c T __ZN16gguf_writer_fileD0Ev
00000000000067a8 T __ZN16gguf_writer_fileD1Ev
000000000000d4dc T __ZN7gguf_kvC2ERKNSt3__112basic_stringIcNS0_11char_traitsIcEENS0_9allocatorIcEEEERKNS0_6vectorIS6_NS4_IS6_EEEE
000000000000da80 T __ZN7gguf_kvC2ERKNSt3__112basic_stringIcNS0_11char_traitsIcEENS0_9allocatorIcEEEES8_
000000000000a0a8 T __ZN7gguf_kvC2IaEERKNSt3__112basic_stringIcNS1_11char_traitsIcEENS1_9allocatorIcEEEERKNS1_6vectorIT_NS5_ISB_EEEE
000000000000a334 T __ZN7gguf_kvC2IaEERKNSt3__112basic_stringIcNS1_11char_traitsIcEENS1_9allocatorIcEEEET_
000000000000cdf0 T __ZN7gguf_kvC2IbEERKNSt3__112basic_stringIcNS1_11char_traitsIcEENS1_9allocatorIcEEEERKNS1_6vectorIT_NS5_ISB_EEEE
000000000000d07c T __ZN7gguf_kvC2IbEERKNSt3__112basic_stringIcNS1_11char_traitsIcEENS1_9allocatorIcEEEET_
000000000000ef04 T __ZN7gguf_kvC2IdEERKNSt3__112basic_stringIcNS1_11char_traitsIcEENS1_9allocatorIcEEEERKNS1_6vectorIT_NS5_ISB_EEEE
000000000000f190 T __ZN7gguf_kvC2IdEERKNSt3__112basic_stringIcNS1_11char_traitsIcEENS1_9allocatorIcEEEET_
000000000000c4e4 T __ZN7gguf_kvC2IfEERKNSt3__112basic_stringIcNS1_11char_traitsIcEENS1_9allocatorIcEEEERKNS1_6vectorIT_NS5_ISB_EEEE
000000000000c770 T __ZN7gguf_kvC2IfEERKNSt3__112basic_stringIcNS1_11char_traitsIcEENS1_9allocatorIcEEEET_
000000000000973c T __ZN7gguf_kvC2IhEERKNSt3__112basic_stringIcNS1_11char_traitsIcEENS1_9allocatorIcEEEERKNS1_6vectorIT_NS5_ISB_EEEE
0000000000009c9c T __ZN7gguf_kvC2IhEERKNSt3__112basic_stringIcNS1_11char_traitsIcEENS1_9allocatorIcEEEET_
000000000000bda0 T __ZN7gguf_kvC2IiEERKNSt3__112basic_stringIcNS1_11char_traitsIcEENS1_9allocatorIcEEEERKNS1_6vectorIT_NS5_ISB_EEEE
000000000000c02c T __ZN7gguf_kvC2IiEERKNSt3__112basic_stringIcNS1_11char_traitsIcEENS1_9allocatorIcEEEET_
000000000000b65c T __ZN7gguf_kvC2IjEERKNSt3__112basic_stringIcNS1_11char_traitsIcEENS1_9allocatorIcEEEERKNS1_6vectorIT_NS5_ISB_EEEE
000000000000b8e8 T __ZN7gguf_kvC2IjEERKNSt3__112basic_stringIcNS1_11char_traitsIcEENS1_9allocatorIcEEEET_
000000000000af18 T __ZN7gguf_kvC2IsEERKNSt3__112basic_stringIcNS1_11char_traitsIcEENS1_9allocatorIcEEEERKNS1_6vectorIT_NS5_ISB_EEEE
000000000000b1a4 T __ZN7gguf_kvC2IsEERKNSt3__112basic_stringIcNS1_11char_traitsIcEENS1_9allocatorIcEEEET_
000000000000a7e0 T __ZN7gguf_kvC2ItEERKNSt3__112basic_stringIcNS1_11char_traitsIcEENS1_9allocatorIcEEEERKNS1_6vectorIT_NS5_ISB_EEEE
000000000000aa6c T __ZN7gguf_kvC2ItEERKNSt3__112basic_stringIcNS1_11char_traitsIcEENS1_9allocatorIcEEEET_
000000000000e7c0 T __ZN7gguf_kvC2IxEERKNSt3__112basic_stringIcNS1_11char_traitsIcEENS1_9allocatorIcEEEERKNS1_6vectorIT_NS5_ISB_EEEE
000000000000ea4c T __ZN7gguf_kvC2IxEERKNSt3__112basic_stringIcNS1_11char_traitsIcEENS1_9allocatorIcEEEET_
000000000000e07c T __ZN7gguf_kvC2IyEERKNSt3__112basic_stringIcNS1_11char_traitsIcEENS1_9allocatorIcEEEERKNS1_6vectorIT_NS5_ISB_EEEE
000000000000e308 T __ZN7gguf_kvC2IyEERKNSt3__112basic_stringIcNS1_11char_traitsIcEENS1_9allocatorIcEEEET_
00000000000093b0 T __ZNK11gguf_reader4readEPvm
000000000000928c T __ZNK11gguf_reader4readER9ggml_type
0000000000006f74 T __ZNK11gguf_reader4readER9gguf_type
0000000000006d58 T __ZNK11gguf_reader4readERNSt3__112basic_stringIcNS0_11char_traitsIcEENS0_9allocatorIcEEEE
0000000000009ec8 T __ZNK11gguf_reader4readIaEEbRNSt3__16vectorIT_NS1_9allocatorIS3_EEEEm
000000000000c9a8 T __ZNK11gguf_reader4readIbEEbRNSt3__16vectorIT_NS1_9allocatorIS3_EEEEm
0000000000006960 T __ZNK11gguf_reader4readIcEEbRNSt3__16vectorIT_NS1_9allocatorIS3_EEEEm
000000000000ec7c T __ZNK11gguf_reader4readIdEEbRNSt3__16vectorIT_NS1_9allocatorIS3_EEEEm
000000000000c25c T __ZNK11gguf_reader4readIfEEbRNSt3__16vectorIT_NS1_9allocatorIS3_EEEEm
000000000000955c T __ZNK11gguf_reader4readIhEEbRNSt3__16vectorIT_NS1_9allocatorIS3_EEEEm
000000000000bb18 T __ZNK11gguf_reader4readIiEEbRNSt3__16vectorIT_NS1_9allocatorIS3_EEEEm
000000000000b3d4 T __ZNK11gguf_reader4readIjEEbRNSt3__16vectorIT_NS1_9allocatorIS3_EEEEm
0000000000006b40 T __ZNK11gguf_reader4readIjEEbRT_
000000000000ac9c T __ZNK11gguf_reader4readIsEEbRNSt3__16vectorIT_NS1_9allocatorIS3_EEEEm
000000000000a564 T __ZNK11gguf_reader4readItEEbRNSt3__16vectorIT_NS1_9allocatorIS3_EEEEm
000000000000e538 T __ZNK11gguf_reader4readIxEEbRNSt3__16vectorIT_NS1_9allocatorIS3_EEEEm
0000000000006c4c T __ZNK11gguf_reader4readIxEEbRT_
000000000000ddf4 T __ZNK11gguf_reader4readIyEEbRNSt3__16vectorIT_NS1_9allocatorIS3_EEEEm
0000000000007098 T __ZNK11gguf_reader4readIyEEbRT_
0000000000001ef8 T __ZNK7gguf_kv6get_neEv
00000000000108a8 T __ZNKSt3__111__move_implINS_17_ClassicAlgPolicyEEclB9nqe220106IP7gguf_kvS5_S5_EENS_4pairIT_T1_EES7_T0_S8_
                 U __ZNSt11logic_errorC2EPKc
0000000000009510 T __ZNSt12length_errorC1B9nqe220106EPKc
                 U __ZNSt12length_errorD1Ev
                 U __ZNSt13runtime_errorC1ERKNSt3__112basic_stringIcNS0_11char_traitsIcEENS0_9allocatorIcEEEE
                 U __ZNSt13runtime_errorD1Ev
                 U __ZNSt20bad_array_new_lengthC1Ev
                 U __ZNSt20bad_array_new_lengthD1Ev
0000000000009924 T __ZNSt3__112basic_stringIcNS_11char_traitsIcEENS_9allocatorIcEEE20__throw_length_errorB9nqe220106Ev
0000000000009894 T __ZNSt3__112basic_stringIcNS_11char_traitsIcEENS_9allocatorIcEEE25__init_copy_ctor_externalEPKcm
                 U __ZNSt3__112basic_stringIcNS_11char_traitsIcEENS_9allocatorIcEEE6appendEPKc
                 U __ZNSt3__112basic_stringIcNS_11char_traitsIcEENS_9allocatorIcEEE6appendEPKcm
                 U __ZNSt3__112basic_stringIcNS_11char_traitsIcEENS_9allocatorIcEEE6assignEPKc
                 U __ZNSt3__112basic_stringIcNS_11char_traitsIcEENS_9allocatorIcEEE6insertEmPKc
                 U __ZNSt3__112basic_stringIcNS_11char_traitsIcEENS_9allocatorIcEEE6resizeEmc
                 U __ZNSt3__112basic_stringIcNS_11char_traitsIcEENS_9allocatorIcEEEaSERKS5_
0000000000009be0 T __ZNSt3__114__split_bufferI7gguf_kvRNS_9allocatorIS1_EEE5clearB9nqe220106Ev
0000000000009a80 T __ZNSt3__114__split_bufferI7gguf_kvRNS_9allocatorIS1_EEED1Ev
000000000000d464 T __ZNSt3__114__split_bufferINS_12basic_stringIcNS_11char_traitsIcEENS_9allocatorIcEEEERNS4_IS6_EEED1Ev
00000000000094c0 T __ZNSt3__120__throw_length_errorB9nqe220106EPKc
000000000000cc1c T __ZNSt3__123__specialized_algorithmINS_10_Algorithm8__fill_nEJNS_17__single_iteratorINS_14__bit_iteratorINS_6vectorIbNS_9allocatorIbEEEELb0ELm0EEEEEEEclB9nqe220106ImbEES9_S9_T_RKT0_
0000000000010268 T __ZNSt3__127__tree_balance_after_insertB9nqe220106IPNS_16__tree_node_baseIPvEEEEvT_S5_
000000000000d8f0 T __ZNSt3__128__exception_guard_exceptionsINS_29_AllocatorDestroyRangeReverseINS_9allocatorINS_12basic_stringIcNS_11char_traitsIcEENS2_IcEEEEEEPS7_EEED1B9nqe220106Ev
00000000000126e8 T __ZNSt3__128__exception_guard_exceptionsINS_6vectorINS_12basic_stringIcNS_11char_traitsIcEENS_9allocatorIcEEEENS5_IS7_EEE16__destroy_vectorEED1B9nqe220106Ev
0000000000009ac4 T __ZNSt3__134__uninitialized_allocator_relocateB9nqe220106INS_9allocatorI7gguf_kvEEPS2_EEvRT_T0_S7_S7_
0000000000000040 T __ZNSt3__13mapI9gguf_typePKcNS_4lessIS1_EENS_9allocatorINS_4pairIKS1_S3_EEEEED1B9nqe220106Ev
0000000000000000 T __ZNSt3__13mapI9gguf_typemNS_4lessIS1_EENS_9allocatorINS_4pairIKS1_mEEEEED1B9nqe220106Ev
0000000000010730 T __ZNSt3__16__treeINS_12__value_typeI9gguf_typePKcEENS_19__map_value_compareIS2_NS_4pairIKS2_S4_EENS_4lessIS2_EEEENS_9allocatorIS9_EEE14__tree_deleterclB9nqe220106EPNS_11__tree_nodeIS5_PvEE
00000000000105bc T __ZNSt3__16__treeINS_12__value_typeI9gguf_typePKcEENS_19__map_value_compareIS2_NS_4pairIKS2_S4_EENS_4lessIS2_EEEENS_9allocatorIS9_EEED1B9nqe220106Ev
0000000000010570 T __ZNSt3__16__treeINS_12__value_typeI9gguf_typemEENS_19__map_value_compareIS2_NS_4pairIKS2_mEENS_4lessIS2_EEEENS_9allocatorIS7_EEE14__tree_deleterclB9nqe220106EPNS_11__tree_nodeIS3_PvEE
0000000000010228 T __ZNSt3__16__treeINS_12__value_typeI9gguf_typemEENS_19__map_value_compareIS2_NS_4pairIKS2_mEENS_4lessIS2_EEEENS_9allocatorIS7_EEED1B9nqe220106Ev
0000000000010894 T __ZNSt3__16vectorI16gguf_tensor_infoNS_9allocatorIS1_EEE20__throw_length_errorB9nqe220106Ev
0000000000005ca0 T __ZNSt3__16vectorI16gguf_tensor_infoNS_9allocatorIS1_EEE9push_backB9nqe220106ERKS1_
0000000000009ab0 T __ZNSt3__16vectorI7gguf_kvNS_9allocatorIS1_EEE20__throw_length_errorB9nqe220106Ev
000000000000d94c T __ZNSt3__16vectorI7gguf_kvNS_9allocatorIS1_EEE24__emplace_back_slow_pathIJRKNS_12basic_stringIcNS_11char_traitsIcEENS2_IcEEEERNS0_ISA_NS2_ISA_EEEEEEEPS1_DpOT_
000000000000a200 T __ZNSt3__16vectorI7gguf_kvNS_9allocatorIS1_EEE24__emplace_back_slow_pathIJRKNS_12basic_stringIcNS_11char_traitsIcEENS2_IcEEEERNS0_IaNS2_IaEEEEEEEPS1_DpOT_
000000000000cf48 T __ZNSt3__16vectorI7gguf_kvNS_9allocatorIS1_EEE24__emplace_back_slow_pathIJRKNS_12basic_stringIcNS_11char_traitsIcEENS2_IcEEEERNS0_IbNS2_IbEEEEEEEPS1_DpOT_
000000000000f05c T __ZNSt3__16vectorI7gguf_kvNS_9allocatorIS1_EEE24__emplace_back_slow_pathIJRKNS_12basic_stringIcNS_11char_traitsIcEENS2_IcEEEERNS0_IdNS2_IdEEEEEEEPS1_DpOT_
000000000000c63c T __ZNSt3__16vectorI7gguf_kvNS_9allocatorIS1_EEE24__emplace_back_slow_pathIJRKNS_12basic_stringIcNS_11char_traitsIcEENS2_IcEEEERNS0_IfNS2_IfEEEEEEEPS1_DpOT_
000000000000994c T __ZNSt3__16vectorI7gguf_kvNS_9allocatorIS1_EEE24__emplace_back_slow_pathIJRKNS_12basic_stringIcNS_11char_traitsIcEENS2_IcEEEERNS0_IhNS2_IhEEEEEEEPS1_DpOT_
000000000000bef8 T __ZNSt3__16vectorI7gguf_kvNS_9allocatorIS1_EEE24__emplace_back_slow_pathIJRKNS_12basic_stringIcNS_11char_traitsIcEENS2_IcEEEERNS0_IiNS2_IiEEEEEEEPS1_DpOT_
000000000000b7b4 T __ZNSt3__16vectorI7gguf_kvNS_9allocatorIS1_EEE24__emplace_back_slow_pathIJRKNS_12basic_stringIcNS_11char_traitsIcEENS2_IcEEEERNS0_IjNS2_IjEEEEEEEPS1_DpOT_
000000000000b070 T __ZNSt3__16vectorI7gguf_kvNS_9allocatorIS1_EEE24__emplace_back_slow_pathIJRKNS_12basic_stringIcNS_11char_traitsIcEENS2_IcEEEERNS0_IsNS2_IsEEEEEEEPS1_DpOT_
000000000000a938 T __ZNSt3__16vectorI7gguf_kvNS_9allocatorIS1_EEE24__emplace_back_slow_pathIJRKNS_12basic_stringIcNS_11char_traitsIcEENS2_IcEEEERNS0_ItNS2_ItEEEEEEEPS1_DpOT_
000000000000e918 T __ZNSt3__16vectorI7gguf_kvNS_9allocatorIS1_EEE24__emplace_back_slow_pathIJRKNS_12basic_stringIcNS_11char_traitsIcEENS2_IcEEEERNS0_IxNS2_IxEEEEEEEPS1_DpOT_
000000000000e1d4 T __ZNSt3__16vectorI7gguf_kvNS_9allocatorIS1_EEE24__emplace_back_slow_pathIJRKNS_12basic_stringIcNS_11char_traitsIcEENS2_IcEEEERNS0_IyNS2_IyEEEEEEEPS1_DpOT_
000000000000dcc0 T __ZNSt3__16vectorI7gguf_kvNS_9allocatorIS1_EEE24__emplace_back_slow_pathIJRKNS_12basic_stringIcNS_11char_traitsIcEENS2_IcEEEERSA_EEEPS1_DpOT_
000000000000a430 T __ZNSt3__16vectorI7gguf_kvNS_9allocatorIS1_EEE24__emplace_back_slow_pathIJRKNS_12basic_stringIcNS_11char_traitsIcEENS2_IcEEEERaEEEPS1_DpOT_
000000000000d178 T __ZNSt3__16vectorI7gguf_kvNS_9allocatorIS1_EEE24__emplace_back_slow_pathIJRKNS_12basic_stringIcNS_11char_traitsIcEENS2_IcEEEERbEEEPS1_DpOT_
000000000000f294 T __ZNSt3__16vectorI7gguf_kvNS_9allocatorIS1_EEE24__emplace_back_slow_pathIJRKNS_12basic_stringIcNS_11char_traitsIcEENS2_IcEEEERdEEEPS1_DpOT_
000000000000c874 T __ZNSt3__16vectorI7gguf_kvNS_9allocatorIS1_EEE24__emplace_back_slow_pathIJRKNS_12basic_stringIcNS_11char_traitsIcEENS2_IcEEEERfEEEPS1_DpOT_
0000000000009d94 T __ZNSt3__16vectorI7gguf_kvNS_9allocatorIS1_EEE24__emplace_back_slow_pathIJRKNS_12basic_stringIcNS_11char_traitsIcEENS2_IcEEEERhEEEPS1_DpOT_
000000000000c128 T __ZNSt3__16vectorI7gguf_kvNS_9allocatorIS1_EEE24__emplace_back_slow_pathIJRKNS_12basic_stringIcNS_11char_traitsIcEENS2_IcEEEERiEEEPS1_DpOT_
000000000000b9e4 T __ZNSt3__16vectorI7gguf_kvNS_9allocatorIS1_EEE24__emplace_back_slow_pathIJRKNS_12basic_stringIcNS_11char_traitsIcEENS2_IcEEEERjEEEPS1_DpOT_
000000000000b2a0 T __ZNSt3__16vectorI7gguf_kvNS_9allocatorIS1_EEE24__emplace_back_slow_pathIJRKNS_12basic_stringIcNS_11char_traitsIcEENS2_IcEEEERsEEEPS1_DpOT_
000000000000ab68 T __ZNSt3__16vectorI7gguf_kvNS_9allocatorIS1_EEE24__emplace_back_slow_pathIJRKNS_12basic_stringIcNS_11char_traitsIcEENS2_IcEEEERtEEEPS1_DpOT_
000000000000eb48 T __ZNSt3__16vectorI7gguf_kvNS_9allocatorIS1_EEE24__emplace_back_slow_pathIJRKNS_12basic_stringIcNS_11char_traitsIcEENS2_IcEEEERxEEEPS1_DpOT_
000000000000e404 T __ZNSt3__16vectorI7gguf_kvNS_9allocatorIS1_EEE24__emplace_back_slow_pathIJRKNS_12basic_stringIcNS_11char_traitsIcEENS2_IcEEEERyEEEPS1_DpOT_
0000000000012374 T __ZNSt3__16vectorI7gguf_kvNS_9allocatorIS1_EEE24__emplace_back_slow_pathIJRPKcNS_12basic_stringIcNS_11char_traitsIcEENS2_IcEEEEEEEPS1_DpOT_
000000000001286c T __ZNSt3__16vectorI7gguf_kvNS_9allocatorIS1_EEE24__emplace_back_slow_pathIJRPKcRNS0_INS_12basic_stringIcNS_11char_traitsIcEENS2_IcEEEENS2_ISD_EEEEEEEPS1_DpOT_
00000000000125b0 T __ZNSt3__16vectorI7gguf_kvNS_9allocatorIS1_EEE24__emplace_back_slow_pathIJRPKcRNS0_IaNS2_IaEEEEEEEPS1_DpOT_
0000000000010d1c T __ZNSt3__16vectorI7gguf_kvNS_9allocatorIS1_EEE24__emplace_back_slow_pathIJRPKcRaEEEPS1_DpOT_
0000000000012138 T __ZNSt3__16vectorI7gguf_kvNS_9allocatorIS1_EEE24__emplace_back_slow_pathIJRPKcRbEEEPS1_DpOT_
0000000000011efc T __ZNSt3__16vectorI7gguf_kvNS_9allocatorIS1_EEE24__emplace_back_slow_pathIJRPKcRdEEEPS1_DpOT_
0000000000011848 T __ZNSt3__16vectorI7gguf_kvNS_9allocatorIS1_EEE24__emplace_back_slow_pathIJRPKcRfEEEPS1_DpOT_
0000000000010ae0 T __ZNSt3__16vectorI7gguf_kvNS_9allocatorIS1_EEE24__emplace_back_slow_pathIJRPKcRhEEEPS1_DpOT_
000000000001160c T __ZNSt3__16vectorI7gguf_kvNS_9allocatorIS1_EEE24__emplace_back_slow_pathIJRPKcRiEEEPS1_DpOT_
00000000000113d0 T __ZNSt3__16vectorI7gguf_kvNS_9allocatorIS1_EEE24__emplace_back_slow_pathIJRPKcRjEEEPS1_DpOT_
0000000000011194 T __ZNSt3__16vectorI7gguf_kvNS_9allocatorIS1_EEE24__emplace_back_slow_pathIJRPKcRsEEEPS1_DpOT_
0000000000010f58 T __ZNSt3__16vectorI7gguf_kvNS_9allocatorIS1_EEE24__emplace_back_slow_pathIJRPKcRtEEEPS1_DpOT_
0000000000011cc0 T __ZNSt3__16vectorI7gguf_kvNS_9allocatorIS1_EEE24__emplace_back_slow_pathIJRPKcRxEEEPS1_DpOT_
0000000000011a84 T __ZNSt3__16vectorI7gguf_kvNS_9allocatorIS1_EEE24__emplace_back_slow_pathIJRPKcRyEEEPS1_DpOT_
000000000000f3c8 T __ZNSt3__16vectorI7gguf_kvNS_9allocatorIS1_EEE5clearB9nqe220106Ev
000000000000d5fc T __ZNSt3__16vectorINS_12basic_stringIcNS_11char_traitsIcEENS_9allocatorIcEEEENS4_IS6_EEE18__assign_with_sizeB9nqe220106INS_17_ClassicAlgPolicyEPS6_SB_EEvT0_T1_l
000000000000d4c8 T __ZNSt3__16vectorINS_12basic_stringIcNS_11char_traitsIcEENS_9allocatorIcEEEENS4_IS6_EEE20__throw_length_errorB9nqe220106Ev
000000000000db78 T __ZNSt3__16vectorINS_12basic_stringIcNS_11char_traitsIcEENS_9allocatorIcEEEENS4_IS6_EEE24__emplace_back_slow_pathIJRKS6_EEEPS6_DpOT_
000000000000d2ac T __ZNSt3__16vectorINS_12basic_stringIcNS_11char_traitsIcEENS_9allocatorIcEEEENS4_IS6_EEE6resizeEm
0000000000005258 T __ZNSt3__16vectorINS_12basic_stringIcNS_11char_traitsIcEENS_9allocatorIcEEEENS4_IS6_EEED1B9nqe220106Ev
00000000000129a4 T __ZNSt3__16vectorIPKcNS_9allocatorIS2_EEE20__throw_length_errorB9nqe220106Ev
000000000000f868 T __ZNSt3__16vectorIaNS_9allocatorIaEEE18__insert_with_sizeB9nqe220106INS_17_ClassicAlgPolicyENS_11__wrap_iterIPKaEES9_EENS6_IPaEES9_T0_T1_l
0000000000009938 T __ZNSt3__16vectorIaNS_9allocatorIaEEE20__throw_length_errorB9nqe220106Ev
000000000000cc08 T __ZNSt3__16vectorIbNS_9allocatorIbEEE20__throw_length_errorB9nqe220106Ev
000000000000cb20 T __ZNSt3__16vectorIbNS_9allocatorIbEEE6resizeEmb
000000000000eef0 T __ZNSt3__16vectorIdNS_9allocatorIdEEE20__throw_length_errorB9nqe220106Ev
000000000000edcc T __ZNSt3__16vectorIdNS_9allocatorIdEEE6resizeEm
000000000000c4d0 T __ZNSt3__16vectorIfNS_9allocatorIfEEE20__throw_length_errorB9nqe220106Ev
000000000000c3ac T __ZNSt3__16vectorIfNS_9allocatorIfEEE6resizeEm
000000000000bd8c T __ZNSt3__16vectorIiNS_9allocatorIiEEE20__throw_length_errorB9nqe220106Ev
000000000000bc68 T __ZNSt3__16vectorIiNS_9allocatorIiEEE6resizeEm
000000000000b648 T __ZNSt3__16vectorIjNS_9allocatorIjEEE20__throw_length_errorB9nqe220106Ev
000000000000b524 T __ZNSt3__16vectorIjNS_9allocatorIjEEE6resizeEm
000000000000af04 T __ZNSt3__16vectorIsNS_9allocatorIsEEE20__throw_length_errorB9nqe220106Ev
000000000000adec T __ZNSt3__16vectorIsNS_9allocatorIsEEE6resizeEm
000000000000a7cc T __ZNSt3__16vectorItNS_9allocatorItEEE20__throw_length_errorB9nqe220106Ev
000000000000a6b4 T __ZNSt3__16vectorItNS_9allocatorItEEE6resizeEm
000000000000e7ac T __ZNSt3__16vectorIxNS_9allocatorIxEEE20__throw_length_errorB9nqe220106Ev
000000000000e688 T __ZNSt3__16vectorIxNS_9allocatorIxEEE6resizeEm
000000000000e068 T __ZNSt3__16vectorIyNS_9allocatorIyEEE20__throw_length_errorB9nqe220106Ev
000000000000df44 T __ZNSt3__16vectorIyNS_9allocatorIyEEE6resizeEm
0000000000012270 T __ZNSt3__19allocatorI7gguf_kvE9constructB9nqe220106IS1_JRPKcNS_12basic_stringIcNS_11char_traitsIcEENS0_IcEEEEEEEvPT_DpOT0_
0000000000012768 T __ZNSt3__19allocatorI7gguf_kvE9constructB9nqe220106IS1_JRPKcRNS_6vectorINS_12basic_stringIcNS_11char_traitsIcEENS0_IcEEEENS0_ISC_EEEEEEEvPT_DpOT0_
00000000000124ac T __ZNSt3__19allocatorI7gguf_kvE9constructB9nqe220106IS1_JRPKcRNS_6vectorIaNS0_IaEEEEEEEvPT_DpOT0_
0000000000010c18 T __ZNSt3__19allocatorI7gguf_kvE9constructB9nqe220106IS1_JRPKcRaEEEvPT_DpOT0_
0000000000012034 T __ZNSt3__19allocatorI7gguf_kvE9constructB9nqe220106IS1_JRPKcRbEEEvPT_DpOT0_
0000000000011df8 T __ZNSt3__19allocatorI7gguf_kvE9constructB9nqe220106IS1_JRPKcRdEEEvPT_DpOT0_
0000000000011744 T __ZNSt3__19allocatorI7gguf_kvE9constructB9nqe220106IS1_JRPKcRfEEEvPT_DpOT0_
00000000000109dc T __ZNSt3__19allocatorI7gguf_kvE9constructB9nqe220106IS1_JRPKcRhEEEvPT_DpOT0_
0000000000011508 T __ZNSt3__19allocatorI7gguf_kvE9constructB9nqe220106IS1_JRPKcRiEEEvPT_DpOT0_
00000000000112cc T __ZNSt3__19allocatorI7gguf_kvE9constructB9nqe220106IS1_JRPKcRjEEEvPT_DpOT0_
0000000000011090 T __ZNSt3__19allocatorI7gguf_kvE9constructB9nqe220106IS1_JRPKcRsEEEvPT_DpOT0_
0000000000010e54 T __ZNSt3__19allocatorI7gguf_kvE9constructB9nqe220106IS1_JRPKcRtEEEvPT_DpOT0_
0000000000011bbc T __ZNSt3__19allocatorI7gguf_kvE9constructB9nqe220106IS1_JRPKcRxEEEvPT_DpOT0_
0000000000011980 T __ZNSt3__19allocatorI7gguf_kvE9constructB9nqe220106IS1_JRPKcRyEEEvPT_DpOT0_
                 U __ZNSt3__19to_stringEi
                 U __ZNSt3__19to_stringEm
0000000000009534 T __ZSt28__throw_bad_array_new_lengthB9nqe220106v
                 U __ZSt9terminatev
0000000000015880 S __ZTI15gguf_writer_buf
0000000000015898 S __ZTI16gguf_writer_base
00000000000158e0 S __ZTI16gguf_writer_file
                 U __ZTISt12length_error
                 U __ZTISt13runtime_error
                 U __ZTISt20bad_array_new_length
                 U __ZTISt9bad_alloc
00000000000143f8 S __ZTS15gguf_writer_buf
000000000001440a S __ZTS16gguf_writer_base
000000000001441d S __ZTS16gguf_writer_file
0000000000015848 S __ZTV15gguf_writer_buf
00000000000158a8 S __ZTV16gguf_writer_file
                 U __ZTVN10__cxxabiv117__class_type_infoE
                 U __ZTVN10__cxxabiv120__si_class_type_infoE
                 U __ZTVSt12length_error
00000000000105fc T __ZZNSt3__16__treeINS_12__value_typeI9gguf_typePKcEENS_19__map_value_compareIS2_NS_4pairIKS2_S4_EENS_4lessIS2_EEEENS_9allocatorIS9_EEE21__insert_range_uniqueB9nqe220106IPKS9_SI_EEvT_T0_ENKUlRS8_RSH_E_clESL_SM_
000000000001043c T __ZZNSt3__16__treeINS_12__value_typeI9gguf_typemEENS_19__map_value_compareIS2_NS_4pairIKS2_mEENS_4lessIS2_EEEENS_9allocatorIS7_EEE21__insert_range_uniqueB9nqe220106IPKS7_SG_EEvT_T0_ENKUlRS6_RSF_E_clESJ_SK_
000000000001077c T __ZZNSt3__16vectorI16gguf_tensor_infoNS_9allocatorIS1_EEE12emplace_backIJRKS1_EEERS1_DpOT_ENKUlvE0_clEv
000000000000f7a0 T __ZZNSt3__16vectorIaNS_9allocatorIaEEE12emplace_backIJRKaEEERaDpOT_ENKUlvE0_clEv
                 U __ZdlPv
                 U __Znwm
00000000000067ac T ___clang_call_terminate
                 U ___cxa_allocate_exception
                 U ___cxa_atexit
                 U ___cxa_begin_catch
                 U ___cxa_end_catch
                 U ___cxa_free_exception
                 U ___cxa_throw
                 U ___dso_handle
                 U ___error
                 U ___gxx_personality_v0
                 U ___maskrune
                 U ___stack_chk_fail
                 U ___stack_chk_guard
                 U _bzero
                 U _fclose
                 U _fputc
                 U _fread
                 U _fseeko
                 U _ftello
                 U _fwrite
                 U _ggml_abort
                 U _ggml_backend_tensor_get
                 U _ggml_blck_size
                 U _ggml_fopen
                 U _ggml_free
                 U _ggml_init
                 U _ggml_is_contiguous
                 U _ggml_log_internal
                 U _ggml_n_dims
                 U _ggml_nbytes
                 U _ggml_nelements
                 U _ggml_new_tensor
                 U _ggml_new_tensor_1d
                 U _ggml_set_name
                 U _ggml_set_no_alloc
                 U _ggml_tensor_overhead
                 U _ggml_type_name
                 U _ggml_type_size
0000000000005b00 T _gguf_add_tensor
0000000000001904 T _gguf_find_key
0000000000003100 T _gguf_find_tensor
0000000000001824 T _gguf_free
00000000000018d8 T _gguf_get_alignment
0000000000001afc T _gguf_get_arr_data
0000000000001c54 T _gguf_get_arr_n
0000000000001b98 T _gguf_get_arr_str
0000000000001a64 T _gguf_get_arr_type
00000000000018e0 T _gguf_get_data_offset
0000000000001980 T _gguf_get_key
00000000000019f0 T _gguf_get_kv_type
00000000000068e8 T _gguf_get_meta_data
0000000000006880 T _gguf_get_meta_size
00000000000018e8 T _gguf_get_n_kv
00000000000030dc T _gguf_get_n_tensors
000000000000317c T _gguf_get_tensor_name
0000000000003254 T _gguf_get_tensor_ne
00000000000031e8 T _gguf_get_tensor_offset
000000000000332c T _gguf_get_tensor_size
00000000000032c0 T _gguf_get_tensor_type
0000000000002d50 T _gguf_get_val_bool
0000000000002ff4 T _gguf_get_val_data
0000000000002780 T _gguf_get_val_f32
0000000000002bdc T _gguf_get_val_f64
0000000000002324 T _gguf_get_val_i16
000000000000260c T _gguf_get_val_i32
0000000000002a68 T _gguf_get_val_i64
000000000000203c T _gguf_get_val_i8
0000000000002ec4 T _gguf_get_val_str
00000000000021b0 T _gguf_get_val_u16
0000000000002498 T _gguf_get_val_u32
00000000000028f4 T _gguf_get_val_u64
0000000000001d88 T _gguf_get_val_u8
00000000000018d0 T _gguf_get_version
00000000000000d8 T _gguf_init_empty
0000000000001690 T _gguf_init_from_buffer
0000000000000114 T _gguf_init_from_callback
000000000000177c T _gguf_init_from_file
00000000000014d0 T _gguf_init_from_file_ptr
0000000000003394 T _gguf_remove_key
0000000000004bf0 T _gguf_set_arr_data
0000000000004f38 T _gguf_set_arr_str
00000000000052c8 T _gguf_set_kv
0000000000005e98 T _gguf_set_tensor_data
0000000000005d14 T _gguf_set_tensor_type
000000000000479c T _gguf_set_val_bool
0000000000004014 T _gguf_set_val_f32
00000000000045b8 T _gguf_set_val_f64
0000000000003a78 T _gguf_set_val_i16
0000000000003e30 T _gguf_set_val_i32
00000000000043d8 T _gguf_set_val_i64
00000000000036b0 T _gguf_set_val_i8
0000000000004980 T _gguf_set_val_str
0000000000003894 T _gguf_set_val_u16
0000000000003c5c T _gguf_set_val_u32
00000000000041f8 T _gguf_set_val_u64
00000000000034cc T _gguf_set_val_u8
0000000000001878 T _gguf_type_name
00000000000067bc T _gguf_write_to_file
00000000000063d8 T _gguf_write_to_file_ptr
                 U _memcmp
                 U _memcpy
                 U _memmove
                 U _memset
                 U _strcmp
                 U _strerror
                 U _strlen
