
ggml-cpu.c.o:
                 U ___stack_chk_fail
                 U ___stack_chk_guard
                 U ___stderrp
                 U _atoi
                 U _bzero
                 U _expf
                 U _fprintf
                 U _getenv
                 U _ggml_abort
                 U _ggml_aligned_free
                 U _ggml_aligned_malloc
                 U _ggml_are_same_shape
00000000000077f0 S _ggml_arm_arch_features
0000000000000014 T _ggml_barrier
                 U _ggml_blck_size
                 U _ggml_compute_forward_acc
                 U _ggml_compute_forward_add
                 U _ggml_compute_forward_add1
                 U _ggml_compute_forward_add_id
                 U _ggml_compute_forward_add_rel_pos
                 U _ggml_compute_forward_arange
                 U _ggml_compute_forward_argmax
                 U _ggml_compute_forward_argsort
                 U _ggml_compute_forward_clamp
                 U _ggml_compute_forward_col2im_1d
                 U _ggml_compute_forward_concat
                 U _ggml_compute_forward_cont
                 U _ggml_compute_forward_conv_2d
                 U _ggml_compute_forward_conv_2d_dw
                 U _ggml_compute_forward_conv_3d
                 U _ggml_compute_forward_conv_transpose_1d
                 U _ggml_compute_forward_conv_transpose_2d
                 U _ggml_compute_forward_cos
                 U _ggml_compute_forward_count_equal
                 U _ggml_compute_forward_cpy
                 U _ggml_compute_forward_cross_entropy_loss
                 U _ggml_compute_forward_cross_entropy_loss_back
                 U _ggml_compute_forward_cumsum
                 U _ggml_compute_forward_custom
                 U _ggml_compute_forward_diag
                 U _ggml_compute_forward_diag_mask_inf
                 U _ggml_compute_forward_diag_mask_zero
                 U _ggml_compute_forward_div
                 U _ggml_compute_forward_dsv4_hc_comb
                 U _ggml_compute_forward_dsv4_hc_post
                 U _ggml_compute_forward_dsv4_hc_pre
                 U _ggml_compute_forward_dup
                 U _ggml_compute_forward_fill
                 U _ggml_compute_forward_flash_attn_back
                 U _ggml_compute_forward_flash_attn_ext
                 U _ggml_compute_forward_fwht
                 U _ggml_compute_forward_gated_delta_net
                 U _ggml_compute_forward_get_rel_pos
                 U _ggml_compute_forward_get_rows
                 U _ggml_compute_forward_get_rows_back
                 U _ggml_compute_forward_gla
                 U _ggml_compute_forward_glu
                 U _ggml_compute_forward_group_norm
                 U _ggml_compute_forward_im2col
                 U _ggml_compute_forward_im2col_3d
                 U _ggml_compute_forward_im2col_back_f32
                 U _ggml_compute_forward_l2_norm
                 U _ggml_compute_forward_leaky_relu
                 U _ggml_compute_forward_lightning_indexer
                 U _ggml_compute_forward_log
                 U _ggml_compute_forward_map_custom1
                 U _ggml_compute_forward_map_custom2
                 U _ggml_compute_forward_map_custom3
                 U _ggml_compute_forward_mean
                 U _ggml_compute_forward_mul
0000000000001cf8 T _ggml_compute_forward_mul_mat
                 U _ggml_compute_forward_mul_mat_id_iqp
                 U _ggml_compute_forward_mul_mat_iqp
                 U _ggml_compute_forward_norm
                 U _ggml_compute_forward_opt_step_adamw
                 U _ggml_compute_forward_opt_step_sgd
                 U _ggml_compute_forward_out_prod
                 U _ggml_compute_forward_pad
                 U _ggml_compute_forward_pad_reflect_1d
                 U _ggml_compute_forward_pool_1d
                 U _ggml_compute_forward_pool_2d
                 U _ggml_compute_forward_pool_2d_back
                 U _ggml_compute_forward_repeat
                 U _ggml_compute_forward_repeat_back
                 U _ggml_compute_forward_rms_norm
                 U _ggml_compute_forward_rms_norm_back
                 U _ggml_compute_forward_rms_norm_mul_fused
                 U _ggml_compute_forward_roll
                 U _ggml_compute_forward_rope
                 U _ggml_compute_forward_rope_back
                 U _ggml_compute_forward_rwkv_wkv6
                 U _ggml_compute_forward_rwkv_wkv7
                 U _ggml_compute_forward_scale
                 U _ggml_compute_forward_set
                 U _ggml_compute_forward_set_rows
                 U _ggml_compute_forward_silu_back
                 U _ggml_compute_forward_sin
                 U _ggml_compute_forward_soft_max
                 U _ggml_compute_forward_soft_max_ext_back
                 U _ggml_compute_forward_solve_tri
                 U _ggml_compute_forward_sqr
                 U _ggml_compute_forward_sqrt
                 U _ggml_compute_forward_ssm_conv
                 U _ggml_compute_forward_ssm_scan
                 U _ggml_compute_forward_sub
                 U _ggml_compute_forward_sum
                 U _ggml_compute_forward_sum_rows
                 U _ggml_compute_forward_timestep_embedding
                 U _ggml_compute_forward_top_k
                 U _ggml_compute_forward_tri
                 U _ggml_compute_forward_unary
                 U _ggml_compute_forward_upscale
                 U _ggml_compute_forward_win_part
                 U _ggml_compute_forward_win_unpart
0000000000004ff8 T _ggml_cpu_bf16_to_fp32
                 U _ggml_cpu_extra_compute_forward
                 U _ggml_cpu_extra_work_size
0000000000004d6c T _ggml_cpu_fp16_to_fp32
0000000000004e4c T _ggml_cpu_fp32_to_bf16
0000000000004bd0 T _ggml_cpu_fp32_to_fp16
0000000000004bbc T _ggml_cpu_fp32_to_fp32
0000000000004f2c T _ggml_cpu_fp32_to_i32
0000000000005150 T _ggml_cpu_get_rvv_vlen
00000000000051b8 T _ggml_cpu_get_sve_cnt
0000000000005128 T _ggml_cpu_has_amx_int8
0000000000005140 T _ggml_cpu_has_arm_fma
00000000000050f0 T _ggml_cpu_has_avx
0000000000005100 T _ggml_cpu_has_avx2
0000000000005108 T _ggml_cpu_has_avx512
0000000000005120 T _ggml_cpu_has_avx512_bf16
0000000000005110 T _ggml_cpu_has_avx512_vbmi
0000000000005118 T _ggml_cpu_has_avx512_vnni
00000000000050f8 T _ggml_cpu_has_avx_vnni
0000000000005130 T _ggml_cpu_has_bmi2
00000000000051a0 T _ggml_cpu_has_dotprod
0000000000005158 T _ggml_cpu_has_f16c
0000000000005138 T _ggml_cpu_has_fma
0000000000005160 T _ggml_cpu_has_fp16_va
0000000000005170 T _ggml_cpu_has_llamafile
00000000000051b0 T _ggml_cpu_has_matmul_int8
0000000000005198 T _ggml_cpu_has_neon
0000000000005148 T _ggml_cpu_has_riscv_v
00000000000051c0 T _ggml_cpu_has_sme
00000000000051c8 T _ggml_cpu_has_sme2
0000000000005178 T _ggml_cpu_has_sse3
0000000000005180 T _ggml_cpu_has_ssse3
00000000000051a8 T _ggml_cpu_has_sve
0000000000005188 T _ggml_cpu_has_vsx
0000000000005190 T _ggml_cpu_has_vxe
0000000000005168 T _ggml_cpu_has_wasm_simd
0000000000003890 T _ggml_cpu_init
                 U _ggml_cpu_iqp_mul_mat_id_min_batch
                 U _ggml_cpu_iqp_scratch_size
                 U _ggml_cpu_iqp_supports_mul_mat
                 U _ggml_cpu_iqp_supports_mul_mat_id
                 U _ggml_critical_section_end
                 U _ggml_critical_section_start
                 U _ggml_free
00000000000016d8 T _ggml_get_f32_1d
00000000000018c0 T _ggml_get_f32_nd
                 U _ggml_get_glu_op
0000000000000e88 T _ggml_get_i32_1d
0000000000001188 T _ggml_get_i32_nd
                 U _ggml_get_no_alloc
0000000000000000 T _ggml_get_type_traits_cpu
                 U _ggml_get_unary_op
0000000000003624 T _ggml_graph_compute
0000000000004b64 T _ggml_graph_compute_with_ctx
00000000000029b8 T _ggml_graph_plan
                 U _ggml_init
                 U _ggml_is_contiguous
                 U _ggml_is_empty
0000000000000080 T _ggml_is_numa
                 U _ggml_is_quantized
                 U _ggml_log_internal
                 U _ggml_nelements
                 U _ggml_new_buffer
0000000000000778 T _ggml_new_f32
0000000000000088 T _ggml_new_i32
                 U _ggml_new_tensor_1d
                 U _ggml_nrows
000000000000007c T _ggml_numa_init
                 U _ggml_op_name
                 U _ggml_row_size
00000000000007e8 T _ggml_set_f32
0000000000001998 T _ggml_set_f32_1d
0000000000001b94 T _ggml_set_f32_nd
00000000000000f0 T _ggml_set_i32
0000000000001250 T _ggml_set_i32_1d
000000000000156c T _ggml_set_i32_nd
0000000000000400 C _ggml_table_f32_e8m0_half
0000000000040000 C _ggml_table_f32_f16
0000000000000400 C _ggml_table_f32_ue4m3
                 U _ggml_table_gelu_f16
                 U _ggml_table_gelu_quick_f16
0000000000000070 T _ggml_threadpool_chunk_add
0000000000000068 T _ggml_threadpool_chunk_set
0000000000002848 T _ggml_threadpool_free
0000000000003204 T _ggml_threadpool_new
                 U _ggml_threadpool_params_default
000000000000293c T _ggml_threadpool_pause
000000000000297c T _ggml_threadpool_resume
                 U _ggml_time_us
                 U _ggml_type_size
                 U _ggml_unravel_index
                 U _ggml_vec_dot_bf16
                 U _ggml_vec_dot_f16
                 U _ggml_vec_dot_f32
                 U _ggml_vec_dot_iq1_m_q8_K
                 U _ggml_vec_dot_iq1_s_q8_K
                 U _ggml_vec_dot_iq2_s_q8_K
                 U _ggml_vec_dot_iq2_xs_q8_K
                 U _ggml_vec_dot_iq2_xxs_q8_K
                 U _ggml_vec_dot_iq3_s_q8_K
                 U _ggml_vec_dot_iq3_xxs_q8_K
                 U _ggml_vec_dot_iq4_nl_q8_0
                 U _ggml_vec_dot_iq4_xs_q8_K
                 U _ggml_vec_dot_mxfp4_q8_0
                 U _ggml_vec_dot_nvfp4_q8_0
                 U _ggml_vec_dot_q1_0_q8_0
                 U _ggml_vec_dot_q2_0_q8_0
                 U _ggml_vec_dot_q2_K_q8_K
                 U _ggml_vec_dot_q3_K_q8_K
                 U _ggml_vec_dot_q4_0_q8_0
                 U _ggml_vec_dot_q4_1_q8_1
                 U _ggml_vec_dot_q4_K_q8_K
                 U _ggml_vec_dot_q5_0_q8_0
                 U _ggml_vec_dot_q5_1_q8_1
                 U _ggml_vec_dot_q5_K_q8_K
                 U _ggml_vec_dot_q6_K_q8_K
                 U _ggml_vec_dot_q8_0_q8_0
                 U _ggml_vec_dot_tq1_0_q8_K
                 U _ggml_vec_dot_tq2_0_q8_K
                 U _ldexpf
                 U _memcpy
                 U _memset
                 U _pthread_cond_broadcast
                 U _pthread_cond_destroy
                 U _pthread_cond_init
                 U _pthread_cond_wait
                 U _pthread_create
                 U _pthread_join
                 U _pthread_mutex_destroy
                 U _pthread_mutex_init
                 U _pthread_mutex_lock
                 U _pthread_mutex_unlock
                 U _pthread_self
                 U _pthread_setschedparam
                 U _quantize_row_iq4_nl
                 U _quantize_row_iq4_xs
                 U _quantize_row_mxfp4
                 U _quantize_row_nvfp4
                 U _quantize_row_q1_0
                 U _quantize_row_q2_0
                 U _quantize_row_q2_K
                 U _quantize_row_q3_K
                 U _quantize_row_q4_0
                 U _quantize_row_q4_1
                 U _quantize_row_q4_K
                 U _quantize_row_q5_0
                 U _quantize_row_q5_1
                 U _quantize_row_q5_K
                 U _quantize_row_q6_K
                 U _quantize_row_q8_0
                 U _quantize_row_q8_1
                 U _quantize_row_q8_K
                 U _quantize_row_tq1_0
                 U _quantize_row_tq2_0
                 U _strerror
                 U _tanhf

ggml-cpu.cpp.o:
                 U __Unwind_Resume
                 U __Z35ggml_backend_cpu_repack_buffer_typev
0000000000000000 T __Z39ggml_backend_cpu_get_extra_buffer_typesv
0000000000000a18 T __ZN31ggml_backend_cpu_device_contextC1Ev
0000000000000acc T __ZN31ggml_backend_cpu_device_contextD1Ev
                 U __ZNSt11logic_errorC2EPKc
0000000000000814 T __ZNSt12length_errorC1B9nqe220106EPKc
                 U __ZNSt12length_errorD1Ev
                 U __ZNSt20bad_array_new_lengthC1Ev
                 U __ZNSt20bad_array_new_lengthD1Ev
                 U __ZNSt3__112basic_stringIcNS_11char_traitsIcEENS_9allocatorIcEEE6resizeEmc
                 U __ZNSt3__112basic_stringIcNS_11char_traitsIcEENS_9allocatorIcEEED1Ev
00000000000007c4 T __ZNSt3__120__throw_length_errorB9nqe220106EPKc
00000000000022f8 T __ZNSt3__16vectorI20ggml_backend_featureNS_9allocatorIS1_EEE20__throw_length_errorB9nqe220106Ev
00000000000021ec T __ZNSt3__16vectorI20ggml_backend_featureNS_9allocatorIS1_EEED1B9nqe220106Ev
00000000000007b0 T __ZNSt3__16vectorIP24ggml_backend_buffer_typeNS_9allocatorIS2_EEE20__throw_length_errorB9nqe220106Ev
0000000000000134 T __ZNSt3__16vectorIP24ggml_backend_buffer_typeNS_9allocatorIS2_EEED1B9nqe220106Ev
                 U __ZNSt3__19to_stringEi
0000000000000838 T __ZSt28__throw_bad_array_new_lengthB9nqe220106v
                 U __ZTISt12length_error
                 U __ZTISt20bad_array_new_length
                 U __ZTVSt12length_error
0000000000002220 T __ZZNSt3__16vectorI20ggml_backend_featureNS_9allocatorIS1_EEE12emplace_backIJS1_EEERS1_DpOT_ENKUlvE0_clEv
00000000000006d4 T __ZZNSt3__16vectorIP24ggml_backend_buffer_typeNS_9allocatorIS2_EEE12emplace_backIJS2_EEERS2_DpOT_ENKUlvE0_clEv
                 U __ZdaPv
                 U __ZdlPv
                 U __Znam
                 U __Znwm
                 U ___cxa_allocate_exception
                 U ___cxa_atexit
                 U ___cxa_free_exception
                 U ___cxa_guard_abort
                 U ___cxa_guard_acquire
                 U ___cxa_guard_release
                 U ___cxa_throw
                 U ___dso_handle
                 U ___gxx_personality_v0
                 U _ggml_abort
                 U _ggml_backend_buft_is_host
                 U _ggml_backend_cpu_buffer_from_ptr
                 U _ggml_backend_cpu_buffer_type
0000000000000168 T _ggml_backend_cpu_init
0000000000000228 T _ggml_backend_cpu_reg
0000000000000348 T _ggml_backend_cpu_set_abort_callback
000000000000025c T _ggml_backend_cpu_set_n_threads
00000000000002c8 T _ggml_backend_cpu_set_threadpool
00000000000003c0 T _ggml_backend_cpu_set_use_ref
0000000000000244 T _ggml_backend_is_cpu
                 U _ggml_backend_reg_dev_get
                 U _ggml_cpu_get_rvv_vlen
                 U _ggml_cpu_get_sve_cnt
                 U _ggml_cpu_has_amx_int8
                 U _ggml_cpu_has_arm_fma
                 U _ggml_cpu_has_avx
                 U _ggml_cpu_has_avx2
                 U _ggml_cpu_has_avx512
                 U _ggml_cpu_has_avx512_bf16
                 U _ggml_cpu_has_avx512_vbmi
                 U _ggml_cpu_has_avx512_vnni
                 U _ggml_cpu_has_avx_vnni
                 U _ggml_cpu_has_bmi2
                 U _ggml_cpu_has_dotprod
                 U _ggml_cpu_has_f16c
                 U _ggml_cpu_has_fma
                 U _ggml_cpu_has_fp16_va
                 U _ggml_cpu_has_llamafile
                 U _ggml_cpu_has_matmul_int8
                 U _ggml_cpu_has_neon
                 U _ggml_cpu_has_riscv_v
                 U _ggml_cpu_has_sme
                 U _ggml_cpu_has_sme2
                 U _ggml_cpu_has_sse3
                 U _ggml_cpu_has_ssse3
                 U _ggml_cpu_has_sve
                 U _ggml_cpu_has_vsx
                 U _ggml_cpu_has_vxe
                 U _ggml_cpu_has_wasm_simd
                 U _ggml_cpu_init
                 U _ggml_get_type_traits_cpu
                 U _ggml_graph_compute
                 U _ggml_graph_plan
                 U _ggml_guid_matches
                 U _ggml_is_contiguous
                 U _ggml_is_numa
                 U _ggml_is_quantized
                 U _ggml_numa_init
                 U _ggml_threadpool_free
                 U _ggml_threadpool_new
                 U _ggml_threadpool_pause
                 U _memcpy
                 U _strcmp
                 U _sysconf
                 U _sysctlbyname

repack.cpp.o:
                 U __Unwind_Resume
0000000000000d64 T __Z19ggml_quantize_mat_tILx4EL9ggml_type15EEvPKfPvxx
0000000000000d54 T __Z19ggml_quantize_mat_tILx4EL9ggml_type8EEvPKfPvxx
0000000000000d6c T __Z19ggml_quantize_mat_tILx8EL9ggml_type15EEvPKfPvxx
0000000000000d5c T __Z19ggml_quantize_mat_tILx8EL9ggml_type8EEvPKfPvxx
0000000000010cb4 T __Z35ggml_backend_cpu_repack_buffer_typev
                 U __ZN4ggml3cpu13tensor_traitsD2Ev
                 U __ZN4ggml3cpu17extra_buffer_typeD2Ev
0000000000012308 T __ZN4ggml3cpu6repack13tensor_traitsI10block_q2_KLx8ELx8EL9ggml_type15EE15compute_forwardEP19ggml_compute_paramsP11ggml_tensor
000000000001d59c T __ZN4ggml3cpu6repack13tensor_traitsI10block_q2_KLx8ELx8EL9ggml_type15EE15forward_mul_matEP19ggml_compute_paramsP11ggml_tensor
000000000001e08c T __ZN4ggml3cpu6repack13tensor_traitsI10block_q2_KLx8ELx8EL9ggml_type15EE18forward_mul_mat_idEP19ggml_compute_paramsP11ggml_tensor
000000000001e710 T __ZN4ggml3cpu6repack13tensor_traitsI10block_q2_KLx8ELx8EL9ggml_type15EE25forward_mul_mat_one_chunkEP19ggml_compute_paramsP11ggml_tensorxxxx
0000000000012350 T __ZN4ggml3cpu6repack13tensor_traitsI10block_q2_KLx8ELx8EL9ggml_type15EE6repackEP11ggml_tensorPKvm
0000000000012264 T __ZN4ggml3cpu6repack13tensor_traitsI10block_q2_KLx8ELx8EL9ggml_type15EE9work_sizeEiPK11ggml_tensorRm
0000000000012250 T __ZN4ggml3cpu6repack13tensor_traitsI10block_q2_KLx8ELx8EL9ggml_type15EED0Ev
00000000000114f0 T __ZN4ggml3cpu6repack13tensor_traitsI10block_q2_KLx8ELx8EL9ggml_type15EED1Ev
00000000000115c4 T __ZN4ggml3cpu6repack13tensor_traitsI10block_q4_0Lx4ELx4EL9ggml_type8EE15compute_forwardEP19ggml_compute_paramsP11ggml_tensor
0000000000012c88 T __ZN4ggml3cpu6repack13tensor_traitsI10block_q4_0Lx4ELx4EL9ggml_type8EE15forward_mul_matEP19ggml_compute_paramsP11ggml_tensor
00000000000133bc T __ZN4ggml3cpu6repack13tensor_traitsI10block_q4_0Lx4ELx4EL9ggml_type8EE18forward_mul_mat_idEP19ggml_compute_paramsP11ggml_tensor
0000000000013a4c T __ZN4ggml3cpu6repack13tensor_traitsI10block_q4_0Lx4ELx4EL9ggml_type8EE25forward_mul_mat_one_chunkEP19ggml_compute_paramsP11ggml_tensorxxxx
000000000001160c T __ZN4ggml3cpu6repack13tensor_traitsI10block_q4_0Lx4ELx4EL9ggml_type8EE6repackEP11ggml_tensorPKvm
0000000000011520 T __ZN4ggml3cpu6repack13tensor_traitsI10block_q4_0Lx4ELx4EL9ggml_type8EE9work_sizeEiPK11ggml_tensorRm
000000000001150c T __ZN4ggml3cpu6repack13tensor_traitsI10block_q4_0Lx4ELx4EL9ggml_type8EED0Ev
00000000000114cc T __ZN4ggml3cpu6repack13tensor_traitsI10block_q4_0Lx4ELx4EL9ggml_type8EED1Ev
000000000001173c T __ZN4ggml3cpu6repack13tensor_traitsI10block_q4_0Lx8ELx4EL9ggml_type8EE15compute_forwardEP19ggml_compute_paramsP11ggml_tensor
0000000000013cd4 T __ZN4ggml3cpu6repack13tensor_traitsI10block_q4_0Lx8ELx4EL9ggml_type8EE15forward_mul_matEP19ggml_compute_paramsP11ggml_tensor
0000000000014408 T __ZN4ggml3cpu6repack13tensor_traitsI10block_q4_0Lx8ELx4EL9ggml_type8EE18forward_mul_mat_idEP19ggml_compute_paramsP11ggml_tensor
0000000000014a98 T __ZN4ggml3cpu6repack13tensor_traitsI10block_q4_0Lx8ELx4EL9ggml_type8EE25forward_mul_mat_one_chunkEP19ggml_compute_paramsP11ggml_tensorxxxx
0000000000011784 T __ZN4ggml3cpu6repack13tensor_traitsI10block_q4_0Lx8ELx4EL9ggml_type8EE6repackEP11ggml_tensorPKvm
0000000000011698 T __ZN4ggml3cpu6repack13tensor_traitsI10block_q4_0Lx8ELx4EL9ggml_type8EE9work_sizeEiPK11ggml_tensorRm
0000000000011684 T __ZN4ggml3cpu6repack13tensor_traitsI10block_q4_0Lx8ELx4EL9ggml_type8EED0Ev
00000000000114d0 T __ZN4ggml3cpu6repack13tensor_traitsI10block_q4_0Lx8ELx4EL9ggml_type8EED1Ev
00000000000118b8 T __ZN4ggml3cpu6repack13tensor_traitsI10block_q4_0Lx8ELx8EL9ggml_type8EE15compute_forwardEP19ggml_compute_paramsP11ggml_tensor
0000000000014d20 T __ZN4ggml3cpu6repack13tensor_traitsI10block_q4_0Lx8ELx8EL9ggml_type8EE15forward_mul_matEP19ggml_compute_paramsP11ggml_tensor
0000000000015454 T __ZN4ggml3cpu6repack13tensor_traitsI10block_q4_0Lx8ELx8EL9ggml_type8EE18forward_mul_mat_idEP19ggml_compute_paramsP11ggml_tensor
0000000000015ae4 T __ZN4ggml3cpu6repack13tensor_traitsI10block_q4_0Lx8ELx8EL9ggml_type8EE25forward_mul_mat_one_chunkEP19ggml_compute_paramsP11ggml_tensorxxxx
0000000000011900 T __ZN4ggml3cpu6repack13tensor_traitsI10block_q4_0Lx8ELx8EL9ggml_type8EE6repackEP11ggml_tensorPKvm
0000000000011814 T __ZN4ggml3cpu6repack13tensor_traitsI10block_q4_0Lx8ELx8EL9ggml_type8EE9work_sizeEiPK11ggml_tensorRm
0000000000011800 T __ZN4ggml3cpu6repack13tensor_traitsI10block_q4_0Lx8ELx8EL9ggml_type8EED0Ev
00000000000114d4 T __ZN4ggml3cpu6repack13tensor_traitsI10block_q4_0Lx8ELx8EL9ggml_type8EED1Ev
0000000000011a2c T __ZN4ggml3cpu6repack13tensor_traitsI10block_q4_KLx4ELx8EL9ggml_type15EE15compute_forwardEP19ggml_compute_paramsP11ggml_tensor
0000000000015d6c T __ZN4ggml3cpu6repack13tensor_traitsI10block_q4_KLx4ELx8EL9ggml_type15EE15forward_mul_matEP19ggml_compute_paramsP11ggml_tensor
000000000001685c T __ZN4ggml3cpu6repack13tensor_traitsI10block_q4_KLx4ELx8EL9ggml_type15EE18forward_mul_mat_idEP19ggml_compute_paramsP11ggml_tensor
0000000000016eec T __ZN4ggml3cpu6repack13tensor_traitsI10block_q4_KLx4ELx8EL9ggml_type15EE25forward_mul_mat_one_chunkEP19ggml_compute_paramsP11ggml_tensorxxxx
0000000000011a74 T __ZN4ggml3cpu6repack13tensor_traitsI10block_q4_KLx4ELx8EL9ggml_type15EE6repackEP11ggml_tensorPKvm
0000000000011988 T __ZN4ggml3cpu6repack13tensor_traitsI10block_q4_KLx4ELx8EL9ggml_type15EE9work_sizeEiPK11ggml_tensorRm
0000000000011974 T __ZN4ggml3cpu6repack13tensor_traitsI10block_q4_KLx4ELx8EL9ggml_type15EED0Ev
00000000000114d8 T __ZN4ggml3cpu6repack13tensor_traitsI10block_q4_KLx4ELx8EL9ggml_type15EED1Ev
0000000000011ba8 T __ZN4ggml3cpu6repack13tensor_traitsI10block_q4_KLx8ELx8EL9ggml_type15EE15compute_forwardEP19ggml_compute_paramsP11ggml_tensor
0000000000017174 T __ZN4ggml3cpu6repack13tensor_traitsI10block_q4_KLx8ELx8EL9ggml_type15EE15forward_mul_matEP19ggml_compute_paramsP11ggml_tensor
0000000000017c64 T __ZN4ggml3cpu6repack13tensor_traitsI10block_q4_KLx8ELx8EL9ggml_type15EE18forward_mul_mat_idEP19ggml_compute_paramsP11ggml_tensor
00000000000182f4 T __ZN4ggml3cpu6repack13tensor_traitsI10block_q4_KLx8ELx8EL9ggml_type15EE25forward_mul_mat_one_chunkEP19ggml_compute_paramsP11ggml_tensorxxxx
0000000000011bf0 T __ZN4ggml3cpu6repack13tensor_traitsI10block_q4_KLx8ELx8EL9ggml_type15EE6repackEP11ggml_tensorPKvm
0000000000011b04 T __ZN4ggml3cpu6repack13tensor_traitsI10block_q4_KLx8ELx8EL9ggml_type15EE9work_sizeEiPK11ggml_tensorRm
0000000000011af0 T __ZN4ggml3cpu6repack13tensor_traitsI10block_q4_KLx8ELx8EL9ggml_type15EED0Ev
00000000000114dc T __ZN4ggml3cpu6repack13tensor_traitsI10block_q4_KLx8ELx8EL9ggml_type15EED1Ev
0000000000011d20 T __ZN4ggml3cpu6repack13tensor_traitsI10block_q5_KLx4ELx8EL9ggml_type15EE15compute_forwardEP19ggml_compute_paramsP11ggml_tensor
000000000001857c T __ZN4ggml3cpu6repack13tensor_traitsI10block_q5_KLx4ELx8EL9ggml_type15EE15forward_mul_matEP19ggml_compute_paramsP11ggml_tensor
000000000001906c T __ZN4ggml3cpu6repack13tensor_traitsI10block_q5_KLx4ELx8EL9ggml_type15EE18forward_mul_mat_idEP19ggml_compute_paramsP11ggml_tensor
00000000000196fc T __ZN4ggml3cpu6repack13tensor_traitsI10block_q5_KLx4ELx8EL9ggml_type15EE25forward_mul_mat_one_chunkEP19ggml_compute_paramsP11ggml_tensorxxxx
0000000000011d68 T __ZN4ggml3cpu6repack13tensor_traitsI10block_q5_KLx4ELx8EL9ggml_type15EE6repackEP11ggml_tensorPKvm
0000000000011c7c T __ZN4ggml3cpu6repack13tensor_traitsI10block_q5_KLx4ELx8EL9ggml_type15EE9work_sizeEiPK11ggml_tensorRm
0000000000011c68 T __ZN4ggml3cpu6repack13tensor_traitsI10block_q5_KLx4ELx8EL9ggml_type15EED0Ev
00000000000114e0 T __ZN4ggml3cpu6repack13tensor_traitsI10block_q5_KLx4ELx8EL9ggml_type15EED1Ev
0000000000011e9c T __ZN4ggml3cpu6repack13tensor_traitsI10block_q5_KLx8ELx8EL9ggml_type15EE15compute_forwardEP19ggml_compute_paramsP11ggml_tensor
0000000000019984 T __ZN4ggml3cpu6repack13tensor_traitsI10block_q5_KLx8ELx8EL9ggml_type15EE15forward_mul_matEP19ggml_compute_paramsP11ggml_tensor
000000000001a474 T __ZN4ggml3cpu6repack13tensor_traitsI10block_q5_KLx8ELx8EL9ggml_type15EE18forward_mul_mat_idEP19ggml_compute_paramsP11ggml_tensor
000000000001ab04 T __ZN4ggml3cpu6repack13tensor_traitsI10block_q5_KLx8ELx8EL9ggml_type15EE25forward_mul_mat_one_chunkEP19ggml_compute_paramsP11ggml_tensorxxxx
0000000000011ee4 T __ZN4ggml3cpu6repack13tensor_traitsI10block_q5_KLx8ELx8EL9ggml_type15EE6repackEP11ggml_tensorPKvm
0000000000011df8 T __ZN4ggml3cpu6repack13tensor_traitsI10block_q5_KLx8ELx8EL9ggml_type15EE9work_sizeEiPK11ggml_tensorRm
0000000000011de4 T __ZN4ggml3cpu6repack13tensor_traitsI10block_q5_KLx8ELx8EL9ggml_type15EED0Ev
00000000000114e4 T __ZN4ggml3cpu6repack13tensor_traitsI10block_q5_KLx8ELx8EL9ggml_type15EED1Ev
0000000000012014 T __ZN4ggml3cpu6repack13tensor_traitsI10block_q6_KLx4ELx8EL9ggml_type15EE15compute_forwardEP19ggml_compute_paramsP11ggml_tensor
000000000001ad8c T __ZN4ggml3cpu6repack13tensor_traitsI10block_q6_KLx4ELx8EL9ggml_type15EE15forward_mul_matEP19ggml_compute_paramsP11ggml_tensor
000000000001b87c T __ZN4ggml3cpu6repack13tensor_traitsI10block_q6_KLx4ELx8EL9ggml_type15EE18forward_mul_mat_idEP19ggml_compute_paramsP11ggml_tensor
000000000001bf0c T __ZN4ggml3cpu6repack13tensor_traitsI10block_q6_KLx4ELx8EL9ggml_type15EE25forward_mul_mat_one_chunkEP19ggml_compute_paramsP11ggml_tensorxxxx
000000000001205c T __ZN4ggml3cpu6repack13tensor_traitsI10block_q6_KLx4ELx8EL9ggml_type15EE6repackEP11ggml_tensorPKvm
0000000000011f70 T __ZN4ggml3cpu6repack13tensor_traitsI10block_q6_KLx4ELx8EL9ggml_type15EE9work_sizeEiPK11ggml_tensorRm
0000000000011f5c T __ZN4ggml3cpu6repack13tensor_traitsI10block_q6_KLx4ELx8EL9ggml_type15EED0Ev
00000000000114e8 T __ZN4ggml3cpu6repack13tensor_traitsI10block_q6_KLx4ELx8EL9ggml_type15EED1Ev
0000000000012190 T __ZN4ggml3cpu6repack13tensor_traitsI10block_q6_KLx8ELx8EL9ggml_type15EE15compute_forwardEP19ggml_compute_paramsP11ggml_tensor
000000000001c194 T __ZN4ggml3cpu6repack13tensor_traitsI10block_q6_KLx8ELx8EL9ggml_type15EE15forward_mul_matEP19ggml_compute_paramsP11ggml_tensor
000000000001cc84 T __ZN4ggml3cpu6repack13tensor_traitsI10block_q6_KLx8ELx8EL9ggml_type15EE18forward_mul_mat_idEP19ggml_compute_paramsP11ggml_tensor
000000000001d314 T __ZN4ggml3cpu6repack13tensor_traitsI10block_q6_KLx8ELx8EL9ggml_type15EE25forward_mul_mat_one_chunkEP19ggml_compute_paramsP11ggml_tensorxxxx
00000000000121d8 T __ZN4ggml3cpu6repack13tensor_traitsI10block_q6_KLx8ELx8EL9ggml_type15EE6repackEP11ggml_tensorPKvm
00000000000120ec T __ZN4ggml3cpu6repack13tensor_traitsI10block_q6_KLx8ELx8EL9ggml_type15EE9work_sizeEiPK11ggml_tensorRm
00000000000120d8 T __ZN4ggml3cpu6repack13tensor_traitsI10block_q6_KLx8ELx8EL9ggml_type15EED0Ev
00000000000114ec T __ZN4ggml3cpu6repack13tensor_traitsI10block_q6_KLx8ELx8EL9ggml_type15EED1Ev
0000000000012a4c T __ZN4ggml3cpu6repack13tensor_traitsI10block_q8_0Lx4ELx4EL9ggml_type8EE15compute_forwardEP19ggml_compute_paramsP11ggml_tensor
0000000000022a74 T __ZN4ggml3cpu6repack13tensor_traitsI10block_q8_0Lx4ELx4EL9ggml_type8EE15forward_mul_matEP19ggml_compute_paramsP11ggml_tensor
00000000000231a8 T __ZN4ggml3cpu6repack13tensor_traitsI10block_q8_0Lx4ELx4EL9ggml_type8EE18forward_mul_mat_idEP19ggml_compute_paramsP11ggml_tensor
0000000000023838 T __ZN4ggml3cpu6repack13tensor_traitsI10block_q8_0Lx4ELx4EL9ggml_type8EE25forward_mul_mat_one_chunkEP19ggml_compute_paramsP11ggml_tensorxxxx
0000000000012a94 T __ZN4ggml3cpu6repack13tensor_traitsI10block_q8_0Lx4ELx4EL9ggml_type8EE6repackEP11ggml_tensorPKvm
00000000000129a8 T __ZN4ggml3cpu6repack13tensor_traitsI10block_q8_0Lx4ELx4EL9ggml_type8EE9work_sizeEiPK11ggml_tensorRm
0000000000012994 T __ZN4ggml3cpu6repack13tensor_traitsI10block_q8_0Lx4ELx4EL9ggml_type8EED0Ev
0000000000011504 T __ZN4ggml3cpu6repack13tensor_traitsI10block_q8_0Lx4ELx4EL9ggml_type8EED1Ev
0000000000012bc4 T __ZN4ggml3cpu6repack13tensor_traitsI10block_q8_0Lx8ELx4EL9ggml_type8EE15compute_forwardEP19ggml_compute_paramsP11ggml_tensor
0000000000023ac0 T __ZN4ggml3cpu6repack13tensor_traitsI10block_q8_0Lx8ELx4EL9ggml_type8EE15forward_mul_matEP19ggml_compute_paramsP11ggml_tensor
00000000000241f4 T __ZN4ggml3cpu6repack13tensor_traitsI10block_q8_0Lx8ELx4EL9ggml_type8EE18forward_mul_mat_idEP19ggml_compute_paramsP11ggml_tensor
0000000000024884 T __ZN4ggml3cpu6repack13tensor_traitsI10block_q8_0Lx8ELx4EL9ggml_type8EE25forward_mul_mat_one_chunkEP19ggml_compute_paramsP11ggml_tensorxxxx
0000000000012c0c T __ZN4ggml3cpu6repack13tensor_traitsI10block_q8_0Lx8ELx4EL9ggml_type8EE6repackEP11ggml_tensorPKvm
0000000000012b20 T __ZN4ggml3cpu6repack13tensor_traitsI10block_q8_0Lx8ELx4EL9ggml_type8EE9work_sizeEiPK11ggml_tensorRm
0000000000012b0c T __ZN4ggml3cpu6repack13tensor_traitsI10block_q8_0Lx8ELx4EL9ggml_type8EED0Ev
0000000000011508 T __ZN4ggml3cpu6repack13tensor_traitsI10block_q8_0Lx8ELx4EL9ggml_type8EED1Ev
0000000000012764 T __ZN4ggml3cpu6repack13tensor_traitsI11block_mxfp4Lx4ELx4EL9ggml_type8EE15compute_forwardEP19ggml_compute_paramsP11ggml_tensor
00000000000209fc T __ZN4ggml3cpu6repack13tensor_traitsI11block_mxfp4Lx4ELx4EL9ggml_type8EE15forward_mul_matEP19ggml_compute_paramsP11ggml_tensor
0000000000021130 T __ZN4ggml3cpu6repack13tensor_traitsI11block_mxfp4Lx4ELx4EL9ggml_type8EE18forward_mul_mat_idEP19ggml_compute_paramsP11ggml_tensor
00000000000217c0 T __ZN4ggml3cpu6repack13tensor_traitsI11block_mxfp4Lx4ELx4EL9ggml_type8EE25forward_mul_mat_one_chunkEP19ggml_compute_paramsP11ggml_tensorxxxx
00000000000127ac T __ZN4ggml3cpu6repack13tensor_traitsI11block_mxfp4Lx4ELx4EL9ggml_type8EE6repackEP11ggml_tensorPKvm
00000000000126c0 T __ZN4ggml3cpu6repack13tensor_traitsI11block_mxfp4Lx4ELx4EL9ggml_type8EE9work_sizeEiPK11ggml_tensorRm
00000000000126ac T __ZN4ggml3cpu6repack13tensor_traitsI11block_mxfp4Lx4ELx4EL9ggml_type8EED0Ev
00000000000114fc T __ZN4ggml3cpu6repack13tensor_traitsI11block_mxfp4Lx4ELx4EL9ggml_type8EED1Ev
00000000000128d8 T __ZN4ggml3cpu6repack13tensor_traitsI11block_mxfp4Lx8ELx8EL9ggml_type8EE15compute_forwardEP19ggml_compute_paramsP11ggml_tensor
0000000000021a48 T __ZN4ggml3cpu6repack13tensor_traitsI11block_mxfp4Lx8ELx8EL9ggml_type8EE15forward_mul_matEP19ggml_compute_paramsP11ggml_tensor
000000000002217c T __ZN4ggml3cpu6repack13tensor_traitsI11block_mxfp4Lx8ELx8EL9ggml_type8EE18forward_mul_mat_idEP19ggml_compute_paramsP11ggml_tensor
0000000000022800 T __ZN4ggml3cpu6repack13tensor_traitsI11block_mxfp4Lx8ELx8EL9ggml_type8EE25forward_mul_mat_one_chunkEP19ggml_compute_paramsP11ggml_tensorxxxx
0000000000012920 T __ZN4ggml3cpu6repack13tensor_traitsI11block_mxfp4Lx8ELx8EL9ggml_type8EE6repackEP11ggml_tensorPKvm
0000000000012834 T __ZN4ggml3cpu6repack13tensor_traitsI11block_mxfp4Lx8ELx8EL9ggml_type8EE9work_sizeEiPK11ggml_tensorRm
0000000000012820 T __ZN4ggml3cpu6repack13tensor_traitsI11block_mxfp4Lx8ELx8EL9ggml_type8EED0Ev
0000000000011500 T __ZN4ggml3cpu6repack13tensor_traitsI11block_mxfp4Lx8ELx8EL9ggml_type8EED1Ev
000000000001247c T __ZN4ggml3cpu6repack13tensor_traitsI12block_iq4_nlLx4ELx4EL9ggml_type8EE15compute_forwardEP19ggml_compute_paramsP11ggml_tensor
000000000001e984 T __ZN4ggml3cpu6repack13tensor_traitsI12block_iq4_nlLx4ELx4EL9ggml_type8EE15forward_mul_matEP19ggml_compute_paramsP11ggml_tensor
000000000001f0b8 T __ZN4ggml3cpu6repack13tensor_traitsI12block_iq4_nlLx4ELx4EL9ggml_type8EE18forward_mul_mat_idEP19ggml_compute_paramsP11ggml_tensor
000000000001f748 T __ZN4ggml3cpu6repack13tensor_traitsI12block_iq4_nlLx4ELx4EL9ggml_type8EE25forward_mul_mat_one_chunkEP19ggml_compute_paramsP11ggml_tensorxxxx
00000000000124c4 T __ZN4ggml3cpu6repack13tensor_traitsI12block_iq4_nlLx4ELx4EL9ggml_type8EE6repackEP11ggml_tensorPKvm
00000000000123d8 T __ZN4ggml3cpu6repack13tensor_traitsI12block_iq4_nlLx4ELx4EL9ggml_type8EE9work_sizeEiPK11ggml_tensorRm
00000000000123c4 T __ZN4ggml3cpu6repack13tensor_traitsI12block_iq4_nlLx4ELx4EL9ggml_type8EED0Ev
00000000000114f4 T __ZN4ggml3cpu6repack13tensor_traitsI12block_iq4_nlLx4ELx4EL9ggml_type8EED1Ev
00000000000125f0 T __ZN4ggml3cpu6repack13tensor_traitsI12block_iq4_nlLx8ELx8EL9ggml_type8EE15compute_forwardEP19ggml_compute_paramsP11ggml_tensor
000000000001f9d0 T __ZN4ggml3cpu6repack13tensor_traitsI12block_iq4_nlLx8ELx8EL9ggml_type8EE15forward_mul_matEP19ggml_compute_paramsP11ggml_tensor
0000000000020104 T __ZN4ggml3cpu6repack13tensor_traitsI12block_iq4_nlLx8ELx8EL9ggml_type8EE18forward_mul_mat_idEP19ggml_compute_paramsP11ggml_tensor
0000000000020788 T __ZN4ggml3cpu6repack13tensor_traitsI12block_iq4_nlLx8ELx8EL9ggml_type8EE25forward_mul_mat_one_chunkEP19ggml_compute_paramsP11ggml_tensorxxxx
0000000000012638 T __ZN4ggml3cpu6repack13tensor_traitsI12block_iq4_nlLx8ELx8EL9ggml_type8EE6repackEP11ggml_tensorPKvm
000000000001254c T __ZN4ggml3cpu6repack13tensor_traitsI12block_iq4_nlLx8ELx8EL9ggml_type8EE9work_sizeEiPK11ggml_tensorRm
0000000000012538 T __ZN4ggml3cpu6repack13tensor_traitsI12block_iq4_nlLx8ELx8EL9ggml_type8EED0Ev
00000000000114f8 T __ZN4ggml3cpu6repack13tensor_traitsI12block_iq4_nlLx8ELx8EL9ggml_type8EED1Ev
0000000000024b24 T __ZN4ggml3cpu6repack17extra_buffer_type11supports_opEP19ggml_backend_devicePK11ggml_tensor
0000000000024c4c T __ZN4ggml3cpu6repack17extra_buffer_type17get_tensor_traitsEPK11ggml_tensor
0000000000024b10 T __ZN4ggml3cpu6repack17extra_buffer_typeD0Ev
0000000000024b0c T __ZN4ggml3cpu6repack17extra_buffer_typeD1Ev
0000000000010c80 T __ZN4ggml3cpu6repack4gemmI10block_q2_KLx8ELx8EL9ggml_type15EEEviPfmPKvS7_ii
0000000000010c74 T __ZN4ggml3cpu6repack4gemmI10block_q4_0Lx4ELx4EL9ggml_type8EEEviPfmPKvS7_ii
0000000000010c78 T __ZN4ggml3cpu6repack4gemmI10block_q4_0Lx8ELx4EL9ggml_type8EEEviPfmPKvS7_ii
0000000000010c7c T __ZN4ggml3cpu6repack4gemmI10block_q4_0Lx8ELx8EL9ggml_type8EEEviPfmPKvS7_ii
0000000000010c84 T __ZN4ggml3cpu6repack4gemmI10block_q4_KLx4ELx8EL9ggml_type15EEEviPfmPKvS7_ii
0000000000010c88 T __ZN4ggml3cpu6repack4gemmI10block_q4_KLx8ELx8EL9ggml_type15EEEviPfmPKvS7_ii
0000000000010c8c T __ZN4ggml3cpu6repack4gemmI10block_q5_KLx4ELx8EL9ggml_type15EEEviPfmPKvS7_ii
0000000000010c90 T __ZN4ggml3cpu6repack4gemmI10block_q5_KLx8ELx8EL9ggml_type15EEEviPfmPKvS7_ii
0000000000010c94 T __ZN4ggml3cpu6repack4gemmI10block_q6_KLx4ELx8EL9ggml_type15EEEviPfmPKvS7_ii
0000000000010c98 T __ZN4ggml3cpu6repack4gemmI10block_q6_KLx8ELx8EL9ggml_type15EEEviPfmPKvS7_ii
0000000000010cac T __ZN4ggml3cpu6repack4gemmI10block_q8_0Lx4ELx4EL9ggml_type8EEEviPfmPKvS7_ii
0000000000010cb0 T __ZN4ggml3cpu6repack4gemmI10block_q8_0Lx8ELx4EL9ggml_type8EEEviPfmPKvS7_ii
0000000000010ca4 T __ZN4ggml3cpu6repack4gemmI11block_mxfp4Lx4ELx4EL9ggml_type8EEEviPfmPKvS7_ii
0000000000010ca8 T __ZN4ggml3cpu6repack4gemmI11block_mxfp4Lx8ELx8EL9ggml_type8EEEviPfmPKvS7_ii
0000000000010c9c T __ZN4ggml3cpu6repack4gemmI12block_iq4_nlLx4ELx4EL9ggml_type8EEEviPfmPKvS7_ii
0000000000010ca0 T __ZN4ggml3cpu6repack4gemmI12block_iq4_nlLx8ELx8EL9ggml_type8EEEviPfmPKvS7_ii
0000000000010c40 T __ZN4ggml3cpu6repack4gemvI10block_q2_KLx8ELx8EL9ggml_type15EEEviPfmPKvS7_ii
0000000000010c34 T __ZN4ggml3cpu6repack4gemvI10block_q4_0Lx4ELx4EL9ggml_type8EEEviPfmPKvS7_ii
0000000000010c38 T __ZN4ggml3cpu6repack4gemvI10block_q4_0Lx8ELx4EL9ggml_type8EEEviPfmPKvS7_ii
0000000000010c3c T __ZN4ggml3cpu6repack4gemvI10block_q4_0Lx8ELx8EL9ggml_type8EEEviPfmPKvS7_ii
0000000000010c44 T __ZN4ggml3cpu6repack4gemvI10block_q4_KLx4ELx8EL9ggml_type15EEEviPfmPKvS7_ii
0000000000010c48 T __ZN4ggml3cpu6repack4gemvI10block_q4_KLx8ELx8EL9ggml_type15EEEviPfmPKvS7_ii
0000000000010c4c T __ZN4ggml3cpu6repack4gemvI10block_q5_KLx4ELx8EL9ggml_type15EEEviPfmPKvS7_ii
0000000000010c50 T __ZN4ggml3cpu6repack4gemvI10block_q5_KLx8ELx8EL9ggml_type15EEEviPfmPKvS7_ii
0000000000010c54 T __ZN4ggml3cpu6repack4gemvI10block_q6_KLx4ELx8EL9ggml_type15EEEviPfmPKvS7_ii
0000000000010c58 T __ZN4ggml3cpu6repack4gemvI10block_q6_KLx8ELx8EL9ggml_type15EEEviPfmPKvS7_ii
0000000000010c6c T __ZN4ggml3cpu6repack4gemvI10block_q8_0Lx4ELx4EL9ggml_type8EEEviPfmPKvS7_ii
0000000000010c70 T __ZN4ggml3cpu6repack4gemvI10block_q8_0Lx8ELx4EL9ggml_type8EEEviPfmPKvS7_ii
0000000000010c64 T __ZN4ggml3cpu6repack4gemvI11block_mxfp4Lx4ELx4EL9ggml_type8EEEviPfmPKvS7_ii
0000000000010c68 T __ZN4ggml3cpu6repack4gemvI11block_mxfp4Lx8ELx8EL9ggml_type8EEEviPfmPKvS7_ii
0000000000010c5c T __ZN4ggml3cpu6repack4gemvI12block_iq4_nlLx4ELx4EL9ggml_type8EEEviPfmPKvS7_ii
0000000000010c60 T __ZN4ggml3cpu6repack4gemvI12block_iq4_nlLx8ELx8EL9ggml_type8EEEviPfmPKvS7_ii
000000000000e7a0 T __ZN4ggml3cpu6repack6repackI10block_q2_KLx8ELx8EEEiP11ggml_tensorPKvm
000000000000d5cc T __ZN4ggml3cpu6repack6repackI10block_q4_0Lx4ELx4EEEiP11ggml_tensorPKvm
000000000000da60 T __ZN4ggml3cpu6repack6repackI10block_q4_0Lx8ELx4EEEiP11ggml_tensorPKvm
000000000000da70 T __ZN4ggml3cpu6repack6repackI10block_q4_0Lx8ELx8EEEiP11ggml_tensorPKvm
000000000000e790 T __ZN4ggml3cpu6repack6repackI10block_q4_KLx4ELx8EEEiP11ggml_tensorPKvm
000000000000dd04 T __ZN4ggml3cpu6repack6repackI10block_q4_KLx8ELx8EEEiP11ggml_tensorPKvm
000000000000ec34 T __ZN4ggml3cpu6repack6repackI10block_q5_KLx4ELx8EEEiP11ggml_tensorPKvm
000000000000f760 T __ZN4ggml3cpu6repack6repackI10block_q5_KLx8ELx8EEEiP11ggml_tensorPKvm
000000000000f770 T __ZN4ggml3cpu6repack6repackI10block_q6_KLx4ELx8EEEiP11ggml_tensorPKvm
00000000000100fc T __ZN4ggml3cpu6repack6repackI10block_q6_KLx8ELx8EEEiP11ggml_tensorPKvm
0000000000010908 T __ZN4ggml3cpu6repack6repackI10block_q8_0Lx4ELx4EEEiP11ggml_tensorPKvm
0000000000010c24 T __ZN4ggml3cpu6repack6repackI10block_q8_0Lx8ELx4EEEiP11ggml_tensorPKvm
0000000000010518 T __ZN4ggml3cpu6repack6repackI11block_mxfp4Lx4ELx4EEEiP11ggml_tensorPKvm
00000000000106c8 T __ZN4ggml3cpu6repack6repackI11block_mxfp4Lx8ELx8EEEiP11ggml_tensorPKvm
000000000001010c T __ZN4ggml3cpu6repack6repackI12block_iq4_nlLx4ELx4EEEiP11ggml_tensorPKvm
00000000000102c8 T __ZN4ggml3cpu6repack6repackI12block_iq4_nlLx8ELx8EEEiP11ggml_tensorPKvm
                 U __ZTIN4ggml3cpu13tensor_traitsE
                 U __ZTIN4ggml3cpu17extra_buffer_typeE
0000000000026020 S __ZTIN4ggml3cpu6repack13tensor_traitsI10block_q2_KLx8ELx8EL9ggml_type15EEE
0000000000025f30 S __ZTIN4ggml3cpu6repack13tensor_traitsI10block_q4_0Lx4ELx4EL9ggml_type8EEE
0000000000025f60 S __ZTIN4ggml3cpu6repack13tensor_traitsI10block_q4_0Lx8ELx4EL9ggml_type8EEE
0000000000025f78 S __ZTIN4ggml3cpu6repack13tensor_traitsI10block_q4_0Lx8ELx8EL9ggml_type8EEE
0000000000025f90 S __ZTIN4ggml3cpu6repack13tensor_traitsI10block_q4_KLx4ELx8EL9ggml_type15EEE
0000000000025fa8 S __ZTIN4ggml3cpu6repack13tensor_traitsI10block_q4_KLx8ELx8EL9ggml_type15EEE
0000000000025fc0 S __ZTIN4ggml3cpu6repack13tensor_traitsI10block_q5_KLx4ELx8EL9ggml_type15EEE
0000000000025fd8 S __ZTIN4ggml3cpu6repack13tensor_traitsI10block_q5_KLx8ELx8EL9ggml_type15EEE
0000000000025ff0 S __ZTIN4ggml3cpu6repack13tensor_traitsI10block_q6_KLx4ELx8EL9ggml_type15EEE
0000000000026008 S __ZTIN4ggml3cpu6repack13tensor_traitsI10block_q6_KLx8ELx8EL9ggml_type15EEE
0000000000026098 S __ZTIN4ggml3cpu6repack13tensor_traitsI10block_q8_0Lx4ELx4EL9ggml_type8EEE
00000000000260b0 S __ZTIN4ggml3cpu6repack13tensor_traitsI10block_q8_0Lx8ELx4EL9ggml_type8EEE
0000000000026068 S __ZTIN4ggml3cpu6repack13tensor_traitsI11block_mxfp4Lx4ELx4EL9ggml_type8EEE
0000000000026080 S __ZTIN4ggml3cpu6repack13tensor_traitsI11block_mxfp4Lx8ELx8EL9ggml_type8EEE
0000000000026038 S __ZTIN4ggml3cpu6repack13tensor_traitsI12block_iq4_nlLx4ELx4EL9ggml_type8EEE
0000000000026050 S __ZTIN4ggml3cpu6repack13tensor_traitsI12block_iq4_nlLx8ELx8EL9ggml_type8EEE
00000000000260f8 S __ZTIN4ggml3cpu6repack17extra_buffer_typeE
0000000000025f48 S __ZTIN4ggml3cpu6repack18tensor_traits_baseE
000000000002542a S __ZTSN4ggml3cpu6repack13tensor_traitsI10block_q2_KLx8ELx8EL9ggml_type15EEE
0000000000025190 S __ZTSN4ggml3cpu6repack13tensor_traitsI10block_q4_0Lx4ELx4EL9ggml_type8EEE
00000000000251fc S __ZTSN4ggml3cpu6repack13tensor_traitsI10block_q4_0Lx8ELx4EL9ggml_type8EEE
0000000000025241 S __ZTSN4ggml3cpu6repack13tensor_traitsI10block_q4_0Lx8ELx8EL9ggml_type8EEE
0000000000025286 S __ZTSN4ggml3cpu6repack13tensor_traitsI10block_q4_KLx4ELx8EL9ggml_type15EEE
00000000000252cc S __ZTSN4ggml3cpu6repack13tensor_traitsI10block_q4_KLx8ELx8EL9ggml_type15EEE
0000000000025312 S __ZTSN4ggml3cpu6repack13tensor_traitsI10block_q5_KLx4ELx8EL9ggml_type15EEE
0000000000025358 S __ZTSN4ggml3cpu6repack13tensor_traitsI10block_q5_KLx8ELx8EL9ggml_type15EEE
000000000002539e S __ZTSN4ggml3cpu6repack13tensor_traitsI10block_q6_KLx4ELx8EL9ggml_type15EEE
00000000000253e4 S __ZTSN4ggml3cpu6repack13tensor_traitsI10block_q6_KLx8ELx8EL9ggml_type15EEE
000000000002558a S __ZTSN4ggml3cpu6repack13tensor_traitsI10block_q8_0Lx4ELx4EL9ggml_type8EEE
00000000000255cf S __ZTSN4ggml3cpu6repack13tensor_traitsI10block_q8_0Lx8ELx4EL9ggml_type8EEE
00000000000254fe S __ZTSN4ggml3cpu6repack13tensor_traitsI11block_mxfp4Lx4ELx4EL9ggml_type8EEE
0000000000025544 S __ZTSN4ggml3cpu6repack13tensor_traitsI11block_mxfp4Lx8ELx8EL9ggml_type8EEE
0000000000025470 S __ZTSN4ggml3cpu6repack13tensor_traitsI12block_iq4_nlLx4ELx4EL9ggml_type8EEE
00000000000254b7 S __ZTSN4ggml3cpu6repack13tensor_traitsI12block_iq4_nlLx8ELx8EL9ggml_type8EEE
0000000000025614 S __ZTSN4ggml3cpu6repack17extra_buffer_typeE
00000000000251d5 S __ZTSN4ggml3cpu6repack18tensor_traits_baseE
                 U __ZTVN10__cxxabiv120__si_class_type_infoE
                 U __ZTVN10__cxxabiv121__vmi_class_type_infoE
0000000000025da8 S __ZTVN4ggml3cpu6repack13tensor_traitsI10block_q2_KLx8ELx8EL9ggml_type15EEE
0000000000025bb0 S __ZTVN4ggml3cpu6repack13tensor_traitsI10block_q4_0Lx4ELx4EL9ggml_type8EEE
0000000000025be8 S __ZTVN4ggml3cpu6repack13tensor_traitsI10block_q4_0Lx8ELx4EL9ggml_type8EEE
0000000000025c20 S __ZTVN4ggml3cpu6repack13tensor_traitsI10block_q4_0Lx8ELx8EL9ggml_type8EEE
0000000000025c58 S __ZTVN4ggml3cpu6repack13tensor_traitsI10block_q4_KLx4ELx8EL9ggml_type15EEE
0000000000025c90 S __ZTVN4ggml3cpu6repack13tensor_traitsI10block_q4_KLx8ELx8EL9ggml_type15EEE
0000000000025cc8 S __ZTVN4ggml3cpu6repack13tensor_traitsI10block_q5_KLx4ELx8EL9ggml_type15EEE
0000000000025d00 S __ZTVN4ggml3cpu6repack13tensor_traitsI10block_q5_KLx8ELx8EL9ggml_type15EEE
0000000000025d38 S __ZTVN4ggml3cpu6repack13tensor_traitsI10block_q6_KLx4ELx8EL9ggml_type15EEE
0000000000025d70 S __ZTVN4ggml3cpu6repack13tensor_traitsI10block_q6_KLx8ELx8EL9ggml_type15EEE
0000000000025ec0 S __ZTVN4ggml3cpu6repack13tensor_traitsI10block_q8_0Lx4ELx4EL9ggml_type8EEE
0000000000025ef8 S __ZTVN4ggml3cpu6repack13tensor_traitsI10block_q8_0Lx8ELx4EL9ggml_type8EEE
0000000000025e50 S __ZTVN4ggml3cpu6repack13tensor_traitsI11block_mxfp4Lx4ELx4EL9ggml_type8EEE
0000000000025e88 S __ZTVN4ggml3cpu6repack13tensor_traitsI11block_mxfp4Lx8ELx8EL9ggml_type8EEE
0000000000025de0 S __ZTVN4ggml3cpu6repack13tensor_traitsI12block_iq4_nlLx4ELx4EL9ggml_type8EEE
0000000000025e18 S __ZTVN4ggml3cpu6repack13tensor_traitsI12block_iq4_nlLx8ELx8EL9ggml_type8EEE
00000000000260c8 S __ZTVN4ggml3cpu6repack17extra_buffer_typeE
                 U __ZdlPv
                 U __Znwm
                 U ___chkstk_darwin
                 U ___cxa_atexit
                 U ___cxa_guard_abort
                 U ___cxa_guard_acquire
                 U ___cxa_guard_release
                 U ___dso_handle
                 U ___gxx_personality_v0
                 U ___stack_chk_fail
                 U ___stack_chk_guard
                 U _bzero
                 U _ggml_abort
                 U _ggml_backend_buft_alloc_buffer
                 U _ggml_backend_buft_is_host
                 U _ggml_backend_cpu_buffer_type
                 U _ggml_backend_cpu_reg
                 U _ggml_backend_reg_dev_get
                 U _ggml_barrier
                 U _ggml_cpu_get_sve_cnt
                 U _ggml_cpu_has_avx2
                 U _ggml_cpu_has_avx512
                 U _ggml_cpu_has_dotprod
                 U _ggml_cpu_has_matmul_int8
                 U _ggml_cpu_has_neon
                 U _ggml_cpu_has_riscv_v
                 U _ggml_cpu_has_sve
                 U _ggml_cpu_has_vxe
                 U _ggml_gemm_iq4_nl_4x4_q8_0
000000000000b780 T _ggml_gemm_iq4_nl_4x4_q8_0_generic
000000000000bd30 T _ggml_gemm_iq4_nl_8x8_q8_0
                 U _ggml_gemm_mxfp4_4x4_q8_0
000000000000c1b0 T _ggml_gemm_mxfp4_4x4_q8_0_generic
000000000000c7a0 T _ggml_gemm_mxfp4_8x8_q8_0
0000000000008760 T _ggml_gemm_q2_K_8x8_q8_K
                 U _ggml_gemm_q4_0_4x4_q8_0
0000000000006428 T _ggml_gemm_q4_0_4x4_q8_0_generic
                 U _ggml_gemm_q4_0_4x8_q8_0
0000000000006b6c T _ggml_gemm_q4_0_4x8_q8_0_generic
                 U _ggml_gemm_q4_0_8x8_q8_0
000000000000710c T _ggml_gemm_q4_0_8x8_q8_0_generic
                 U _ggml_gemm_q4_K_8x4_q8_K
0000000000007684 T _ggml_gemm_q4_K_8x4_q8_K_generic
                 U _ggml_gemm_q4_K_8x8_q8_K
0000000000007e6c T _ggml_gemm_q4_K_8x8_q8_K_generic
                 U _ggml_gemm_q5_K_8x4_q8_K
0000000000009608 T _ggml_gemm_q5_K_8x4_q8_K_generic
                 U _ggml_gemm_q5_K_8x8_q8_K
000000000000a228 T _ggml_gemm_q5_K_8x8_q8_K_generic
                 U _ggml_gemm_q6_K_8x4_q8_K
000000000000af20 T _ggml_gemm_q6_K_8x4_q8_K_generic
                 U _ggml_gemm_q6_K_8x8_q8_K
000000000000b314 T _ggml_gemm_q6_K_8x8_q8_K_generic
                 U _ggml_gemm_q8_0_4x4_q8_0
000000000000cc38 T _ggml_gemm_q8_0_4x4_q8_0_generic
                 U _ggml_gemm_q8_0_4x8_q8_0
000000000000d040 T _ggml_gemm_q8_0_4x8_q8_0_generic
                 U _ggml_gemv_iq4_nl_4x4_q8_0
00000000000052c8 T _ggml_gemv_iq4_nl_4x4_q8_0_generic
0000000000005678 T _ggml_gemv_iq4_nl_8x8_q8_0
                 U _ggml_gemv_mxfp4_4x4_q8_0
000000000000594c T _ggml_gemv_mxfp4_4x4_q8_0_generic
0000000000005d50 T _ggml_gemv_mxfp4_8x8_q8_0
00000000000028fc T _ggml_gemv_q2_K_8x8_q8_K
                 U _ggml_gemv_q4_0_4x4_q8_0
0000000000000d74 T _ggml_gemv_q4_0_4x4_q8_0_generic
                 U _ggml_gemv_q4_0_4x8_q8_0
0000000000001518 T _ggml_gemv_q4_0_4x8_q8_0_generic
                 U _ggml_gemv_q4_0_8x8_q8_0
00000000000018d4 T _ggml_gemv_q4_0_8x8_q8_0_generic
                 U _ggml_gemv_q4_K_8x4_q8_K
0000000000001bac T _ggml_gemv_q4_K_8x4_q8_K_generic
                 U _ggml_gemv_q4_K_8x8_q8_K
0000000000002274 T _ggml_gemv_q4_K_8x8_q8_K_generic
                 U _ggml_gemv_q5_K_8x4_q8_K
00000000000037b4 T _ggml_gemv_q5_K_8x4_q8_K_generic
                 U _ggml_gemv_q5_K_8x8_q8_K
0000000000004248 T _ggml_gemv_q5_K_8x8_q8_K_generic
                 U _ggml_gemv_q6_K_8x4_q8_K
0000000000004d64 T _ggml_gemv_q6_K_8x4_q8_K_generic
                 U _ggml_gemv_q6_K_8x8_q8_K
0000000000005018 T _ggml_gemv_q6_K_8x8_q8_K_generic
                 U _ggml_gemv_q8_0_4x4_q8_0
0000000000006054 T _ggml_gemv_q8_0_4x4_q8_0_generic
                 U _ggml_gemv_q8_0_4x8_q8_0
00000000000061e4 T _ggml_gemv_q8_0_4x8_q8_0_generic
                 U _ggml_get_type_traits_cpu
                 U _ggml_is_numa
                 U _ggml_log_internal
                 U _ggml_n_dims
                 U _ggml_nbytes
                 U _ggml_nelements
                 U _ggml_nrows
                 U _ggml_quantize_mat_q8_0_4x4
0000000000000000 T _ggml_quantize_mat_q8_0_4x4_generic
                 U _ggml_quantize_mat_q8_0_4x8
0000000000000368 T _ggml_quantize_mat_q8_0_4x8_generic
00000000000006f4 T _ggml_quantize_mat_q8_K_4x4
0000000000000a24 T _ggml_quantize_mat_q8_K_4x8
                 U _ggml_row_size
                 U _ggml_threadpool_chunk_add
                 U _ggml_threadpool_chunk_set
                 U _ggml_type_name
                 U _ggml_type_size
                 U _memcpy

iqp.cpp.o:
                 U ___cxa_guard_acquire
                 U ___cxa_guard_release
                 U ___stack_chk_fail
                 U ___stack_chk_guard
                 U _getenv
                 U _ggml_abort
000000000000019c T _ggml_compute_forward_mul_mat_id_iqp
0000000000001c70 T _ggml_compute_forward_mul_mat_iqp
                 U _ggml_cpu_has_avx2
0000000000000000 T _ggml_cpu_iqp_mul_mat_id_min_batch
0000000000000554 T _ggml_cpu_iqp_scratch_size
000000000000000c T _ggml_cpu_iqp_supports_mul_mat
0000000000000168 T _ggml_cpu_iqp_supports_mul_mat_id
                 U _ggml_get_type_traits_cpu
                 U _ggml_is_contiguous
                 U _ggml_is_numa
                 U _ggml_row_size
                 U _ggml_threadpool_chunk_add
                 U _ggml_type_size

hbm.cpp.o:

quants.c.o:
                 U ___stack_chk_fail
                 U ___stack_chk_guard
0000000000005794 T _ggml_vec_dot_iq1_m_q8_K_generic
0000000000005638 T _ggml_vec_dot_iq1_s_q8_K_generic
00000000000045a4 T _ggml_vec_dot_iq2_s_q8_K_generic
00000000000041c8 T _ggml_vec_dot_iq2_xs_q8_K_generic
0000000000003e40 T _ggml_vec_dot_iq2_xxs_q8_K_generic
0000000000004d78 T _ggml_vec_dot_iq3_s_q8_K_generic
0000000000004948 T _ggml_vec_dot_iq3_xxs_q8_K_generic
0000000000005a7c T _ggml_vec_dot_iq4_nl_q8_0_generic
0000000000005d14 T _ggml_vec_dot_iq4_xs_q8_K_generic
0000000000000f68 T _ggml_vec_dot_mxfp4_q8_0_generic
0000000000001218 T _ggml_vec_dot_nvfp4_q8_0_generic
0000000000000048 T _ggml_vec_dot_q1_0_q8_0_generic
0000000000000a50 T _ggml_vec_dot_q2_0_q8_0_generic
00000000000023a0 T _ggml_vec_dot_q2_K_q8_K_generic
0000000000002d14 T _ggml_vec_dot_q3_K_q8_K_generic
0000000000000df4 T _ggml_vec_dot_q4_0_q8_0_generic
0000000000000eac T _ggml_vec_dot_q4_1_q8_1_generic
0000000000002ff0 T _ggml_vec_dot_q4_K_q8_K_generic
0000000000001420 T _ggml_vec_dot_q5_0_q8_0_generic
000000000000162c T _ggml_vec_dot_q5_1_q8_1_generic
000000000000357c T _ggml_vec_dot_q5_K_q8_K_generic
0000000000003ba8 T _ggml_vec_dot_q6_K_q8_K_generic
00000000000017ec T _ggml_vec_dot_q8_0_q8_0_generic
0000000000001850 T _ggml_vec_dot_tq1_0_q8_K_generic
0000000000001e3c T _ggml_vec_dot_tq2_0_q8_K_generic
                 U _ldexpf
                 U _quantize_iq4_xs
0000000000006278 T _quantize_row_iq4_nl
                 U _quantize_row_iq4_nl_ref
000000000000627c T _quantize_row_iq4_xs
0000000000000020 T _quantize_row_mxfp4
                 U _quantize_row_mxfp4_ref
0000000000000024 T _quantize_row_nvfp4
                 U _quantize_row_nvfp4_ref
0000000000000000 T _quantize_row_q1_0
                 U _quantize_row_q1_0_ref
0000000000000004 T _quantize_row_q2_0
                 U _quantize_row_q2_0_ref
0000000000000028 T _quantize_row_q2_K
                 U _quantize_row_q2_K_ref
000000000000002c T _quantize_row_q3_K
                 U _quantize_row_q3_K_ref
0000000000000008 T _quantize_row_q4_0
                 U _quantize_row_q4_0_ref
000000000000000c T _quantize_row_q4_1
                 U _quantize_row_q4_1_ref
0000000000000030 T _quantize_row_q4_K
                 U _quantize_row_q4_K_ref
0000000000000010 T _quantize_row_q5_0
                 U _quantize_row_q5_0_ref
0000000000000014 T _quantize_row_q5_1
                 U _quantize_row_q5_1_ref
0000000000000034 T _quantize_row_q5_K
                 U _quantize_row_q5_K_ref
0000000000000038 T _quantize_row_q6_K
                 U _quantize_row_q6_K_ref
0000000000000018 T _quantize_row_q8_0_generic
                 U _quantize_row_q8_0_ref
000000000000001c T _quantize_row_q8_1_generic
                 U _quantize_row_q8_1_ref
0000000000000044 T _quantize_row_q8_K_generic
                 U _quantize_row_q8_K_ref
000000000000003c T _quantize_row_tq1_0
                 U _quantize_row_tq1_0_ref
0000000000000040 T _quantize_row_tq2_0
                 U _quantize_row_tq2_0_ref

traits.cpp.o:
                 U __Z39ggml_backend_cpu_get_extra_buffer_typesv
0000000000000008 T __ZN4ggml3cpu13tensor_traitsD0Ev
0000000000000004 T __ZN4ggml3cpu13tensor_traitsD1Ev
0000000000000000 T __ZN4ggml3cpu13tensor_traitsD2Ev
0000000000000014 T __ZN4ggml3cpu17extra_buffer_typeD0Ev
0000000000000010 T __ZN4ggml3cpu17extra_buffer_typeD1Ev
000000000000000c T __ZN4ggml3cpu17extra_buffer_typeD2Ev
0000000000000188 S __ZTIN4ggml3cpu13tensor_traitsE
00000000000001c8 S __ZTIN4ggml3cpu17extra_buffer_typeE
00000000000001d8 S __ZTSN4ggml3cpu13tensor_traitsE
00000000000001f3 S __ZTSN4ggml3cpu17extra_buffer_typeE
                 U __ZTVN10__cxxabiv117__class_type_infoE
0000000000000158 S __ZTVN4ggml3cpu13tensor_traitsE
0000000000000198 S __ZTVN4ggml3cpu17extra_buffer_typeE
                 U ___cxa_pure_virtual
0000000000000018 T _ggml_cpu_extra_compute_forward
00000000000000ac T _ggml_cpu_extra_work_size

amx.cpp.o:

mmq.cpp.o:

binary-ops.cpp.o:
                 U _ggml_abort
                 U _ggml_are_same_shape
                 U _ggml_can_repeat
0000000000000000 T _ggml_compute_forward_add_non_quantized
0000000000009780 T _ggml_compute_forward_div
0000000000006488 T _ggml_compute_forward_mul
0000000000003244 T _ggml_compute_forward_sub
                 U _ggml_is_contiguous_rows
                 U _ggml_nrows
                 U _ggml_type_name
                 U _vDSP_vadd
                 U _vDSP_vdiv
                 U _vDSP_vmul
                 U _vDSP_vsub

unary-ops.cpp.o:
                 U ___stderrp
                 U _cosf
                 U _expf
                 U _expm1f
                 U _fprintf
                 U _ggml_abort
                 U _ggml_are_same_shape
0000000000000000 T _ggml_compute_forward_abs
0000000000011560 T _ggml_compute_forward_ceil
000000000000cb14 T _ggml_compute_forward_cos
0000000000004978 T _ggml_compute_forward_elu
0000000000007fb4 T _ggml_compute_forward_exp
000000000000ebac T _ggml_compute_forward_expm1
00000000000107b4 T _ggml_compute_forward_floor
00000000000070d4 T _ggml_compute_forward_hardsigmoid
0000000000009000 T _ggml_compute_forward_hardswish
000000000000db60 T _ggml_compute_forward_log
0000000000001d34 T _ggml_compute_forward_neg
00000000000051ac T _ggml_compute_forward_relu
000000000001230c T _ggml_compute_forward_round
0000000000000d80 T _ggml_compute_forward_sgn
0000000000005f7c T _ggml_compute_forward_sigmoid
000000000000bac8 T _ggml_compute_forward_sin
000000000000fc98 T _ggml_compute_forward_softplus
0000000000009f20 T _ggml_compute_forward_sqr
000000000000ad08 T _ggml_compute_forward_sqrt
0000000000002b10 T _ggml_compute_forward_step
000000000000392c T _ggml_compute_forward_tanh
00000000000130b8 T _ggml_compute_forward_trunc
0000000000013e64 T _ggml_compute_forward_xielu
                 U _ggml_is_contiguous_1
                 U _ggml_is_contiguous_rows
                 U _ggml_nrows
                 U _ggml_type_name
                 U _logf
                 U _sinf
                 U _tanhf

vec.cpp.o:
                 U _expf
0000000000001940 S _ggml_table_gelu_f16
0000000000021940 S _ggml_table_gelu_quick_f16
0000000000000c50 T _ggml_vec_cvar_f32
00000000000001ec T _ggml_vec_dot_bf16
00000000000003bc T _ggml_vec_dot_f16
0000000000000000 T _ggml_vec_dot_f32
000000000000148c T _ggml_vec_log_soft_max_f32
00000000000006b8 T _ggml_vec_silu_f32
0000000000000e78 T _ggml_vec_soft_max_f32
0000000000000968 T _ggml_vec_swiglu_f32
                 U _logf

ops.cpp.o:
000000000003a878 T __ZNSt3__111__introsortINS_17_ClassicAlgPolicyER11cmp_argsortIL15ggml_sort_order0EEPiLb0EEEvT1_S7_T0_NS_15iterator_traitsIS7_E15difference_typeEb
000000000003b984 T __ZNSt3__111__introsortINS_17_ClassicAlgPolicyER11cmp_argsortIL15ggml_sort_order1EEPiLb0EEEvT1_S7_T0_NS_15iterator_traitsIS7_E15difference_typeEb
000000000003b5ec T __ZNSt3__119__partial_sort_implB9nqe220106INS_17_ClassicAlgPolicyER11cmp_argsortIL15ggml_sort_order0EEPiS6_EET1_S7_S7_T2_OT0_
000000000003c6f8 T __ZNSt3__119__partial_sort_implB9nqe220106INS_17_ClassicAlgPolicyER11cmp_argsortIL15ggml_sort_order1EEPiS6_EET1_S7_S7_T2_OT0_
000000000003ca90 T __ZNSt3__119__partial_sort_implB9nqe220106INS_17_ClassicAlgPolicyER9cmp_top_kPiS4_EET1_S5_S5_T2_OT0_
000000000003b2c8 T __ZNSt3__127__insertion_sort_incompleteB9nqe220106INS_17_ClassicAlgPolicyER11cmp_argsortIL15ggml_sort_order0EEPiEEbT1_S7_T0_
000000000003c3d4 T __ZNSt3__127__insertion_sort_incompleteB9nqe220106INS_17_ClassicAlgPolicyER11cmp_argsortIL15ggml_sort_order1EEPiEEbT1_S7_T0_
000000000003b0fc T __ZNSt3__17__sort5B9nqe220106INS_17_ClassicAlgPolicyER11cmp_argsortIL15ggml_sort_order0EEPiLi0EEEvT1_S7_S7_S7_S7_T0_
000000000003c208 T __ZNSt3__17__sort5B9nqe220106INS_17_ClassicAlgPolicyER11cmp_argsortIL15ggml_sort_order1EEPiLi0EEEvT1_S7_S7_S7_S7_T0_
                 U ___sincosf_stret
                 U ___stack_chk_fail
                 U ___stack_chk_guard
                 U _bzero
                 U _erff
                 U _exp2f
                 U _expf
                 U _ggml_abort
                 U _ggml_are_same_shape
                 U _ggml_barrier
                 U _ggml_blck_size
                 U _ggml_can_repeat
                 U _ggml_compute_forward_abs
000000000000c3e8 T _ggml_compute_forward_acc
0000000000009a08 T _ggml_compute_forward_add
000000000000aa3c T _ggml_compute_forward_add1
000000000000a438 T _ggml_compute_forward_add_id
                 U _ggml_compute_forward_add_non_quantized
000000000003409c T _ggml_compute_forward_add_rel_pos
00000000000290d0 T _ggml_compute_forward_arange
000000000000d878 T _ggml_compute_forward_argmax
00000000000294d4 T _ggml_compute_forward_argsort
                 U _ggml_compute_forward_ceil
000000000001b578 T _ggml_compute_forward_clamp
0000000000020f08 T _ggml_compute_forward_col2im_1d
000000000000f35c T _ggml_compute_forward_concat
0000000000018a6c T _ggml_compute_forward_cont
0000000000021428 T _ggml_compute_forward_conv_2d
0000000000024740 T _ggml_compute_forward_conv_2d_dw
0000000000022020 T _ggml_compute_forward_conv_3d
000000000001e790 T _ggml_compute_forward_conv_transpose_1d
0000000000022fe8 T _ggml_compute_forward_conv_transpose_2d
000000000000d98c T _ggml_compute_forward_count_equal
0000000000018a68 T _ggml_compute_forward_cpy
0000000000038384 T _ggml_compute_forward_cross_entropy_loss
0000000000038934 T _ggml_compute_forward_cross_entropy_loss_back
000000000000d0bc T _ggml_compute_forward_cumsum
000000000003836c T _ggml_compute_forward_custom
000000000001a0d0 T _ggml_compute_forward_diag
000000000001a4d4 T _ggml_compute_forward_diag_mask_inf
000000000001a744 T _ggml_compute_forward_diag_mask_zero
0000000000036e88 T _ggml_compute_forward_dsv4_hc_comb
0000000000037abc T _ggml_compute_forward_dsv4_hc_post
0000000000037800 T _ggml_compute_forward_dsv4_hc_pre
0000000000000000 T _ggml_compute_forward_dup
                 U _ggml_compute_forward_elu
                 U _ggml_compute_forward_exp
                 U _ggml_compute_forward_expm1
0000000000010bb4 T _ggml_compute_forward_fill
000000000002c42c T _ggml_compute_forward_flash_attn_back
0000000000029f50 T _ggml_compute_forward_flash_attn_ext
                 U _ggml_compute_forward_floor
00000000000398a4 T _ggml_compute_forward_fwht
0000000000036124 T _ggml_compute_forward_gated_delta_net
0000000000033d9c T _ggml_compute_forward_get_rel_pos
0000000000018a70 T _ggml_compute_forward_get_rows
0000000000019b60 T _ggml_compute_forward_get_rows_back
0000000000034fa0 T _ggml_compute_forward_gla
0000000000030f78 T _ggml_compute_forward_glu
0000000000013898 T _ggml_compute_forward_group_norm
                 U _ggml_compute_forward_hardsigmoid
                 U _ggml_compute_forward_hardswish
000000000001f520 T _ggml_compute_forward_im2col
0000000000020460 T _ggml_compute_forward_im2col_3d
000000000001fef4 T _ggml_compute_forward_im2col_back_f32
0000000000014540 T _ggml_compute_forward_l2_norm
000000000001120c T _ggml_compute_forward_leaky_relu
0000000000039edc T _ggml_compute_forward_lightning_indexer
0000000000038310 T _ggml_compute_forward_map_custom1
000000000003832c T _ggml_compute_forward_map_custom2
000000000003834c T _ggml_compute_forward_map_custom3
000000000000d70c T _ggml_compute_forward_mean
                 U _ggml_compute_forward_mul_mat
                 U _ggml_compute_forward_neg
0000000000011f8c T _ggml_compute_forward_norm
0000000000038dec T _ggml_compute_forward_opt_step_adamw
00000000000392f4 T _ggml_compute_forward_opt_step_sgd
0000000000014fec T _ggml_compute_forward_out_prod
0000000000026b94 T _ggml_compute_forward_pad
0000000000027394 T _ggml_compute_forward_pad_reflect_1d
0000000000025228 T _ggml_compute_forward_pool_1d
00000000000254e0 T _ggml_compute_forward_pool_2d
0000000000025cd8 T _ggml_compute_forward_pool_2d_back
                 U _ggml_compute_forward_relu
000000000000e0a8 T _ggml_compute_forward_repeat
000000000000ebd0 T _ggml_compute_forward_repeat_back
00000000000124a0 T _ggml_compute_forward_rms_norm
00000000000131c0 T _ggml_compute_forward_rms_norm_back
0000000000012b04 T _ggml_compute_forward_rms_norm_mul_fused
0000000000028c98 T _ggml_compute_forward_roll
000000000001bc10 T _ggml_compute_forward_rope
000000000001e74c T _ggml_compute_forward_rope_back
                 U _ggml_compute_forward_round
0000000000034404 T _ggml_compute_forward_rwkv_wkv6
0000000000037f00 T _ggml_compute_forward_rwkv_wkv7
0000000000017f94 T _ggml_compute_forward_scale
00000000000181a0 T _ggml_compute_forward_set
000000000001921c T _ggml_compute_forward_set_rows
                 U _ggml_compute_forward_sgn
                 U _ggml_compute_forward_sigmoid
000000000001182c T _ggml_compute_forward_silu_back
000000000001a778 T _ggml_compute_forward_soft_max
000000000001af64 T _ggml_compute_forward_soft_max_ext_back
                 U _ggml_compute_forward_softplus
0000000000035bec T _ggml_compute_forward_solve_tri
000000000002d7e0 T _ggml_compute_forward_ssm_conv
000000000002dc64 T _ggml_compute_forward_ssm_scan
                 U _ggml_compute_forward_step
000000000000c75c T _ggml_compute_forward_sum
000000000000d480 T _ggml_compute_forward_sum_rows
                 U _ggml_compute_forward_tanh
0000000000029290 T _ggml_compute_forward_timestep_embedding
00000000000298ec T _ggml_compute_forward_top_k
000000000001102c T _ggml_compute_forward_tri
                 U _ggml_compute_forward_trunc
000000000002fc68 T _ggml_compute_forward_unary
0000000000026150 T _ggml_compute_forward_upscale
000000000002f38c T _ggml_compute_forward_win_part
000000000002f9b8 T _ggml_compute_forward_win_unpart
                 U _ggml_compute_forward_xielu
                 U _ggml_cpu_bf16_to_fp32
                 U _ggml_cpu_fp16_to_fp32
                 U _ggml_element_size
                 U _ggml_fp16_to_fp32_row
                 U _ggml_get_data_f32
                 U _ggml_get_glu_op
                 U _ggml_get_type_traits
                 U _ggml_get_type_traits_cpu
                 U _ggml_get_unary_op
                 U _ggml_is_contiguous
                 U _ggml_is_contiguous_1
                 U _ggml_is_contiguous_channels
                 U _ggml_is_contiguous_rows
                 U _ggml_is_numa
                 U _ggml_is_quantized
                 U _ggml_is_scalar
                 U _ggml_nbytes
                 U _ggml_nelements
                 U _ggml_nrows
                 U _ggml_rope_yarn_corr_dims
                 U _ggml_row_size
                 U _ggml_table_gelu_f16
                 U _ggml_table_gelu_quick_f16
                 U _ggml_threadpool_chunk_add
                 U _ggml_threadpool_chunk_set
                 U _ggml_type_name
                 U _ggml_type_size
                 U _ggml_vec_dot_f16
                 U _ggml_vec_dot_f32
                 U _ggml_vec_log_soft_max_f32
                 U _ggml_vec_silu_f32
                 U _ggml_vec_soft_max_f32
                 U _ggml_vec_swiglu_f32
                 U _log2
                 U _logf
                 U _memcpy
                 U _memmove
                 U _memset_pattern16
                 U _powf
                 U _tanhf
                 U _vDSP_maxv
                 U _vDSP_measqv
                 U _vDSP_sve
                 U _vDSP_vadd
                 U _vDSP_vsadd
                 U _vDSP_vsmsa
                 U _vDSP_vsmul

sgemm.cpp.o:
                 U _ggml_abort
                 U _ggml_barrier
                 U _ggml_log_internal
                 U _ggml_threadpool_chunk_add
                 U _ggml_threadpool_chunk_set
0000000000000000 T _llamafile_sgemm

quants.c.o:
                 U ___stack_chk_fail
                 U ___stack_chk_guard
                 U _ggml_table_f32_ue4m3
0000000000004594 T _ggml_vec_dot_iq1_m_q8_K
0000000000004398 T _ggml_vec_dot_iq1_s_q8_K
0000000000003cc0 T _ggml_vec_dot_iq2_s_q8_K
0000000000003ac4 T _ggml_vec_dot_iq2_xs_q8_K
000000000000391c T _ggml_vec_dot_iq2_xxs_q8_K
00000000000040e8 T _ggml_vec_dot_iq3_s_q8_K
0000000000003ee8 T _ggml_vec_dot_iq3_xxs_q8_K
0000000000004804 T _ggml_vec_dot_iq4_nl_q8_0
0000000000004b9c T _ggml_vec_dot_iq4_xs_q8_K
0000000000000d5c T _ggml_vec_dot_mxfp4_q8_0
0000000000001138 T _ggml_vec_dot_nvfp4_q8_0
00000000000003f4 T _ggml_vec_dot_q1_0_q8_0
00000000000005e0 T _ggml_vec_dot_q2_0_q8_0
0000000000001ea0 T _ggml_vec_dot_q2_K_q8_K
0000000000002144 T _ggml_vec_dot_q3_K_q8_K
00000000000006d8 T _ggml_vec_dot_q4_0_q8_0
00000000000009f8 T _ggml_vec_dot_q4_1_q8_1
0000000000002518 T _ggml_vec_dot_q4_K_q8_K
0000000000001234 T _ggml_vec_dot_q5_0_q8_0
000000000000159c T _ggml_vec_dot_q5_1_q8_1
0000000000002e30 T _ggml_vec_dot_q5_K_q8_K
0000000000003118 T _ggml_vec_dot_q6_K_q8_K
00000000000018f0 T _ggml_vec_dot_q8_0_q8_0
0000000000001b1c T _ggml_vec_dot_tq1_0_q8_K
0000000000001d4c T _ggml_vec_dot_tq2_0_q8_K
0000000000000000 T _quantize_row_q8_0
00000000000001b8 T _quantize_row_q8_1
00000000000003f0 T _quantize_row_q8_K
                 U _quantize_row_q8_K_ref

repack.cpp.o:
                 U ___stack_chk_fail
                 U ___stack_chk_guard
                 U _bzero
0000000000004508 T _ggml_gemm_iq4_nl_4x4_q8_0
00000000000047a4 T _ggml_gemm_mxfp4_4x4_q8_0
0000000000003794 T _ggml_gemm_q4_0_4x4_q8_0
0000000000003ec4 T _ggml_gemm_q4_0_4x8_q8_0
0000000000004504 T _ggml_gemm_q4_0_8x8_q8_0
                 U _ggml_gemm_q4_0_8x8_q8_0_generic
0000000000004a64 T _ggml_gemm_q4_K_8x4_q8_K
0000000000005ba0 T _ggml_gemm_q4_K_8x8_q8_K
00000000000053d8 T _ggml_gemm_q5_K_8x4_q8_K
000000000000656c T _ggml_gemm_q5_K_8x8_q8_K
0000000000006d74 T _ggml_gemm_q6_K_8x4_q8_K
000000000000759c T _ggml_gemm_q6_K_8x8_q8_K
0000000000007db4 T _ggml_gemm_q8_0_4x4_q8_0
0000000000007ffc T _ggml_gemm_q8_0_4x8_q8_0
0000000000000ec8 T _ggml_gemv_iq4_nl_4x4_q8_0
0000000000000ff4 T _ggml_gemv_mxfp4_4x4_q8_0
0000000000000cb0 T _ggml_gemv_q4_0_4x4_q8_0
0000000000000dac T _ggml_gemv_q4_0_4x8_q8_0
0000000000000ec4 T _ggml_gemv_q4_0_8x8_q8_0
                 U _ggml_gemv_q4_0_8x8_q8_0_generic
0000000000001148 T _ggml_gemv_q4_K_8x4_q8_K
000000000000153c T _ggml_gemv_q4_K_8x8_q8_K
00000000000019d4 T _ggml_gemv_q5_K_8x4_q8_K
0000000000002000 T _ggml_gemv_q5_K_8x8_q8_K
00000000000026a4 T _ggml_gemv_q6_K_8x4_q8_K
0000000000002eb0 T _ggml_gemv_q6_K_8x8_q8_K
00000000000035c4 T _ggml_gemv_q8_0_4x4_q8_0
00000000000036a0 T _ggml_gemv_q8_0_4x8_q8_0
0000000000000000 T _ggml_quantize_mat_q8_0_4x4
0000000000000664 T _ggml_quantize_mat_q8_0_4x8
