                 U _CC_SHA256
                 U __Exit
                 U __Unwind_Resume
000000010000ab9c T __Z19ggml_quantize_mat_tILx4EL9ggml_type15EEvPKfPvxx
000000010000ab8c T __Z19ggml_quantize_mat_tILx4EL9ggml_type8EEvPKfPvxx
000000010000aba4 T __Z19ggml_quantize_mat_tILx8EL9ggml_type15EEvPKfPvxx
000000010000ab94 T __Z19ggml_quantize_mat_tILx8EL9ggml_type8EEvPKfPvxx
000000010001aaec T __Z35ggml_backend_cpu_repack_buffer_typev
0000000100007b40 T __Z39ggml_backend_cpu_get_extra_buffer_typesv
00000001000fe2b8 T __ZN4ggml3cpu13tensor_traitsD0Ev
00000001000fe2b4 T __ZN4ggml3cpu13tensor_traitsD1Ev
00000001000372c4 T __ZN4ggml3cpu13tensor_traitsD2Ev
00000001000fe2c0 T __ZN4ggml3cpu17extra_buffer_typeD0Ev
00000001000fe2bc T __ZN4ggml3cpu17extra_buffer_typeD1Ev
00000001000372c8 T __ZN4ggml3cpu17extra_buffer_typeD2Ev
000000010001aab8 T __ZN4ggml3cpu6repack4gemmI10block_q2_KLx8ELx8EL9ggml_type15EEEviPfmPKvS7_ii
000000010001aaac T __ZN4ggml3cpu6repack4gemmI10block_q4_0Lx4ELx4EL9ggml_type8EEEviPfmPKvS7_ii
000000010001aab0 T __ZN4ggml3cpu6repack4gemmI10block_q4_0Lx8ELx4EL9ggml_type8EEEviPfmPKvS7_ii
000000010001aab4 T __ZN4ggml3cpu6repack4gemmI10block_q4_0Lx8ELx8EL9ggml_type8EEEviPfmPKvS7_ii
000000010001aabc T __ZN4ggml3cpu6repack4gemmI10block_q4_KLx4ELx8EL9ggml_type15EEEviPfmPKvS7_ii
000000010001aac0 T __ZN4ggml3cpu6repack4gemmI10block_q4_KLx8ELx8EL9ggml_type15EEEviPfmPKvS7_ii
000000010001aac4 T __ZN4ggml3cpu6repack4gemmI10block_q5_KLx4ELx8EL9ggml_type15EEEviPfmPKvS7_ii
000000010001aac8 T __ZN4ggml3cpu6repack4gemmI10block_q5_KLx8ELx8EL9ggml_type15EEEviPfmPKvS7_ii
000000010001aacc T __ZN4ggml3cpu6repack4gemmI10block_q6_KLx4ELx8EL9ggml_type15EEEviPfmPKvS7_ii
000000010001aad0 T __ZN4ggml3cpu6repack4gemmI10block_q6_KLx8ELx8EL9ggml_type15EEEviPfmPKvS7_ii
000000010001aae4 T __ZN4ggml3cpu6repack4gemmI10block_q8_0Lx4ELx4EL9ggml_type8EEEviPfmPKvS7_ii
000000010001aae8 T __ZN4ggml3cpu6repack4gemmI10block_q8_0Lx8ELx4EL9ggml_type8EEEviPfmPKvS7_ii
000000010001aadc T __ZN4ggml3cpu6repack4gemmI11block_mxfp4Lx4ELx4EL9ggml_type8EEEviPfmPKvS7_ii
000000010001aae0 T __ZN4ggml3cpu6repack4gemmI11block_mxfp4Lx8ELx8EL9ggml_type8EEEviPfmPKvS7_ii
000000010001aad4 T __ZN4ggml3cpu6repack4gemmI12block_iq4_nlLx4ELx4EL9ggml_type8EEEviPfmPKvS7_ii
000000010001aad8 T __ZN4ggml3cpu6repack4gemmI12block_iq4_nlLx8ELx8EL9ggml_type8EEEviPfmPKvS7_ii
000000010001aa78 T __ZN4ggml3cpu6repack4gemvI10block_q2_KLx8ELx8EL9ggml_type15EEEviPfmPKvS7_ii
000000010001aa6c T __ZN4ggml3cpu6repack4gemvI10block_q4_0Lx4ELx4EL9ggml_type8EEEviPfmPKvS7_ii
000000010001aa70 T __ZN4ggml3cpu6repack4gemvI10block_q4_0Lx8ELx4EL9ggml_type8EEEviPfmPKvS7_ii
000000010001aa74 T __ZN4ggml3cpu6repack4gemvI10block_q4_0Lx8ELx8EL9ggml_type8EEEviPfmPKvS7_ii
000000010001aa7c T __ZN4ggml3cpu6repack4gemvI10block_q4_KLx4ELx8EL9ggml_type15EEEviPfmPKvS7_ii
000000010001aa80 T __ZN4ggml3cpu6repack4gemvI10block_q4_KLx8ELx8EL9ggml_type15EEEviPfmPKvS7_ii
000000010001aa84 T __ZN4ggml3cpu6repack4gemvI10block_q5_KLx4ELx8EL9ggml_type15EEEviPfmPKvS7_ii
000000010001aa88 T __ZN4ggml3cpu6repack4gemvI10block_q5_KLx8ELx8EL9ggml_type15EEEviPfmPKvS7_ii
000000010001aa8c T __ZN4ggml3cpu6repack4gemvI10block_q6_KLx4ELx8EL9ggml_type15EEEviPfmPKvS7_ii
000000010001aa90 T __ZN4ggml3cpu6repack4gemvI10block_q6_KLx8ELx8EL9ggml_type15EEEviPfmPKvS7_ii
000000010001aaa4 T __ZN4ggml3cpu6repack4gemvI10block_q8_0Lx4ELx4EL9ggml_type8EEEviPfmPKvS7_ii
000000010001aaa8 T __ZN4ggml3cpu6repack4gemvI10block_q8_0Lx8ELx4EL9ggml_type8EEEviPfmPKvS7_ii
000000010001aa9c T __ZN4ggml3cpu6repack4gemvI11block_mxfp4Lx4ELx4EL9ggml_type8EEEviPfmPKvS7_ii
000000010001aaa0 T __ZN4ggml3cpu6repack4gemvI11block_mxfp4Lx8ELx8EL9ggml_type8EEEviPfmPKvS7_ii
000000010001aa94 T __ZN4ggml3cpu6repack4gemvI12block_iq4_nlLx4ELx4EL9ggml_type8EEEviPfmPKvS7_ii
000000010001aa98 T __ZN4ggml3cpu6repack4gemvI12block_iq4_nlLx8ELx8EL9ggml_type8EEEviPfmPKvS7_ii
00000001000185d8 T __ZN4ggml3cpu6repack6repackI10block_q2_KLx8ELx8EEEiP11ggml_tensorPKvm
0000000100017404 T __ZN4ggml3cpu6repack6repackI10block_q4_0Lx4ELx4EEEiP11ggml_tensorPKvm
0000000100017898 T __ZN4ggml3cpu6repack6repackI10block_q4_0Lx8ELx4EEEiP11ggml_tensorPKvm
00000001000178a8 T __ZN4ggml3cpu6repack6repackI10block_q4_0Lx8ELx8EEEiP11ggml_tensorPKvm
00000001000185c8 T __ZN4ggml3cpu6repack6repackI10block_q4_KLx4ELx8EEEiP11ggml_tensorPKvm
0000000100017b3c T __ZN4ggml3cpu6repack6repackI10block_q4_KLx8ELx8EEEiP11ggml_tensorPKvm
0000000100018a6c T __ZN4ggml3cpu6repack6repackI10block_q5_KLx4ELx8EEEiP11ggml_tensorPKvm
0000000100019598 T __ZN4ggml3cpu6repack6repackI10block_q5_KLx8ELx8EEEiP11ggml_tensorPKvm
00000001000195a8 T __ZN4ggml3cpu6repack6repackI10block_q6_KLx4ELx8EEEiP11ggml_tensorPKvm
0000000100019f34 T __ZN4ggml3cpu6repack6repackI10block_q6_KLx8ELx8EEEiP11ggml_tensorPKvm
000000010001a740 T __ZN4ggml3cpu6repack6repackI10block_q8_0Lx4ELx4EEEiP11ggml_tensorPKvm
000000010001aa5c T __ZN4ggml3cpu6repack6repackI10block_q8_0Lx8ELx4EEEiP11ggml_tensorPKvm
000000010001a350 T __ZN4ggml3cpu6repack6repackI11block_mxfp4Lx4ELx4EEEiP11ggml_tensorPKvm
000000010001a500 T __ZN4ggml3cpu6repack6repackI11block_mxfp4Lx8ELx8EEEiP11ggml_tensorPKvm
0000000100019f44 T __ZN4ggml3cpu6repack6repackI12block_iq4_nlLx4ELx4EEEiP11ggml_tensorPKvm
000000010001a100 T __ZN4ggml3cpu6repack6repackI12block_iq4_nlLx8ELx8EEEiP11ggml_tensorPKvm
                 U __ZNSt11logic_errorC2EPKc
                 U __ZNSt12length_errorD1Ev
                 U __ZNSt20bad_array_new_lengthC1Ev
                 U __ZNSt20bad_array_new_lengthD1Ev
                 U __ZNSt3__112__next_primeEm
                 U __ZNSt3__112basic_stringIcNS_11char_traitsIcEENS_9allocatorIcEEE6appendEPKc
                 U __ZNSt3__112basic_stringIcNS_11char_traitsIcEENS_9allocatorIcEEE6appendEPKcm
                 U __ZNSt3__112basic_stringIcNS_11char_traitsIcEENS_9allocatorIcEEE6assignEPKc
                 U __ZNSt3__112basic_stringIcNS_11char_traitsIcEENS_9allocatorIcEEE6resizeEmc
                 U __ZNSt3__112basic_stringIcNS_11char_traitsIcEENS_9allocatorIcEEED1Ev
000000010011e2f8 S __ZNSt3__119piecewise_constructE
                 U __ZNSt3__15mutex4lockEv
                 U __ZNSt3__15mutex6unlockEv
                 U __ZNSt3__15mutexD1Ev
                 U __ZNSt3__19to_stringEi
                 U __ZNSt3__19to_stringEj
                 U __ZNSt3__19to_stringEx
                 U __ZSt9terminatev
0000000100138da8 S __ZTIN4ggml3cpu13tensor_traitsE
0000000100138de8 S __ZTIN4ggml3cpu17extra_buffer_typeE
                 U __ZTISt12length_error
                 U __ZTISt20bad_array_new_length
0000000100114528 S __ZTSN4ggml3cpu13tensor_traitsE
0000000100114543 S __ZTSN4ggml3cpu17extra_buffer_typeE
                 U __ZTVN10__cxxabiv117__class_type_infoE
                 U __ZTVN10__cxxabiv120__si_class_type_infoE
                 U __ZTVN10__cxxabiv121__vmi_class_type_infoE
0000000100138d78 S __ZTVN4ggml3cpu13tensor_traitsE
0000000100138db8 S __ZTVN4ggml3cpu17extra_buffer_typeE
                 U __ZTVSt12length_error
                 U __ZdaPv
                 U __ZdlPv
                 U __Znam
                 U __Znwm
                 U ___chkstk_darwin
                 U ___cxa_allocate_exception
                 U ___cxa_atexit
                 U ___cxa_begin_catch
                 U ___cxa_free_exception
                 U ___cxa_guard_abort
                 U ___cxa_guard_acquire
                 U ___cxa_guard_release
                 U ___cxa_pure_virtual
                 U ___cxa_throw
                 U ___error
                 U ___gxx_personality_v0
                 U ___sincosf_stret
                 U ___stack_chk_fail
                 U ___stack_chk_guard
                 U ___stderrp
                 U ___stdoutp
0000000100000000 T __mh_execute_header
                 U _abort
                 U _atoi
                 U _backtrace
                 U _backtrace_symbols_fd
                 U _bzero
                 U _calloc
                 U _clock
                 U _clock_gettime
                 U _close
                 U _cosf
00000001000ec4d0 T _dequantize_row_iq1_m
00000001000ec30c T _dequantize_row_iq1_s
00000001000eb550 T _dequantize_row_iq2_s
00000001000eb0b0 T _dequantize_row_iq2_xs
00000001000ead4c T _dequantize_row_iq2_xxs
00000001000ebc54 T _dequantize_row_iq3_s
00000001000eb8d8 T _dequantize_row_iq3_xxs
00000001000ec71c T _dequantize_row_iq4_nl
00000001000ecb20 T _dequantize_row_iq4_xs
00000001000d66fc T _dequantize_row_mxfp4
00000001000d6adc T _dequantize_row_nvfp4
00000001000d5398 T _dequantize_row_q1_0
00000001000d56b8 T _dequantize_row_q2_0
00000001000d7b00 T _dequantize_row_q2_K
00000001000d9b98 T _dequantize_row_q3_K
00000001000d59ac T _dequantize_row_q4_0
00000001000d6028 T _dequantize_row_q4_1
00000001000dcb54 T _dequantize_row_q4_K
00000001000d61b8 T _dequantize_row_q5_0
00000001000d63b0 T _dequantize_row_q5_1
00000001000e0278 T _dequantize_row_q5_K
00000001000e2db4 T _dequantize_row_q6_K
00000001000d65f0 T _dequantize_row_q8_0
00000001000ed704 T _dequantize_row_q8_K
00000001000e9708 T _dequantize_row_tq1_0
00000001000ea384 T _dequantize_row_tq2_0
                 U _erff
                 U _execlp
                 U _exit
                 U _exp2f
                 U _expf
                 U _expm1f
                 U _fclose
                 U _fflush
                 U _fopen$DARWIN_EXTSN
                 U _fork
                 U _fprintf
                 U _fputc
                 U _fputs
                 U _free
                 U _fstat
                 U _fwrite
                 U _getenv
                 U _getpid
                 U _getuid
00000001000fe2c4 T _ggml_abort
00000001000a86a0 T _ggml_abs
00000001000a8720 T _ggml_abs_inplace
00000001000a7378 T _ggml_acc
00000001000a751c T _ggml_acc_inplace
00000001000a6f84 T _ggml_add
00000001000a724c T _ggml_add1
00000001000a7370 T _ggml_add1_inplace
00000001000a70b8 T _ggml_add_cast
00000001000a71ac T _ggml_add_id
00000001000a70b0 T _ggml_add_inplace
00000001000b0560 T _ggml_add_rel_pos
00000001000b080c T _ggml_add_rel_pos_inplace
00000001000a50e4 T _ggml_aligned_free
00000001000a5010 T _ggml_aligned_malloc
00000001000afad4 T _ggml_arange
00000001000a62bc T _ggml_are_same_shape
00000001000a6308 T _ggml_are_same_stride
00000001000a81d4 T _ggml_argmax
00000001000af8c0 T _ggml_argsort
00000001000af918 T _ggml_argsort_top_k
00000001002523b8 S _ggml_arm_arch_features
00000001000bb564 T _ggml_backend_alloc_buffer
00000001000b9b14 T _ggml_backend_alloc_ctx_tensors
00000001000b9ab0 T _ggml_backend_alloc_ctx_tensors_from_buft
00000001000b97bc T _ggml_backend_alloc_ctx_tensors_from_buft_size
00000001000bb010 T _ggml_backend_buffer_clear
00000001000bb458 T _ggml_backend_buffer_copy_tensor
00000001000baeb0 T _ggml_backend_buffer_free
00000001000bb058 T _ggml_backend_buffer_get_alignment
00000001000bb14c T _ggml_backend_buffer_get_alloc_size
00000001000baf20 T _ggml_backend_buffer_get_base
00000001000bb0c8 T _ggml_backend_buffer_get_max_size
00000001000baee4 T _ggml_backend_buffer_get_size
00000001000bae74 T _ggml_backend_buffer_get_type
00000001000bb3d8 T _ggml_backend_buffer_get_usage
00000001000bab88 T _ggml_backend_buffer_init
00000001000bafc8 T _ggml_backend_buffer_init_tensor
00000001000bb188 T _ggml_backend_buffer_is_host
00000001000c4830 T _ggml_backend_buffer_is_meta
00000001000bb2d0 T _ggml_backend_buffer_is_multi_buffer
00000001000bae04 T _ggml_backend_buffer_name
00000001000bb414 T _ggml_backend_buffer_reset
00000001000bb20c T _ggml_backend_buffer_set_usage
00000001000bab00 T _ggml_backend_buft_alloc_buffer
00000001000babe8 T _ggml_backend_buft_get_alignment
00000001000bac6c T _ggml_backend_buft_get_alloc_size
00000001000badc8 T _ggml_backend_buft_get_device
00000001000bac24 T _ggml_backend_buft_get_max_size
00000001000bad80 T _ggml_backend_buft_is_host
00000001000c4814 T _ggml_backend_buft_is_meta
00000001000baac4 T _ggml_backend_buft_name
00000001000c322c T _ggml_backend_compare_graph_backend
00000001000c3628 T _ggml_backend_cpu_buffer_from_ptr
00000001000c3554 T _ggml_backend_cpu_buffer_type
0000000100007ca8 T _ggml_backend_cpu_init
0000000100007d68 T _ggml_backend_cpu_reg
0000000100007e88 T _ggml_backend_cpu_set_abort_callback
0000000100007d9c T _ggml_backend_cpu_set_n_threads
0000000100007e08 T _ggml_backend_cpu_set_threadpool
0000000100007f00 T _ggml_backend_cpu_set_use_ref
00000001000bd260 T _ggml_backend_dev_backend_reg
00000001000bd320 T _ggml_backend_dev_buffer_from_host_ptr
00000001000bb528 T _ggml_backend_dev_buffer_type
00000001000bd160 T _ggml_backend_dev_description
00000001000bd214 T _ggml_backend_dev_get_props
00000001000bd2d8 T _ggml_backend_dev_host_buffer_type
00000001000bd29c T _ggml_backend_dev_init
00000001000bd19c T _ggml_backend_dev_memory
00000001000bd124 T _ggml_backend_dev_name
00000001000bcb28 T _ggml_backend_dev_offload_op
00000001000bca68 T _ggml_backend_dev_supports_buft
00000001000bc9bc T _ggml_backend_dev_supports_op
00000001000bd1d8 T _ggml_backend_dev_type
00000001000bcfb4 T _ggml_backend_event_free
00000001000bcf9c T _ggml_backend_event_new
00000001000bcfcc T _ggml_backend_event_record
00000001000bd044 T _ggml_backend_event_synchronize
00000001000bd0b8 T _ggml_backend_event_wait
00000001000bb4a8 T _ggml_backend_free
00000001000bb650 T _ggml_backend_get_alignment
00000001000bb4b8 T _ggml_backend_get_default_buffer_type
00000001000bcb70 T _ggml_backend_get_device
00000001000bb6f0 T _ggml_backend_get_max_size
00000001000bc8a4 T _ggml_backend_graph_compute
00000001000bc910 T _ggml_backend_graph_compute_async
00000001000c295c T _ggml_backend_graph_copy
00000001000c31e4 T _ggml_backend_graph_copy_free
00000001000bc838 T _ggml_backend_graph_plan_compute
00000001000bc760 T _ggml_backend_graph_plan_create
00000001000bc7cc T _ggml_backend_graph_plan_free
00000001000bb484 T _ggml_backend_guid
0000000100007d84 T _ggml_backend_is_cpu
00000001000c5b2c T _ggml_backend_is_meta
00000001000c48f4 T _ggml_backend_meta_alloc_ctx_tensors_from_buft
00000001000c484c T _ggml_backend_meta_buffer_set_usage
00000001000c42dc T _ggml_backend_meta_device
00000001000c5b48 T _ggml_backend_meta_n_backends
00000001000c5bb0 T _ggml_backend_meta_simple_backend
00000001000c4208 T _ggml_backend_meta_split_axis_name
00000001000bd458 T _ggml_backend_multi_buffer_alloc_buffer
00000001000bb31c T _ggml_backend_multi_buffer_set_usage
00000001000bb490 T _ggml_backend_name
00000001000bcaa4 T _ggml_backend_offload_op
00000001000bd398 T _ggml_backend_reg_dev_count
00000001000bd3d4 T _ggml_backend_reg_dev_get
00000001000bd410 T _ggml_backend_reg_get_proc_address
00000001000bd35c T _ggml_backend_reg_name
00000001000c0f94 T _ggml_backend_sched_alloc_graph
00000001000c0a74 T _ggml_backend_sched_free
00000001000c2240 T _ggml_backend_sched_get_backend
00000001000c235c T _ggml_backend_sched_get_buffer_size
00000001000c22bc T _ggml_backend_sched_get_buffer_type
00000001000c2204 T _ggml_backend_sched_get_n_backends
00000001000c21c8 T _ggml_backend_sched_get_n_copies
00000001000c218c T _ggml_backend_sched_get_n_splits
00000001000c2518 T _ggml_backend_sched_get_tensor_backend
00000001000c1244 T _ggml_backend_sched_graph_compute
00000001000c1314 T _ggml_backend_sched_graph_compute_async
00000001000c04f0 T _ggml_backend_sched_new
00000001000c0e1c T _ggml_backend_sched_reserve
00000001000c0bb8 T _ggml_backend_sched_reserve_size
00000001000c09d8 T _ggml_backend_sched_reset
00000001000c214c T _ggml_backend_sched_set_eval_callback
00000001000c23fc T _ggml_backend_sched_set_tensor_backend
00000001000bd600 T _ggml_backend_sched_split_graph
00000001000c0d58 T _ggml_backend_sched_synchronize
00000001000bc9f8 T _ggml_backend_supports_buft
00000001000bc94c T _ggml_backend_supports_op
00000001000bb980 T _ggml_backend_synchronize
00000001000c2714 T _ggml_backend_tensor_alloc
00000001000bcbac T _ggml_backend_tensor_copy
00000001000bcdfc T _ggml_backend_tensor_copy_async
00000001000bbcd8 T _ggml_backend_tensor_get
00000001000bc3ac T _ggml_backend_tensor_get_2d
00000001000bbfb4 T _ggml_backend_tensor_get_2d_async
00000001000bbafc T _ggml_backend_tensor_get_async
00000001000bc600 T _ggml_backend_tensor_memset
00000001000bb9c4 T _ggml_backend_tensor_set
00000001000bc158 T _ggml_backend_tensor_set_2d
00000001000bbe10 T _ggml_backend_tensor_set_2d_async
00000001000bb7a4 T _ggml_backend_tensor_set_async
00000001000c25f8 T _ggml_backend_view_init
0000000100001b08 T _ggml_barrier
00000001000a51ec T _ggml_bf16_to_fp32
00000001000a54ec T _ggml_bf16_to_fp32_row
00000001000a5a40 T _ggml_blck_size
00000001000b2d88 T _ggml_build_backward_expand
00000001000b2cd8 T _ggml_build_forward_expand
00000001000b2d30 T _ggml_build_forward_order
00000001000b2c24 T _ggml_build_forward_select
00000001000b5ca8 T _ggml_can_fuse_subgraph_ext
00000001000a6364 T _ggml_can_repeat
00000001000ab91c T _ggml_cast
00000001000a9a98 T _ggml_ceil
00000001000a9b18 T _ggml_ceil_inplace
00000001000acd60 T _ggml_clamp
00000001000acdbc T _ggml_clamp_inplace
00000001000adc28 T _ggml_col2im_1d
00000001000a57c8 T _ggml_commit
0000000100043f34 T _ggml_compute_forward_abs
00000001000662b4 T _ggml_compute_forward_acc
00000001000638d4 T _ggml_compute_forward_add
0000000100064908 T _ggml_compute_forward_add1
0000000100064304 T _ggml_compute_forward_add_id
0000000100037408 T _ggml_compute_forward_add_non_quantized
000000010008df68 T _ggml_compute_forward_add_rel_pos
0000000100082f9c T _ggml_compute_forward_arange
0000000100067744 T _ggml_compute_forward_argmax
00000001000833a0 T _ggml_compute_forward_argsort
0000000100055494 T _ggml_compute_forward_ceil
0000000100075444 T _ggml_compute_forward_clamp
000000010007add4 T _ggml_compute_forward_col2im_1d
0000000100069228 T _ggml_compute_forward_concat
0000000100072938 T _ggml_compute_forward_cont
000000010007b2f4 T _ggml_compute_forward_conv_2d
000000010007e60c T _ggml_compute_forward_conv_2d_dw
000000010007beec T _ggml_compute_forward_conv_3d
000000010007865c T _ggml_compute_forward_conv_transpose_1d
000000010007ceb4 T _ggml_compute_forward_conv_transpose_2d
0000000100050a48 T _ggml_compute_forward_cos
0000000100067858 T _ggml_compute_forward_count_equal
0000000100072934 T _ggml_compute_forward_cpy
0000000100092250 T _ggml_compute_forward_cross_entropy_loss
0000000100092800 T _ggml_compute_forward_cross_entropy_loss_back
0000000100066f88 T _ggml_compute_forward_cumsum
0000000100092238 T _ggml_compute_forward_custom
0000000100073f9c T _ggml_compute_forward_diag
00000001000743a0 T _ggml_compute_forward_diag_mask_inf
0000000100074610 T _ggml_compute_forward_diag_mask_zero
0000000100040b88 T _ggml_compute_forward_div
0000000100090d54 T _ggml_compute_forward_dsv4_hc_comb
0000000100091988 T _ggml_compute_forward_dsv4_hc_post
00000001000916cc T _ggml_compute_forward_dsv4_hc_pre
0000000100059ecc T _ggml_compute_forward_dup
00000001000488ac T _ggml_compute_forward_elu
000000010004bee8 T _ggml_compute_forward_exp
0000000100052ae0 T _ggml_compute_forward_expm1
000000010006aa80 T _ggml_compute_forward_fill
00000001000862f8 T _ggml_compute_forward_flash_attn_back
0000000100083e1c T _ggml_compute_forward_flash_attn_ext
00000001000546e8 T _ggml_compute_forward_floor
0000000100093770 T _ggml_compute_forward_fwht
000000010008fff0 T _ggml_compute_forward_gated_delta_net
000000010008dc68 T _ggml_compute_forward_get_rel_pos
000000010007293c T _ggml_compute_forward_get_rows
0000000100073a2c T _ggml_compute_forward_get_rows_back
000000010008ee6c T _ggml_compute_forward_gla
000000010008ae44 T _ggml_compute_forward_glu
000000010006d764 T _ggml_compute_forward_group_norm
000000010004b008 T _ggml_compute_forward_hardsigmoid
000000010004cf34 T _ggml_compute_forward_hardswish
00000001000793ec T _ggml_compute_forward_im2col
000000010007a32c T _ggml_compute_forward_im2col_3d
0000000100079dc0 T _ggml_compute_forward_im2col_back_f32
000000010006e40c T _ggml_compute_forward_l2_norm
000000010006b0d8 T _ggml_compute_forward_leaky_relu
0000000100093da8 T _ggml_compute_forward_lightning_indexer
0000000100051a94 T _ggml_compute_forward_log
00000001000921dc T _ggml_compute_forward_map_custom1
00000001000921f8 T _ggml_compute_forward_map_custom2
0000000100092218 T _ggml_compute_forward_map_custom3
00000001000675d8 T _ggml_compute_forward_mean
000000010003d890 T _ggml_compute_forward_mul
00000001000037ec T _ggml_compute_forward_mul_mat
000000010002e23c T _ggml_compute_forward_mul_mat_id_iqp
000000010002fd10 T _ggml_compute_forward_mul_mat_iqp
0000000100045c68 T _ggml_compute_forward_neg
000000010006be58 T _ggml_compute_forward_norm
0000000100092cb8 T _ggml_compute_forward_opt_step_adamw
00000001000931c0 T _ggml_compute_forward_opt_step_sgd
000000010006eeb8 T _ggml_compute_forward_out_prod
0000000100080a60 T _ggml_compute_forward_pad
0000000100081260 T _ggml_compute_forward_pad_reflect_1d
000000010007f0f4 T _ggml_compute_forward_pool_1d
000000010007f3ac T _ggml_compute_forward_pool_2d
000000010007fba4 T _ggml_compute_forward_pool_2d_back
00000001000490e0 T _ggml_compute_forward_relu
0000000100067f74 T _ggml_compute_forward_repeat
0000000100068a9c T _ggml_compute_forward_repeat_back
000000010006c36c T _ggml_compute_forward_rms_norm
000000010006d08c T _ggml_compute_forward_rms_norm_back
000000010006c9d0 T _ggml_compute_forward_rms_norm_mul_fused
0000000100082b64 T _ggml_compute_forward_roll
0000000100075adc T _ggml_compute_forward_rope
0000000100078618 T _ggml_compute_forward_rope_back
0000000100056240 T _ggml_compute_forward_round
000000010008e2d0 T _ggml_compute_forward_rwkv_wkv6
0000000100091dcc T _ggml_compute_forward_rwkv_wkv7
0000000100071e60 T _ggml_compute_forward_scale
000000010007206c T _ggml_compute_forward_set
00000001000730e8 T _ggml_compute_forward_set_rows
0000000100044cb4 T _ggml_compute_forward_sgn
0000000100049eb0 T _ggml_compute_forward_sigmoid
000000010006b6f8 T _ggml_compute_forward_silu_back
000000010004f9fc T _ggml_compute_forward_sin
0000000100074644 T _ggml_compute_forward_soft_max
0000000100074e30 T _ggml_compute_forward_soft_max_ext_back
0000000100053bcc T _ggml_compute_forward_softplus
000000010008fab8 T _ggml_compute_forward_solve_tri
000000010004de54 T _ggml_compute_forward_sqr
000000010004ec3c T _ggml_compute_forward_sqrt
00000001000876ac T _ggml_compute_forward_ssm_conv
0000000100087b30 T _ggml_compute_forward_ssm_scan
0000000100046a44 T _ggml_compute_forward_step
000000010003a64c T _ggml_compute_forward_sub
0000000100066628 T _ggml_compute_forward_sum
000000010006734c T _ggml_compute_forward_sum_rows
0000000100047860 T _ggml_compute_forward_tanh
000000010008315c T _ggml_compute_forward_timestep_embedding
00000001000837b8 T _ggml_compute_forward_top_k
000000010006aef8 T _ggml_compute_forward_tri
0000000100056fec T _ggml_compute_forward_trunc
0000000100089b34 T _ggml_compute_forward_unary
000000010008001c T _ggml_compute_forward_upscale
0000000100089258 T _ggml_compute_forward_win_part
0000000100089884 T _ggml_compute_forward_win_unpart
0000000100057d98 T _ggml_compute_forward_xielu
00000001000a854c T _ggml_concat
00000001000ab978 T _ggml_cont
00000001000ab9d4 T _ggml_cont_1d
00000001000abb4c T _ggml_cont_2d
00000001000abc08 T _ggml_cont_3d
00000001000aba90 T _ggml_cont_4d
00000001000ad938 T _ggml_conv_1d
00000001000adaa8 T _ggml_conv_1d_dw
00000001000adb64 T _ggml_conv_1d_dw_ph
00000001000ad9ec T _ggml_conv_1d_ph
00000001000adeb8 T _ggml_conv_2d
00000001000ae788 T _ggml_conv_2d_direct
00000001000ae490 T _ggml_conv_2d_dw
00000001000ae5c8 T _ggml_conv_2d_dw_direct
00000001000ae44c T _ggml_conv_2d_s1_ph
00000001000ae414 T _ggml_conv_2d_sk_p0
00000001000ae20c T _ggml_conv_3d
00000001000ae8b8 T _ggml_conv_3d_direct
00000001000adda8 T _ggml_conv_transpose_1d
00000001000aea74 T _ggml_conv_transpose_2d_p0
00000001000a7f64 T _ggml_cos
00000001000a7fa4 T _ggml_cos_inplace
00000001000a8254 T _ggml_count_equal
0000000100006aec T _ggml_cpu_bf16_to_fp32
00000001000372cc T _ggml_cpu_extra_compute_forward
0000000100037360 T _ggml_cpu_extra_work_size
0000000100006860 T _ggml_cpu_fp16_to_fp32
0000000100006940 T _ggml_cpu_fp32_to_bf16
00000001000066c4 T _ggml_cpu_fp32_to_fp16
00000001000066b0 T _ggml_cpu_fp32_to_fp32
0000000100006a20 T _ggml_cpu_fp32_to_i32
0000000100006c44 T _ggml_cpu_get_rvv_vlen
0000000100006cac T _ggml_cpu_get_sve_cnt
0000000100006c1c T _ggml_cpu_has_amx_int8
0000000100006c34 T _ggml_cpu_has_arm_fma
0000000100006be4 T _ggml_cpu_has_avx
0000000100006bf4 T _ggml_cpu_has_avx2
0000000100006bfc T _ggml_cpu_has_avx512
0000000100006c14 T _ggml_cpu_has_avx512_bf16
0000000100006c04 T _ggml_cpu_has_avx512_vbmi
0000000100006c0c T _ggml_cpu_has_avx512_vnni
0000000100006bec T _ggml_cpu_has_avx_vnni
0000000100006c24 T _ggml_cpu_has_bmi2
0000000100006c94 T _ggml_cpu_has_dotprod
0000000100006c4c T _ggml_cpu_has_f16c
0000000100006c2c T _ggml_cpu_has_fma
0000000100006c54 T _ggml_cpu_has_fp16_va
0000000100006c64 T _ggml_cpu_has_llamafile
0000000100006ca4 T _ggml_cpu_has_matmul_int8
0000000100006c8c T _ggml_cpu_has_neon
0000000100006c3c T _ggml_cpu_has_riscv_v
0000000100006cb4 T _ggml_cpu_has_sme
0000000100006cbc T _ggml_cpu_has_sme2
0000000100006c6c T _ggml_cpu_has_sse3
0000000100006c74 T _ggml_cpu_has_ssse3
0000000100006c9c T _ggml_cpu_has_sve
0000000100006c7c T _ggml_cpu_has_vsx
0000000100006c84 T _ggml_cpu_has_vxe
0000000100006c5c T _ggml_cpu_has_wasm_simd
0000000100005384 T _ggml_cpu_init
000000010002e0a0 T _ggml_cpu_iqp_mul_mat_id_min_batch
000000010002e5f4 T _ggml_cpu_iqp_scratch_size
000000010002e0ac T _ggml_cpu_iqp_supports_mul_mat
000000010002e208 T _ggml_cpu_iqp_supports_mul_mat_id
00000001000ab830 T _ggml_cpy
00000001000d2a00 T _ggml_critical_section_end
000000010013c160 D _ggml_critical_section_mutex
00000001000d29f4 T _ggml_critical_section_start
00000001000b1b54 T _ggml_cross_entropy_loss
00000001000b1bec T _ggml_cross_entropy_loss_back
00000001000a80fc T _ggml_cumsum
00000001000b1958 T _ggml_custom_4d
00000001000b1a1c T _ggml_custom_inplace
00000001000a5874 T _ggml_cycles
00000001000a5878 T _ggml_cycles_per_ms
00000001000acb34 T _ggml_diag
00000001000acbc8 T _ggml_diag_mask_inf
00000001000acc14 T _ggml_diag_mask_inf_inplace
00000001000acc94 T _ggml_diag_mask_zero
00000001000acce0 T _ggml_diag_mask_zero_inplace
00000001000a778c T _ggml_div
00000001000a78b8 T _ggml_div_inplace
00000001000b262c T _ggml_dsv4_hc_comb
00000001000b28ec T _ggml_dsv4_hc_post
00000001000b27f0 T _ggml_dsv4_hc_pre
00000001000a6ec8 T _ggml_dup
00000001000a6f08 T _ggml_dup_inplace
00000001000a6cf4 T _ggml_dup_tensor
00000001000a5c60 T _ggml_element_size
00000001000a8ccc T _ggml_elu
00000001000a8d4c T _ggml_elu_inplace
00000001000a9820 T _ggml_exp
00000001000a98a0 T _ggml_exp_inplace
00000001000a7af4 T _ggml_expm1
00000001000a7bf4 T _ggml_expm1_inplace
00000001000af774 T _ggml_fill
00000001000af8b8 T _ggml_fill_inplace
00000001000fe370 T _ggml_flash_attn_back
00000001000afb4c T _ggml_flash_attn_ext
00000001000afd88 T _ggml_flash_attn_ext_add_sinks
00000001000afd3c T _ggml_flash_attn_ext_get_prec
00000001000afd5c T _ggml_flash_attn_ext_set_n_kv_max
00000001000afd1c T _ggml_flash_attn_ext_set_prec
00000001000a995c T _ggml_floor
00000001000a99dc T _ggml_floor_inplace
00000001000a5880 T _ggml_fopen
00000001000a6d9c T _ggml_format_name
00000001000a512c T _ggml_fp16_to_fp32
00000001000a5230 T _ggml_fp16_to_fp32_row
00000001000a51f8 T _ggml_fp32_to_bf16
00000001000a56c4 T _ggml_fp32_to_bf16_row
00000001000a55e4 T _ggml_fp32_to_bf16_row_ref
00000001000a5178 T _ggml_fp32_to_fp16
00000001000a5350 T _ggml_fp32_to_fp16_row
00000001000a6578 T _ggml_free
00000001000a5d58 T _ggml_ftype_to_ggml_type
00000001000b8f4c T _ggml_gallocr_alloc_graph
00000001000b80c8 T _ggml_gallocr_free
00000001000b95a4 T _ggml_gallocr_get_buffer_size
00000001000b80a0 T _ggml_gallocr_new
00000001000b7e98 T _ggml_gallocr_new_n
00000001000b8f3c T _ggml_gallocr_reserve
00000001000b8f34 T _ggml_gallocr_reserve_n
00000001000b82b8 T _ggml_gallocr_reserve_n_size
00000001000b2100 T _ggml_gated_delta_net
00000001000b0c84 T _ggml_gated_linear_attn
00000001000aa38c T _ggml_geglu
00000001000aa80c T _ggml_geglu_erf
00000001000aaa40 T _ggml_geglu_erf_split
00000001000aa924 T _ggml_geglu_erf_swapped
00000001000aaa4c T _ggml_geglu_quick
00000001000aac80 T _ggml_geglu_quick_split
00000001000aab64 T _ggml_geglu_quick_swapped
00000001000aa5c0 T _ggml_geglu_split
00000001000aa4a4 T _ggml_geglu_swapped
00000001000a912c T _ggml_gelu
00000001000a9268 T _ggml_gelu_erf
00000001000a92e8 T _ggml_gelu_erf_inplace
00000001000a91ac T _ggml_gelu_inplace
00000001000a93a4 T _ggml_gelu_quick
00000001000a9424 T _ggml_gelu_quick_inplace
00000001000a0f74 T _ggml_gemm_iq4_nl_4x4_q8_0
00000001000155b8 T _ggml_gemm_iq4_nl_4x4_q8_0_generic
0000000100015b68 T _ggml_gemm_iq4_nl_8x8_q8_0
00000001000a1210 T _ggml_gemm_mxfp4_4x4_q8_0
0000000100015fe8 T _ggml_gemm_mxfp4_4x4_q8_0_generic
00000001000165d8 T _ggml_gemm_mxfp4_8x8_q8_0
0000000100012598 T _ggml_gemm_q2_K_8x8_q8_K
00000001000a0200 T _ggml_gemm_q4_0_4x4_q8_0
0000000100010260 T _ggml_gemm_q4_0_4x4_q8_0_generic
00000001000a0930 T _ggml_gemm_q4_0_4x8_q8_0
00000001000109a4 T _ggml_gemm_q4_0_4x8_q8_0_generic
00000001000a0f70 T _ggml_gemm_q4_0_8x8_q8_0
0000000100010f44 T _ggml_gemm_q4_0_8x8_q8_0_generic
00000001000a14d0 T _ggml_gemm_q4_K_8x4_q8_K
00000001000114bc T _ggml_gemm_q4_K_8x4_q8_K_generic
00000001000a260c T _ggml_gemm_q4_K_8x8_q8_K
0000000100011ca4 T _ggml_gemm_q4_K_8x8_q8_K_generic
00000001000a1e44 T _ggml_gemm_q5_K_8x4_q8_K
0000000100013440 T _ggml_gemm_q5_K_8x4_q8_K_generic
00000001000a2fd8 T _ggml_gemm_q5_K_8x8_q8_K
0000000100014060 T _ggml_gemm_q5_K_8x8_q8_K_generic
00000001000a37e0 T _ggml_gemm_q6_K_8x4_q8_K
0000000100014d58 T _ggml_gemm_q6_K_8x4_q8_K_generic
00000001000a4008 T _ggml_gemm_q6_K_8x8_q8_K
000000010001514c T _ggml_gemm_q6_K_8x8_q8_K_generic
00000001000a4820 T _ggml_gemm_q8_0_4x4_q8_0
0000000100016a70 T _ggml_gemm_q8_0_4x4_q8_0_generic
00000001000a4a68 T _ggml_gemm_q8_0_4x8_q8_0
0000000100016e78 T _ggml_gemm_q8_0_4x8_q8_0_generic
000000010009d934 T _ggml_gemv_iq4_nl_4x4_q8_0
000000010000f100 T _ggml_gemv_iq4_nl_4x4_q8_0_generic
000000010000f4b0 T _ggml_gemv_iq4_nl_8x8_q8_0
000000010009da60 T _ggml_gemv_mxfp4_4x4_q8_0
000000010000f784 T _ggml_gemv_mxfp4_4x4_q8_0_generic
000000010000fb88 T _ggml_gemv_mxfp4_8x8_q8_0
000000010000c734 T _ggml_gemv_q2_K_8x8_q8_K
000000010009d71c T _ggml_gemv_q4_0_4x4_q8_0
000000010000abac T _ggml_gemv_q4_0_4x4_q8_0_generic
000000010009d818 T _ggml_gemv_q4_0_4x8_q8_0
000000010000b350 T _ggml_gemv_q4_0_4x8_q8_0_generic
000000010009d930 T _ggml_gemv_q4_0_8x8_q8_0
000000010000b70c T _ggml_gemv_q4_0_8x8_q8_0_generic
000000010009dbb4 T _ggml_gemv_q4_K_8x4_q8_K
000000010000b9e4 T _ggml_gemv_q4_K_8x4_q8_K_generic
000000010009dfa8 T _ggml_gemv_q4_K_8x8_q8_K
000000010000c0ac T _ggml_gemv_q4_K_8x8_q8_K_generic
000000010009e440 T _ggml_gemv_q5_K_8x4_q8_K
000000010000d5ec T _ggml_gemv_q5_K_8x4_q8_K_generic
000000010009ea6c T _ggml_gemv_q5_K_8x8_q8_K
000000010000e080 T _ggml_gemv_q5_K_8x8_q8_K_generic
000000010009f110 T _ggml_gemv_q6_K_8x4_q8_K
000000010000eb9c T _ggml_gemv_q6_K_8x4_q8_K_generic
000000010009f91c T _ggml_gemv_q6_K_8x8_q8_K
000000010000ee50 T _ggml_gemv_q6_K_8x8_q8_K_generic
00000001000a0030 T _ggml_gemv_q8_0_4x4_q8_0
000000010000fe8c T _ggml_gemv_q8_0_4x4_q8_0_generic
00000001000a010c T _ggml_gemv_q8_0_4x8_q8_0
000000010001001c T _ggml_gemv_q8_0_4x8_q8_0_generic
00000001000a6d58 T _ggml_get_data
00000001000a6d60 T _ggml_get_data_f32
00000001000031cc T _ggml_get_f32_1d
00000001000033b4 T _ggml_get_f32_nd
00000001000a66fc T _ggml_get_first_tensor
00000001000a5c40 T _ggml_get_glu_op
000000010000297c T _ggml_get_i32_1d
0000000100002c7c T _ggml_get_i32_nd
00000001000a6608 T _ggml_get_max_tensor_size
00000001000a65f8 T _ggml_get_mem_buffer
00000001000a6600 T _ggml_get_mem_size
00000001000a6d68 T _ggml_get_name
00000001000a672c T _ggml_get_next_tensor
00000001000a65e8 T _ggml_get_no_alloc
00000001000b04b4 T _ggml_get_rel_pos
00000001000ac7c0 T _ggml_get_rows
00000001000ac898 T _ggml_get_rows_back
00000001000a6e50 T _ggml_get_tensor
00000001000a5884 T _ggml_get_type_traits
0000000100001af4 T _ggml_get_type_traits_cpu
00000001000a5c20 T _ggml_get_unary_op
00000001000a9e4c T _ggml_glu
00000001000a5bb8 T _ggml_glu_op_name
00000001000aa144 T _ggml_glu_split
00000001000b5988 T _ggml_graph_add_node
00000001000b591c T _ggml_graph_clear
0000000100005118 T _ggml_graph_compute
0000000100006658 T _ggml_graph_compute_with_ctx
00000001000b520c T _ggml_graph_cpy
00000001000b5f34 T _ggml_graph_dump_dot
00000001000b5574 T _ggml_graph_dup
00000001000b5a64 T _ggml_graph_get_grad
00000001000b58b0 T _ggml_graph_get_grad_acc
00000001000b59b8 T _ggml_graph_get_tensor
00000001000b5980 T _ggml_graph_n_nodes
00000001000a4c64 T _ggml_graph_next_uid
00000001000b5940 T _ggml_graph_node
00000001000b5978 T _ggml_graph_nodes
00000001000b4fb8 T _ggml_graph_overhead
00000001000b4f20 T _ggml_graph_overhead_custom
00000001000044ac T _ggml_graph_plan
00000001000b5ad0 T _ggml_graph_print
00000001000b5720 T _ggml_graph_reset
00000001000b5938 T _ggml_graph_size
00000001000b51cc T _ggml_graph_view
00000001000aaf0c T _ggml_group_norm
00000001000aaf60 T _ggml_group_norm_inplace
00000001000a57a4 T _ggml_guid_matches
00000001000a97a0 T _ggml_hardsigmoid
00000001000a9720 T _ggml_hardswish
00000001000b2bfc T _ggml_hash_set_free
00000001000b2a98 T _ggml_hash_set_new
00000001000b2be4 T _ggml_hash_set_reset
00000001000b2b9c T _ggml_hash_size
00000001000ad700 T _ggml_im2col
00000001000ae06c T _ggml_im2col_3d
00000001000ad8bc T _ggml_im2col_back
00000001000a6404 T _ggml_init
00000001000aef84 T _ggml_interpolate
00000001000a5d0c T _ggml_is_3d
00000001000a5da4 T _ggml_is_contiguous
00000001000a5e40 T _ggml_is_contiguous_0
00000001000a5edc T _ggml_is_contiguous_1
00000001000a5f64 T _ggml_is_contiguous_2
00000001000a61fc T _ggml_is_contiguous_channels
00000001000a6244 T _ggml_is_contiguous_rows
00000001000a5fd0 T _ggml_is_contiguous_to_1
00000001000a601c T _ggml_is_contiguous_to_2
00000001000a6080 T _ggml_is_contiguous_to_3
00000001000a6100 T _ggml_is_contiguously_allocated
00000001000a628c T _ggml_is_empty
00000001000a5ce8 T _ggml_is_matrix
0000000100001b74 T _ggml_is_numa
00000001000a61c4 T _ggml_is_permuted
00000001000a5b70 T _ggml_is_quantized
00000001000a5c7c T _ggml_is_scalar
00000001000a5d94 T _ggml_is_transposed
00000001000a5cb8 T _ggml_is_vector
00000001000a6354 T _ggml_is_view
00000001000aaff0 T _ggml_l2_norm
00000001000ab040 T _ggml_l2_norm_inplace
00000001000a8f44 T _ggml_leaky_relu
00000001000b24a4 T _ggml_lightning_indexer
00000001000a7a38 T _ggml_log
00000001000a4fe0 T _ggml_log_callback_default
00000001000b7250 T _ggml_log_get
00000001000a7a78 T _ggml_log_inplace
00000001000a4edc T _ggml_log_internal
00000001000b726c T _ggml_log_set
00000001000b1594 T _ggml_map_custom1
00000001000b1610 T _ggml_map_custom1_inplace
00000001000b16c0 T _ggml_map_custom2
00000001000b1748 T _ggml_map_custom2_inplace
00000001000b1804 T _ggml_map_custom3
00000001000b1894 T _ggml_map_custom3_inplace
00000001000a8148 T _ggml_mean
00000001000a7658 T _ggml_mul
00000001000a7784 T _ggml_mul_inplace
00000001000ab148 T _ggml_mul_mat
00000001000ab25c T _ggml_mul_mat_id
00000001000ab23c T _ggml_mul_mat_set_hint
00000001000ab21c T _ggml_mul_mat_set_prec
00000001000a5d1c T _ggml_n_dims
00000001000a5998 T _ggml_nbytes
00000001000a5a70 T _ggml_nbytes_pad
00000001000a8918 T _ggml_neg
00000001000a8998 T _ggml_neg_inplace
00000001000a596c T _ggml_nelements
00000001000a6b70 T _ggml_new_buffer
000000010000226c T _ggml_new_f32
00000001000b51c0 T _ggml_new_graph
00000001000b5028 T _ggml_new_graph_custom
0000000100001b7c T _ggml_new_i32
00000001000a675c T _ggml_new_tensor
00000001000a6a24 T _ggml_new_tensor_1d
00000001000a6a54 T _ggml_new_tensor_2d
00000001000a6ab0 T _ggml_new_tensor_3d
00000001000a6b10 T _ggml_new_tensor_4d
00000001000aace8 T _ggml_norm
00000001000aad40 T _ggml_norm_inplace
00000001000a5984 T _ggml_nrows
0000000100001b70 T _ggml_numa_init
00000001000bad60 T _ggml_op_alloc_size_may_expand
00000001000b7d24 T _ggml_op_can_inplace
00000001000a5bc8 T _ggml_op_desc
00000001000a5b88 T _ggml_op_name
00000001000a5b98 T _ggml_op_symbol
00000001000b1cb8 T _ggml_opt_step_adamw
00000001000b1e40 T _ggml_opt_step_sgd
00000001000ab390 T _ggml_out_prod
00000001000af030 T _ggml_pad
00000001000af1f4 T _ggml_pad_circular
00000001000af0f8 T _ggml_pad_ext
00000001000af2c0 T _ggml_pad_ext_circular
00000001000af3c0 T _ggml_pad_reflect_1d
00000001000ac564 T _ggml_permute
00000001000aeb38 T _ggml_pool_1d
00000001000aec2c T _ggml_pool_2d
00000001000aed60 T _ggml_pool_2d_back
00000001000ab0cc T _ggml_prec_set_acc
00000001000ab10c T _ggml_prec_set_src
00000001000a4c78 T _ggml_print_backtrace
00000001000a5898 T _ggml_print_object
00000001000a58d8 T _ggml_print_objects
00000001000b6aec T _ggml_quantize_chunk
00000001000b6a8c T _ggml_quantize_free
00000001000b6a10 T _ggml_quantize_init
000000010009ca6c T _ggml_quantize_mat_q8_0_4x4
0000000100009e38 T _ggml_quantize_mat_q8_0_4x4_generic
000000010009d0d0 T _ggml_quantize_mat_q8_0_4x8
000000010000a1a0 T _ggml_quantize_mat_q8_0_4x8_generic
000000010000a52c T _ggml_quantize_mat_q8_K_4x4
000000010000a85c T _ggml_quantize_mat_q8_K_4x8
00000001000b6ad8 T _ggml_quantize_requires_imatrix
00000001000aa14c T _ggml_reglu
00000001000aa380 T _ggml_reglu_split
00000001000aa264 T _ggml_reglu_swapped
00000001000a8e08 T _ggml_relu
00000001000a8e88 T _ggml_relu_inplace
00000001000a82ec T _ggml_repeat
00000001000a83b4 T _ggml_repeat_4d
00000001000a8484 T _ggml_repeat_back
00000001000a6564 T _ggml_reset
00000001000abcc4 T _ggml_reshape
00000001000abddc T _ggml_reshape_1d
00000001000abf0c T _ggml_reshape_2d
00000001000ac040 T _ggml_reshape_3d
00000001000ac17c T _ggml_reshape_4d
00000001000aadcc T _ggml_rms_norm
00000001000aaeb0 T _ggml_rms_norm_back
00000001000aae24 T _ggml_rms_norm_inplace
00000001000af528 T _ggml_roll
00000001000ad1f4 T _ggml_rope
00000001000ad540 T _ggml_rope_custom
00000001000ad574 T _ggml_rope_custom_inplace
00000001000ad4e4 T _ggml_rope_ext
00000001000ad664 T _ggml_rope_ext_back
00000001000ad510 T _ggml_rope_ext_inplace
00000001000ad48c T _ggml_rope_inplace
00000001000ad448 T _ggml_rope_multi
00000001000ad698 T _ggml_rope_multi_back
00000001000ad468 T _ggml_rope_multi_inplace
00000001000ad6c0 T _ggml_rope_set_offset
00000001000ad5ac T _ggml_rope_yarn_corr_dims
00000001000a9bd4 T _ggml_round
00000001000a9c54 T _ggml_round_inplace
00000001000a5b0c T _ggml_row_size
00000001000b0814 T _ggml_rwkv_wkv6
00000001000b1070 T _ggml_rwkv_wkv7
00000001000ab464 T _ggml_scale
00000001000ab614 T _ggml_scale_bias
00000001000ab6bc T _ggml_scale_bias_inplace
00000001000ab608 T _ggml_scale_inplace
00000001000ab6c4 T _ggml_set
00000001000ab7e8 T _ggml_set_1d
00000001000ab7fc T _ggml_set_1d_inplace
00000001000ab810 T _ggml_set_2d
00000001000ab820 T _ggml_set_2d_inplace
00000001000a4ec8 T _ggml_set_abort_callback
00000001000022dc T _ggml_set_f32
000000010000348c T _ggml_set_f32_1d
0000000100003688 T _ggml_set_f32_nd
0000000100001be4 T _ggml_set_i32
0000000100002d44 T _ggml_set_i32_1d
0000000100003060 T _ggml_set_i32_nd
00000001000ab7e0 T _ggml_set_inplace
00000001000b6964 T _ggml_set_input
00000001000b69b4 T _ggml_set_loss
00000001000a6d70 T _ggml_set_name
00000001000a65f0 T _ggml_set_no_alloc
00000001000b6974 T _ggml_set_output
00000001000b6990 T _ggml_set_param
00000001000ac990 T _ggml_set_rows
00000001000b55b8 T _ggml_set_zero
00000001000a87dc T _ggml_sgn
00000001000a885c T _ggml_sgn_inplace
00000001000a8ff0 T _ggml_sigmoid
00000001000a9070 T _ggml_sigmoid_inplace
00000001000a94e0 T _ggml_silu
00000001000a96dc T _ggml_silu_back
00000001000a9560 T _ggml_silu_inplace
00000001000a7ea8 T _ggml_sin
00000001000a7ee8 T _ggml_sin_inplace
00000001000ace4c T _ggml_soft_max
00000001000ad0a4 T _ggml_soft_max_add_sinks
00000001000ad094 T _ggml_soft_max_ext
00000001000ad108 T _ggml_soft_max_ext_back
00000001000ad160 T _ggml_soft_max_ext_back_inplace
00000001000ad09c T _ggml_soft_max_ext_inplace
00000001000ad080 T _ggml_soft_max_inplace
00000001000a7d6c T _ggml_softplus
00000001000a7dec T _ggml_softplus_inplace
00000001000b1f4c T _ggml_solve_tri
00000001000a78c0 T _ggml_sqr
00000001000a7900 T _ggml_sqr_inplace
00000001000a797c T _ggml_sqrt
00000001000a79bc T _ggml_sqrt_inplace
00000001000afdec T _ggml_ssm_conv
00000001000afecc T _ggml_ssm_scan
00000001000a5104 T _ggml_status_to_string
00000001000a8a54 T _ggml_step
00000001000a8ad4 T _ggml_step_inplace
00000001000a7524 T _ggml_sub
00000001000a7650 T _ggml_sub_inplace
00000001000a8020 T _ggml_sum
00000001000a8070 T _ggml_sum_rows
00000001000aa5cc T _ggml_swiglu
00000001000aacbc T _ggml_swiglu_clamp
00000001000aac8c T _ggml_swiglu_oai
00000001000aa800 T _ggml_swiglu_split
00000001000aa6e4 T _ggml_swiglu_swapped
00000001002923bc S _ggml_table_f32_e8m0_half
00000001002927bc S _ggml_table_f32_f16
00000001002d27bc S _ggml_table_f32_ue4m3
00000001002523bc S _ggml_table_gelu_f16
00000001002723bc S _ggml_table_gelu_quick_f16
00000001000b7dc8 T _ggml_tallocr_alloc
00000001000b7d70 T _ggml_tallocr_new
00000001000a8b90 T _ggml_tanh
00000001000a8c10 T _ggml_tanh_inplace
00000001000a5d8c T _ggml_tensor_overhead
0000000100001b64 T _ggml_threadpool_chunk_add
0000000100001b5c T _ggml_threadpool_chunk_set
000000010000433c T _ggml_threadpool_free
0000000100004cf8 T _ggml_threadpool_new
00000001000b72ec T _ggml_threadpool_params_default
00000001000b7290 T _ggml_threadpool_params_init
00000001000b7348 T _ggml_threadpool_params_match
0000000100004430 T _ggml_threadpool_pause
0000000100004470 T _ggml_threadpool_resume
00000001000a57d4 T _ggml_time_init
00000001000a57d8 T _ggml_time_ms
00000001000a5824 T _ggml_time_us
00000001000af614 T _ggml_timestep_embedding
00000001000afa38 T _ggml_top_k
00000001000ac714 T _ggml_transpose
00000001000af6a8 T _ggml_tri
00000001000a9d10 T _ggml_trunc
00000001000a9d90 T _ggml_trunc_inplace
00000001000a5b58 T _ggml_type_name
00000001000a5a58 T _ggml_type_size
00000001000a5b30 T _ggml_type_sizef
00000001000a7b74 T _ggml_unary
00000001000a7cb0 T _ggml_unary_inplace
00000001000a5ba8 T _ggml_unary_op_name
00000001000a6d0c T _ggml_unravel_index
00000001000aedfc T _ggml_upscale
00000001000aeec8 T _ggml_upscale_ext
00000001000a65cc T _ggml_used_mem
00000001000fb3b0 T _ggml_validate_row_data
00000001000592e0 T _ggml_vec_cvar_f32
000000010005887c T _ggml_vec_dot_bf16
0000000100058a4c T _ggml_vec_dot_f16
0000000100058690 T _ggml_vec_dot_f32
000000010009c228 T _ggml_vec_dot_iq1_m_q8_K
00000001000367cc T _ggml_vec_dot_iq1_m_q8_K_generic
000000010009c02c T _ggml_vec_dot_iq1_s_q8_K
0000000100036670 T _ggml_vec_dot_iq1_s_q8_K_generic
000000010009b954 T _ggml_vec_dot_iq2_s_q8_K
00000001000355dc T _ggml_vec_dot_iq2_s_q8_K_generic
000000010009b758 T _ggml_vec_dot_iq2_xs_q8_K
0000000100035200 T _ggml_vec_dot_iq2_xs_q8_K_generic
000000010009b5b0 T _ggml_vec_dot_iq2_xxs_q8_K
0000000100034e78 T _ggml_vec_dot_iq2_xxs_q8_K_generic
000000010009bd7c T _ggml_vec_dot_iq3_s_q8_K
0000000100035db0 T _ggml_vec_dot_iq3_s_q8_K_generic
000000010009bb7c T _ggml_vec_dot_iq3_xxs_q8_K
0000000100035980 T _ggml_vec_dot_iq3_xxs_q8_K_generic
000000010009c498 T _ggml_vec_dot_iq4_nl_q8_0
0000000100036ab4 T _ggml_vec_dot_iq4_nl_q8_0_generic
000000010009c830 T _ggml_vec_dot_iq4_xs_q8_K
0000000100036d4c T _ggml_vec_dot_iq4_xs_q8_K_generic
00000001000989f0 T _ggml_vec_dot_mxfp4_q8_0
0000000100031fa0 T _ggml_vec_dot_mxfp4_q8_0_generic
0000000100098dcc T _ggml_vec_dot_nvfp4_q8_0
0000000100032250 T _ggml_vec_dot_nvfp4_q8_0_generic
0000000100098088 T _ggml_vec_dot_q1_0_q8_0
0000000100031080 T _ggml_vec_dot_q1_0_q8_0_generic
0000000100098274 T _ggml_vec_dot_q2_0_q8_0
0000000100031a88 T _ggml_vec_dot_q2_0_q8_0_generic
0000000100099b34 T _ggml_vec_dot_q2_K_q8_K
00000001000333d8 T _ggml_vec_dot_q2_K_q8_K_generic
0000000100099dd8 T _ggml_vec_dot_q3_K_q8_K
0000000100033d4c T _ggml_vec_dot_q3_K_q8_K_generic
000000010009836c T _ggml_vec_dot_q4_0_q8_0
0000000100031e2c T _ggml_vec_dot_q4_0_q8_0_generic
000000010009868c T _ggml_vec_dot_q4_1_q8_1
0000000100031ee4 T _ggml_vec_dot_q4_1_q8_1_generic
000000010009a1ac T _ggml_vec_dot_q4_K_q8_K
0000000100034028 T _ggml_vec_dot_q4_K_q8_K_generic
0000000100098ec8 T _ggml_vec_dot_q5_0_q8_0
0000000100032458 T _ggml_vec_dot_q5_0_q8_0_generic
0000000100099230 T _ggml_vec_dot_q5_1_q8_1
0000000100032664 T _ggml_vec_dot_q5_1_q8_1_generic
000000010009aac4 T _ggml_vec_dot_q5_K_q8_K
00000001000345b4 T _ggml_vec_dot_q5_K_q8_K_generic
000000010009adac T _ggml_vec_dot_q6_K_q8_K
0000000100034be0 T _ggml_vec_dot_q6_K_q8_K_generic
0000000100099584 T _ggml_vec_dot_q8_0_q8_0
0000000100032824 T _ggml_vec_dot_q8_0_q8_0_generic
00000001000997b0 T _ggml_vec_dot_tq1_0_q8_K
0000000100032888 T _ggml_vec_dot_tq1_0_q8_K_generic
00000001000999e0 T _ggml_vec_dot_tq2_0_q8_K
0000000100032e74 T _ggml_vec_dot_tq2_0_q8_K_generic
0000000100059b1c T _ggml_vec_log_soft_max_f32
0000000100058d48 T _ggml_vec_silu_f32
0000000100059508 T _ggml_vec_soft_max_f32
0000000100058ff8 T _ggml_vec_swiglu_f32
00000001000a57bc T _ggml_version
00000001000ac2bc T _ggml_view_1d
00000001000ac32c T _ggml_view_2d
00000001000ac3e0 T _ggml_view_3d
00000001000ac4a8 T _ggml_view_4d
00000001000a6de0 T _ggml_view_tensor
00000001000b030c T _ggml_win_part
00000001000b0410 T _ggml_win_unpart
00000001000a961c T _ggml_xielu
00000001000eebfc T _iq2xs_free_impl
00000001000ede98 T _iq2xs_init_impl
00000001000f2aa4 T _iq3xs_free_impl
00000001000f1fcc T _iq3xs_init_impl
                 U _ldexpf
                 U _log2
                 U _log2f
                 U _logf
                 U _lstat
                 U _mach_task_self_
00000001000007c8 T _main
                 U _malloc
                 U _memcmp
                 U _memcpy
                 U _memmove
                 U _memset
                 U _memset_pattern16
                 U _open
                 U _powf
                 U _pread
                 U _printf
                 U _pthread_cond_broadcast
                 U _pthread_cond_destroy
                 U _pthread_cond_init
                 U _pthread_cond_wait
                 U _pthread_create
                 U _pthread_join
                 U _pthread_mutex_destroy
                 U _pthread_mutex_init
                 U _pthread_mutex_lock
                 U _pthread_mutex_unlock
                 U _pthread_self
                 U _pthread_setschedparam
                 U _putchar
                 U _puts
                 U _qsort
00000001000f7484 T _quantize_iq1_m
00000001000f5c7c T _quantize_iq1_s
00000001000f9d28 T _quantize_iq2_s
00000001000f0690 T _quantize_iq2_xs
00000001000eecf4 T _quantize_iq2_xxs
00000001000f42f4 T _quantize_iq3_s
00000001000f2b34 T _quantize_iq3_xxs
00000001000f8968 T _quantize_iq4_nl
00000001000f9a7c T _quantize_iq4_xs
00000001000e9070 T _quantize_mxfp4
00000001000e90a8 T _quantize_nvfp4
00000001000e40c8 T _quantize_q1_0
00000001000e44b0 T _quantize_q2_0
00000001000d7eac T _quantize_q2_K
00000001000da0d8 T _quantize_q3_K
00000001000e47b8 T _quantize_q4_0
00000001000e5600 T _quantize_q4_1
00000001000dd224 T _quantize_q4_K
00000001000e6920 T _quantize_q5_0
00000001000e79a8 T _quantize_q5_1
00000001000e0764 T _quantize_q5_K
00000001000e35e0 T _quantize_q6_K
00000001000e9014 T _quantize_q8_0
00000001000fb3a0 T _quantize_row_iq2_s_ref
00000001000f5c6c T _quantize_row_iq3_s_ref
00000001000f42ec T _quantize_row_iq3_xxs_ref
00000001000372b0 T _quantize_row_iq4_nl
00000001000f999c T _quantize_row_iq4_nl_ref
00000001000372b4 T _quantize_row_iq4_xs
00000001000f9c48 T _quantize_row_iq4_xs_ref
0000000100031058 T _quantize_row_mxfp4
00000001000d4568 T _quantize_row_mxfp4_ref
000000010003105c T _quantize_row_nvfp4
00000001000d4e08 T _quantize_row_nvfp4_ref
0000000100031038 T _quantize_row_q1_0
00000001000d2a28 T _quantize_row_q1_0_ref
000000010003103c T _quantize_row_q2_0
00000001000d2bd4 T _quantize_row_q2_0_ref
0000000100031060 T _quantize_row_q2_K
00000001000d6da0 T _quantize_row_q2_K_ref
0000000100031064 T _quantize_row_q3_K
00000001000d8e84 T _quantize_row_q3_K_ref
0000000100031040 T _quantize_row_q4_0
00000001000d2d10 T _quantize_row_q4_0_ref
0000000100031044 T _quantize_row_q4_1
00000001000d30c0 T _quantize_row_q4_1_ref
0000000100031068 T _quantize_row_q4_K
00000001000db500 T _quantize_row_q4_K_ref
0000000100031048 T _quantize_row_q5_0
00000001000d34ec T _quantize_row_q5_0_ref
000000010003104c T _quantize_row_q5_1
00000001000d39a0 T _quantize_row_q5_1_ref
000000010003106c T _quantize_row_q5_K
00000001000dea80 T _quantize_row_q5_K_ref
0000000100031070 T _quantize_row_q6_K
00000001000e2174 T _quantize_row_q6_K_ref
0000000100097c94 T _quantize_row_q8_0
0000000100031050 T _quantize_row_q8_0_generic
00000001000d3ec8 T _quantize_row_q8_0_ref
0000000100097e4c T _quantize_row_q8_1
0000000100031054 T _quantize_row_q8_1_generic
00000001000d41dc T _quantize_row_q8_1_ref
0000000100098084 T _quantize_row_q8_K
000000010003107c T _quantize_row_q8_K_generic
00000001000ecf88 T _quantize_row_q8_K_ref
0000000100031074 T _quantize_row_tq1_0
00000001000e90e0 T _quantize_row_tq1_0_ref
0000000100031078 T _quantize_row_tq2_0
00000001000e947c T _quantize_row_tq2_0_ref
00000001000e9650 T _quantize_tq1_0
00000001000e96ac T _quantize_tq2_0
                 U _realloc
                 U _realpath$DARWIN_EXTSN
                 U _setrlimit
                 U _sinf
                 U _snprintf
                 U _strcmp
                 U _strerror
                 U _strlen
                 U _sysconf
                 U _sysctlbyname
                 U _tanhf
                 U _vDSP_maxv
                 U _vDSP_measqv
                 U _vDSP_sve
                 U _vDSP_vadd
                 U _vDSP_vdiv
                 U _vDSP_vmul
                 U _vDSP_vsadd
                 U _vDSP_vsmsa
                 U _vDSP_vsmul
                 U _vDSP_vsub
                 U _vm_allocate
                 U _vm_deallocate
                 U _vsnprintf
                 U _waitpid
