                 U __Unwind_Resume
                 U __ZNSt13runtime_errorC1EPKc
                 U __ZNSt13runtime_errorD1Ev
                 U __ZNSt3__115__thread_structC1Ev
                 U __ZNSt3__115__thread_structD1Ev
                 U __ZNSt3__119__thread_local_dataEv
                 U __ZNSt3__120__throw_system_errorEiPKc
                 U __ZNSt3__16thread4joinEv
                 U __ZNSt3__16threadD1Ev
                 U __ZSt9terminatev
                 U __ZTISt13runtime_error
                 U __ZTVN10__cxxabiv117__class_type_infoE
                 U __ZdlPv
                 U __Znwm
                 U ___cxa_allocate_exception
                 U ___cxa_begin_catch
                 U ___cxa_end_catch
                 U ___cxa_free_exception
                 U ___cxa_throw
                 U ___gxx_personality_v0
                 U ___stack_chk_fail
                 U ___stack_chk_guard
0000000100000000 T __mh_execute_header
0000000100000620 T _main
                 U _printf
                 U _pthread_create
                 U _pthread_setspecific
                 U _sched_yield
